                                 Started job on |	Feb 14 09:21:07
                             Started mapping on |	Feb 14 09:21:07
                                    Finished on |	Feb 14 09:21:13
       Mapping speed, Million of reads per hour |	5.49

                          Number of input reads |	9149
                      Average input read length |	227
                                    UNIQUE READS:
                   Uniquely mapped reads number |	3398
                        Uniquely mapped reads % |	37.14%
                          Average mapped length |	218.15
                       Number of splices: Total |	302
            Number of splices: Annotated (sjdb) |	282
                       Number of splices: GT/AG |	298
                       Number of splices: GC/AG |	4
                       Number of splices: AT/AC |	0
               Number of splices: Non-canonical |	0
                      Mismatch rate per base, % |	1.59%
                         Deletion rate per base |	0.08%
                        Deletion average length |	1.83
                        Insertion rate per base |	0.04%
                       Insertion average length |	1.91
                             MULTI-MAPPING READS:
        Number of reads mapped to multiple loci |	89
             % of reads mapped to multiple loci |	0.97%
        Number of reads mapped to too many loci |	0
             % of reads mapped to too many loci |	0.00%
                                  UNMAPPED READS:
  Number of reads unmapped: too many mismatches |	18
       % of reads unmapped: too many mismatches |	0.20%
            Number of reads unmapped: too short |	5641
                 % of reads unmapped: too short |	61.66%
                Number of reads unmapped: other |	3
                     % of reads unmapped: other |	0.03%
                                  CHIMERIC READS:
                       Number of chimeric reads |	0
                            % of chimeric reads |	0.00%
