                                 Started job on |	Feb 14 09:41:14
                             Started mapping on |	Feb 14 09:41:14
                                    Finished on |	Feb 14 10:10:47
       Mapping speed, Million of reads per hour |	45.40

                          Number of input reads |	22357162
                      Average input read length |	220
                                    UNIQUE READS:
                   Uniquely mapped reads number |	12680779
                        Uniquely mapped reads % |	56.72%
                          Average mapped length |	219.89
                       Number of splices: Total |	1096870
            Number of splices: Annotated (sjdb) |	1009590
                       Number of splices: GT/AG |	1079488
                       Number of splices: GC/AG |	14091
                       Number of splices: AT/AC |	2140
               Number of splices: Non-canonical |	1151
                      Mismatch rate per base, % |	1.54%
                         Deletion rate per base |	0.09%
                        Deletion average length |	1.76
                        Insertion rate per base |	0.04%
                       Insertion average length |	2.06
                             MULTI-MAPPING READS:
        Number of reads mapped to multiple loci |	253995
             % of reads mapped to multiple loci |	1.14%
        Number of reads mapped to too many loci |	5684
             % of reads mapped to too many loci |	0.03%
                                  UNMAPPED READS:
  Number of reads unmapped: too many mismatches |	35100
       % of reads unmapped: too many mismatches |	0.16%
            Number of reads unmapped: too short |	9372612
                 % of reads unmapped: too short |	41.92%
                Number of reads unmapped: other |	8992
                     % of reads unmapped: other |	0.04%
                                  CHIMERIC READS:
                       Number of chimeric reads |	0
                            % of chimeric reads |	0.00%
