                                 Started job on |	Feb 14 09:44:00
                             Started mapping on |	Feb 14 09:44:00
                                    Finished on |	Feb 14 10:17:43
       Mapping speed, Million of reads per hour |	44.00

                          Number of input reads |	24724355
                      Average input read length |	223
                                    UNIQUE READS:
                   Uniquely mapped reads number |	13554384
                        Uniquely mapped reads % |	54.82%
                          Average mapped length |	220.02
                       Number of splices: Total |	1577678
            Number of splices: Annotated (sjdb) |	1470550
                       Number of splices: GT/AG |	1552954
                       Number of splices: GC/AG |	20562
                       Number of splices: AT/AC |	2378
               Number of splices: Non-canonical |	1784
                      Mismatch rate per base, % |	1.57%
                         Deletion rate per base |	0.06%
                        Deletion average length |	1.84
                        Insertion rate per base |	0.04%
                       Insertion average length |	2.06
                             MULTI-MAPPING READS:
        Number of reads mapped to multiple loci |	344778
             % of reads mapped to multiple loci |	1.39%
        Number of reads mapped to too many loci |	17395
             % of reads mapped to too many loci |	0.07%
                                  UNMAPPED READS:
  Number of reads unmapped: too many mismatches |	37540
       % of reads unmapped: too many mismatches |	0.15%
            Number of reads unmapped: too short |	10752928
                 % of reads unmapped: too short |	43.49%
                Number of reads unmapped: other |	17330
                     % of reads unmapped: other |	0.07%
                                  CHIMERIC READS:
                       Number of chimeric reads |	0
                            % of chimeric reads |	0.00%
