                                 Started job on |	Feb 14 09:21:07
                             Started mapping on |	Feb 14 09:21:08
                                    Finished on |	Feb 14 09:21:45
       Mapping speed, Million of reads per hour |	49.74

                          Number of input reads |	511204
                      Average input read length |	195
                                    UNIQUE READS:
                   Uniquely mapped reads number |	198520
                        Uniquely mapped reads % |	38.83%
                          Average mapped length |	190.32
                       Number of splices: Total |	9888
            Number of splices: Annotated (sjdb) |	8798
                       Number of splices: GT/AG |	9647
                       Number of splices: GC/AG |	121
                       Number of splices: AT/AC |	91
               Number of splices: Non-canonical |	29
                      Mismatch rate per base, % |	1.58%
                         Deletion rate per base |	0.05%
                        Deletion average length |	2.00
                        Insertion rate per base |	0.03%
                       Insertion average length |	2.00
                             MULTI-MAPPING READS:
        Number of reads mapped to multiple loci |	4056
             % of reads mapped to multiple loci |	0.79%
        Number of reads mapped to too many loci |	146
             % of reads mapped to too many loci |	0.03%
                                  UNMAPPED READS:
  Number of reads unmapped: too many mismatches |	1061
       % of reads unmapped: too many mismatches |	0.21%
            Number of reads unmapped: too short |	307308
                 % of reads unmapped: too short |	60.11%
                Number of reads unmapped: other |	113
                     % of reads unmapped: other |	0.02%
                                  CHIMERIC READS:
                       Number of chimeric reads |	0
                            % of chimeric reads |	0.00%
