                                 Started job on |	Feb 14 09:25:54
                             Started mapping on |	Feb 14 09:25:54
                                    Finished on |	Feb 14 09:56:29
       Mapping speed, Million of reads per hour |	42.30

                          Number of input reads |	21562720
                      Average input read length |	232
                                    UNIQUE READS:
                   Uniquely mapped reads number |	12456701
                        Uniquely mapped reads % |	57.77%
                          Average mapped length |	226.22
                       Number of splices: Total |	1052030
            Number of splices: Annotated (sjdb) |	931147
                       Number of splices: GT/AG |	1035050
                       Number of splices: GC/AG |	14190
                       Number of splices: AT/AC |	1462
               Number of splices: Non-canonical |	1328
                      Mismatch rate per base, % |	1.50%
                         Deletion rate per base |	0.07%
                        Deletion average length |	2.09
                        Insertion rate per base |	0.04%
                       Insertion average length |	2.08
                             MULTI-MAPPING READS:
        Number of reads mapped to multiple loci |	278847
             % of reads mapped to multiple loci |	1.29%
        Number of reads mapped to too many loci |	6267
             % of reads mapped to too many loci |	0.03%
                                  UNMAPPED READS:
  Number of reads unmapped: too many mismatches |	21172
       % of reads unmapped: too many mismatches |	0.10%
            Number of reads unmapped: too short |	8796697
                 % of reads unmapped: too short |	40.80%
                Number of reads unmapped: other |	3036
                     % of reads unmapped: other |	0.01%
                                  CHIMERIC READS:
                       Number of chimeric reads |	0
                            % of chimeric reads |	0.00%
