                                 Started job on |	Feb 14 09:21:07
                             Started mapping on |	Feb 14 09:21:08
                                    Finished on |	Feb 14 09:22:00
       Mapping speed, Million of reads per hour |	35.94

                          Number of input reads |	519069
                      Average input read length |	196
                                    UNIQUE READS:
                   Uniquely mapped reads number |	108815
                        Uniquely mapped reads % |	20.96%
                          Average mapped length |	185.46
                       Number of splices: Total |	9934
            Number of splices: Annotated (sjdb) |	9055
                       Number of splices: GT/AG |	9708
                       Number of splices: GC/AG |	176
                       Number of splices: AT/AC |	47
               Number of splices: Non-canonical |	3
                      Mismatch rate per base, % |	1.65%
                         Deletion rate per base |	0.07%
                        Deletion average length |	2.52
                        Insertion rate per base |	0.03%
                       Insertion average length |	1.97
                             MULTI-MAPPING READS:
        Number of reads mapped to multiple loci |	2647
             % of reads mapped to multiple loci |	0.51%
        Number of reads mapped to too many loci |	92
             % of reads mapped to too many loci |	0.02%
                                  UNMAPPED READS:
  Number of reads unmapped: too many mismatches |	2471
       % of reads unmapped: too many mismatches |	0.48%
            Number of reads unmapped: too short |	404934
                 % of reads unmapped: too short |	78.01%
                Number of reads unmapped: other |	110
                     % of reads unmapped: other |	0.02%
                                  CHIMERIC READS:
                       Number of chimeric reads |	0
                            % of chimeric reads |	0.00%
