                                 Started job on |	Feb 14 09:23:49
                             Started mapping on |	Feb 14 09:23:50
                                    Finished on |	Feb 14 09:43:58
       Mapping speed, Million of reads per hour |	56.45

                          Number of input reads |	18942617
                      Average input read length |	180
                                    UNIQUE READS:
                   Uniquely mapped reads number |	7147709
                        Uniquely mapped reads % |	37.73%
                          Average mapped length |	174.74
                       Number of splices: Total |	215932
            Number of splices: Annotated (sjdb) |	188439
                       Number of splices: GT/AG |	204999
                       Number of splices: GC/AG |	8882
                       Number of splices: AT/AC |	1584
               Number of splices: Non-canonical |	467
                      Mismatch rate per base, % |	1.65%
                         Deletion rate per base |	0.05%
                        Deletion average length |	1.83
                        Insertion rate per base |	0.03%
                       Insertion average length |	1.76
                             MULTI-MAPPING READS:
        Number of reads mapped to multiple loci |	121723
             % of reads mapped to multiple loci |	0.64%
        Number of reads mapped to too many loci |	4757
             % of reads mapped to too many loci |	0.03%
                                  UNMAPPED READS:
  Number of reads unmapped: too many mismatches |	45852
       % of reads unmapped: too many mismatches |	0.24%
            Number of reads unmapped: too short |	11618636
                 % of reads unmapped: too short |	61.34%
                Number of reads unmapped: other |	3940
                     % of reads unmapped: other |	0.02%
                                  CHIMERIC READS:
                       Number of chimeric reads |	0
                            % of chimeric reads |	0.00%
