                                 Started job on |	Feb 14 09:21:07
                             Started mapping on |	Feb 14 09:21:07
                                    Finished on |	Feb 14 09:29:26
       Mapping speed, Million of reads per hour |	45.73

                          Number of input reads |	6338244
                      Average input read length |	203
                                    UNIQUE READS:
                   Uniquely mapped reads number |	2086722
                        Uniquely mapped reads % |	32.92%
                          Average mapped length |	191.77
                       Number of splices: Total |	219109
            Number of splices: Annotated (sjdb) |	207268
                       Number of splices: GT/AG |	215591
                       Number of splices: GC/AG |	2571
                       Number of splices: AT/AC |	787
               Number of splices: Non-canonical |	160
                      Mismatch rate per base, % |	1.66%
                         Deletion rate per base |	0.07%
                        Deletion average length |	1.76
                        Insertion rate per base |	0.03%
                       Insertion average length |	2.06
                             MULTI-MAPPING READS:
        Number of reads mapped to multiple loci |	44300
             % of reads mapped to multiple loci |	0.70%
        Number of reads mapped to too many loci |	1888
             % of reads mapped to too many loci |	0.03%
                                  UNMAPPED READS:
  Number of reads unmapped: too many mismatches |	18003
       % of reads unmapped: too many mismatches |	0.28%
            Number of reads unmapped: too short |	4185114
                 % of reads unmapped: too short |	66.03%
                Number of reads unmapped: other |	2217
                     % of reads unmapped: other |	0.03%
                                  CHIMERIC READS:
                       Number of chimeric reads |	0
                            % of chimeric reads |	0.00%
