                                 Started job on |	Feb 14 09:21:07
                             Started mapping on |	Feb 14 09:21:07
                                    Finished on |	Feb 14 09:21:14
       Mapping speed, Million of reads per hour |	9.42

                          Number of input reads |	18322
                      Average input read length |	231
                                    UNIQUE READS:
                   Uniquely mapped reads number |	8945
                        Uniquely mapped reads % |	48.82%
                          Average mapped length |	224.91
                       Number of splices: Total |	804
            Number of splices: Annotated (sjdb) |	703
                       Number of splices: GT/AG |	796
                       Number of splices: GC/AG |	6
                       Number of splices: AT/AC |	0
               Number of splices: Non-canonical |	2
                      Mismatch rate per base, % |	1.56%
                         Deletion rate per base |	0.08%
                        Deletion average length |	1.81
                        Insertion rate per base |	0.03%
                       Insertion average length |	1.94
                             MULTI-MAPPING READS:
        Number of reads mapped to multiple loci |	194
             % of reads mapped to multiple loci |	1.06%
        Number of reads mapped to too many loci |	3
             % of reads mapped to too many loci |	0.02%
                                  UNMAPPED READS:
  Number of reads unmapped: too many mismatches |	29
       % of reads unmapped: too many mismatches |	0.16%
            Number of reads unmapped: too short |	9149
                 % of reads unmapped: too short |	49.93%
                Number of reads unmapped: other |	2
                     % of reads unmapped: other |	0.01%
                                  CHIMERIC READS:
                       Number of chimeric reads |	0
                            % of chimeric reads |	0.00%
