                                 Started job on |	Feb 14 09:48:23
                             Started mapping on |	Feb 14 09:48:23
                                    Finished on |	Feb 14 10:19:06
       Mapping speed, Million of reads per hour |	44.19

                          Number of input reads |	22622033
                      Average input read length |	232
                                    UNIQUE READS:
                   Uniquely mapped reads number |	14140051
                        Uniquely mapped reads % |	62.51%
                          Average mapped length |	231.74
                       Number of splices: Total |	1414063
            Number of splices: Annotated (sjdb) |	1233011
                       Number of splices: GT/AG |	1391110
                       Number of splices: GC/AG |	19003
                       Number of splices: AT/AC |	1446
               Number of splices: Non-canonical |	2504
                      Mismatch rate per base, % |	1.47%
                         Deletion rate per base |	0.07%
                        Deletion average length |	2.25
                        Insertion rate per base |	0.05%
                       Insertion average length |	2.40
                             MULTI-MAPPING READS:
        Number of reads mapped to multiple loci |	346061
             % of reads mapped to multiple loci |	1.53%
        Number of reads mapped to too many loci |	10179
             % of reads mapped to too many loci |	0.04%
                                  UNMAPPED READS:
  Number of reads unmapped: too many mismatches |	21661
       % of reads unmapped: too many mismatches |	0.10%
            Number of reads unmapped: too short |	8076510
                 % of reads unmapped: too short |	35.70%
                Number of reads unmapped: other |	27571
                     % of reads unmapped: other |	0.12%
                                  CHIMERIC READS:
                       Number of chimeric reads |	0
                            % of chimeric reads |	0.00%
