                                 Started job on |	Feb 14 09:22:01
                             Started mapping on |	Feb 14 09:22:01
                                    Finished on |	Feb 14 09:48:19
       Mapping speed, Million of reads per hour |	46.58

                          Number of input reads |	20418832
                      Average input read length |	217
                                    UNIQUE READS:
                   Uniquely mapped reads number |	10202051
                        Uniquely mapped reads % |	49.96%
                          Average mapped length |	213.55
                       Number of splices: Total |	908590
            Number of splices: Annotated (sjdb) |	823011
                       Number of splices: GT/AG |	894289
                       Number of splices: GC/AG |	12802
                       Number of splices: AT/AC |	391
               Number of splices: Non-canonical |	1108
                      Mismatch rate per base, % |	1.52%
                         Deletion rate per base |	0.08%
                        Deletion average length |	2.15
                        Insertion rate per base |	0.03%
                       Insertion average length |	1.85
                             MULTI-MAPPING READS:
        Number of reads mapped to multiple loci |	191492
             % of reads mapped to multiple loci |	0.94%
        Number of reads mapped to too many loci |	7536
             % of reads mapped to too many loci |	0.04%
                                  UNMAPPED READS:
  Number of reads unmapped: too many mismatches |	29603
       % of reads unmapped: too many mismatches |	0.14%
            Number of reads unmapped: too short |	9981426
                 % of reads unmapped: too short |	48.88%
                Number of reads unmapped: other |	6724
                     % of reads unmapped: other |	0.03%
                                  CHIMERIC READS:
                       Number of chimeric reads |	0
                            % of chimeric reads |	0.00%
