                                 Started job on |	Feb 14 09:21:45
                             Started mapping on |	Feb 14 09:21:45
                                    Finished on |	Feb 14 09:41:13
       Mapping speed, Million of reads per hour |	48.42

                          Number of input reads |	15710698
                      Average input read length |	215
                                    UNIQUE READS:
                   Uniquely mapped reads number |	8308125
                        Uniquely mapped reads % |	52.88%
                          Average mapped length |	218.84
                       Number of splices: Total |	1021938
            Number of splices: Annotated (sjdb) |	913141
                       Number of splices: GT/AG |	970705
                       Number of splices: GC/AG |	48049
                       Number of splices: AT/AC |	2228
               Number of splices: Non-canonical |	956
                      Mismatch rate per base, % |	1.50%
                         Deletion rate per base |	0.08%
                        Deletion average length |	1.53
                        Insertion rate per base |	0.04%
                       Insertion average length |	2.04
                             MULTI-MAPPING READS:
        Number of reads mapped to multiple loci |	173558
             % of reads mapped to multiple loci |	1.10%
        Number of reads mapped to too many loci |	4501
             % of reads mapped to too many loci |	0.03%
                                  UNMAPPED READS:
  Number of reads unmapped: too many mismatches |	24114
       % of reads unmapped: too many mismatches |	0.15%
            Number of reads unmapped: too short |	7195528
                 % of reads unmapped: too short |	45.80%
                Number of reads unmapped: other |	4872
                     % of reads unmapped: other |	0.03%
                                  CHIMERIC READS:
                       Number of chimeric reads |	0
                            % of chimeric reads |	0.00%
