                                 Started job on |	Feb 14 09:21:07
                             Started mapping on |	Feb 14 09:21:07
                                    Finished on |	Feb 14 09:21:09
       Mapping speed, Million of reads per hour |	3.09

                          Number of input reads |	1718
                      Average input read length |	252
                                    UNIQUE READS:
                   Uniquely mapped reads number |	311
                        Uniquely mapped reads % |	18.10%
                          Average mapped length |	222.59
                       Number of splices: Total |	29
            Number of splices: Annotated (sjdb) |	24
                       Number of splices: GT/AG |	28
                       Number of splices: GC/AG |	1
                       Number of splices: AT/AC |	0
               Number of splices: Non-canonical |	0
                      Mismatch rate per base, % |	1.48%
                         Deletion rate per base |	0.05%
                        Deletion average length |	1.74
                        Insertion rate per base |	0.03%
                       Insertion average length |	1.73
                             MULTI-MAPPING READS:
        Number of reads mapped to multiple loci |	6
             % of reads mapped to multiple loci |	0.35%
        Number of reads mapped to too many loci |	0
             % of reads mapped to too many loci |	0.00%
                                  UNMAPPED READS:
  Number of reads unmapped: too many mismatches |	0
       % of reads unmapped: too many mismatches |	0.00%
            Number of reads unmapped: too short |	1401
                 % of reads unmapped: too short |	81.55%
                Number of reads unmapped: other |	0
                     % of reads unmapped: other |	0.00%
                                  CHIMERIC READS:
                       Number of chimeric reads |	0
                            % of chimeric reads |	0.00%
