                                 Started job on |	Feb 14 10:29:57
                             Started mapping on |	Feb 14 10:29:57
                                    Finished on |	Feb 14 11:07:51
       Mapping speed, Million of reads per hour |	42.01

                          Number of input reads |	26537916
                      Average input read length |	233
                                    UNIQUE READS:
                   Uniquely mapped reads number |	15479679
                        Uniquely mapped reads % |	58.33%
                          Average mapped length |	227.17
                       Number of splices: Total |	1468169
            Number of splices: Annotated (sjdb) |	1341881
                       Number of splices: GT/AG |	1444026
                       Number of splices: GC/AG |	21762
                       Number of splices: AT/AC |	991
               Number of splices: Non-canonical |	1390
                      Mismatch rate per base, % |	1.56%
                         Deletion rate per base |	0.09%
                        Deletion average length |	1.74
                        Insertion rate per base |	0.05%
                       Insertion average length |	2.05
                             MULTI-MAPPING READS:
        Number of reads mapped to multiple loci |	346778
             % of reads mapped to multiple loci |	1.31%
        Number of reads mapped to too many loci |	9942
             % of reads mapped to too many loci |	0.04%
                                  UNMAPPED READS:
  Number of reads unmapped: too many mismatches |	31732
       % of reads unmapped: too many mismatches |	0.12%
            Number of reads unmapped: too short |	10658517
                 % of reads unmapped: too short |	40.16%
                Number of reads unmapped: other |	11268
                     % of reads unmapped: other |	0.04%
                                  CHIMERIC READS:
                       Number of chimeric reads |	0
                            % of chimeric reads |	0.00%
