                                 Started job on |	Feb 14 10:36:47
                             Started mapping on |	Feb 14 10:36:47
                                    Finished on |	Feb 14 11:09:25
       Mapping speed, Million of reads per hour |	43.49

                          Number of input reads |	23654783
                      Average input read length |	218
                                    UNIQUE READS:
                   Uniquely mapped reads number |	10341139
                        Uniquely mapped reads % |	43.72%
                          Average mapped length |	210.98
                       Number of splices: Total |	772299
            Number of splices: Annotated (sjdb) |	713012
                       Number of splices: GT/AG |	758692
                       Number of splices: GC/AG |	9742
                       Number of splices: AT/AC |	2746
               Number of splices: Non-canonical |	1119
                      Mismatch rate per base, % |	1.58%
                         Deletion rate per base |	0.07%
                        Deletion average length |	1.78
                        Insertion rate per base |	0.03%
                       Insertion average length |	1.96
                             MULTI-MAPPING READS:
        Number of reads mapped to multiple loci |	214463
             % of reads mapped to multiple loci |	0.91%
        Number of reads mapped to too many loci |	12248
             % of reads mapped to too many loci |	0.05%
                                  UNMAPPED READS:
  Number of reads unmapped: too many mismatches |	42994
       % of reads unmapped: too many mismatches |	0.18%
            Number of reads unmapped: too short |	13035623
                 % of reads unmapped: too short |	55.11%
                Number of reads unmapped: other |	8316
                     % of reads unmapped: other |	0.04%
                                  CHIMERIC READS:
                       Number of chimeric reads |	0
                            % of chimeric reads |	0.00%
