                                 Started job on |	Feb 14 10:43:12
                             Started mapping on |	Feb 14 10:43:12
                                    Finished on |	Feb 14 11:21:49
       Mapping speed, Million of reads per hour |	44.35

                          Number of input reads |	28547002
                      Average input read length |	230
                                    UNIQUE READS:
                   Uniquely mapped reads number |	17034006
                        Uniquely mapped reads % |	59.67%
                          Average mapped length |	222.90
                       Number of splices: Total |	236205
            Number of splices: Annotated (sjdb) |	172327
                       Number of splices: GT/AG |	231760
                       Number of splices: GC/AG |	2153
                       Number of splices: AT/AC |	939
               Number of splices: Non-canonical |	1353
                      Mismatch rate per base, % |	1.48%
                         Deletion rate per base |	0.08%
                        Deletion average length |	2.28
                        Insertion rate per base |	0.05%
                       Insertion average length |	1.79
                             MULTI-MAPPING READS:
        Number of reads mapped to multiple loci |	331516
             % of reads mapped to multiple loci |	1.16%
        Number of reads mapped to too many loci |	3414
             % of reads mapped to too many loci |	0.01%
                                  UNMAPPED READS:
  Number of reads unmapped: too many mismatches |	19409
       % of reads unmapped: too many mismatches |	0.07%
            Number of reads unmapped: too short |	11158103
                 % of reads unmapped: too short |	39.09%
                Number of reads unmapped: other |	554
                     % of reads unmapped: other |	0.00%
                                  CHIMERIC READS:
                       Number of chimeric reads |	0
                            % of chimeric reads |	0.00%
