                                 Started job on |	Feb 14 10:15:00
                             Started mapping on |	Feb 14 10:15:01
                                    Finished on |	Feb 14 10:29:56
       Mapping speed, Million of reads per hour |	51.69

                          Number of input reads |	12851833
                      Average input read length |	194
                                    UNIQUE READS:
                   Uniquely mapped reads number |	5790221
                        Uniquely mapped reads % |	45.05%
                          Average mapped length |	190.91
                       Number of splices: Total |	364472
            Number of splices: Annotated (sjdb) |	328904
                       Number of splices: GT/AG |	356738
                       Number of splices: GC/AG |	4262
                       Number of splices: AT/AC |	2262
               Number of splices: Non-canonical |	1210
                      Mismatch rate per base, % |	1.76%
                         Deletion rate per base |	0.07%
                        Deletion average length |	2.11
                        Insertion rate per base |	0.03%
                       Insertion average length |	1.94
                             MULTI-MAPPING READS:
        Number of reads mapped to multiple loci |	114306
             % of reads mapped to multiple loci |	0.89%
        Number of reads mapped to too many loci |	5458
             % of reads mapped to too many loci |	0.04%
                                  UNMAPPED READS:
  Number of reads unmapped: too many mismatches |	35705
       % of reads unmapped: too many mismatches |	0.28%
            Number of reads unmapped: too short |	6901770
                 % of reads unmapped: too short |	53.70%
                Number of reads unmapped: other |	4373
                     % of reads unmapped: other |	0.03%
                                  CHIMERIC READS:
                       Number of chimeric reads |	0
                            % of chimeric reads |	0.00%
