                                 Started job on |	Feb 14 10:46:09
                             Started mapping on |	Feb 14 10:46:09
                                    Finished on |	Feb 14 11:15:33
       Mapping speed, Million of reads per hour |	51.15

                          Number of input reads |	25064686
                      Average input read length |	209
                                    UNIQUE READS:
                   Uniquely mapped reads number |	12295905
                        Uniquely mapped reads % |	49.06%
                          Average mapped length |	204.46
                       Number of splices: Total |	574693
            Number of splices: Annotated (sjdb) |	526034
                       Number of splices: GT/AG |	563286
                       Number of splices: GC/AG |	5871
                       Number of splices: AT/AC |	3978
               Number of splices: Non-canonical |	1558
                      Mismatch rate per base, % |	1.57%
                         Deletion rate per base |	0.09%
                        Deletion average length |	2.23
                        Insertion rate per base |	0.03%
                       Insertion average length |	1.82
                             MULTI-MAPPING READS:
        Number of reads mapped to multiple loci |	210562
             % of reads mapped to multiple loci |	0.84%
        Number of reads mapped to too many loci |	8220
             % of reads mapped to too many loci |	0.03%
                                  UNMAPPED READS:
  Number of reads unmapped: too many mismatches |	40632
       % of reads unmapped: too many mismatches |	0.16%
            Number of reads unmapped: too short |	12505386
                 % of reads unmapped: too short |	49.89%
                Number of reads unmapped: other |	3981
                     % of reads unmapped: other |	0.02%
                                  CHIMERIC READS:
                       Number of chimeric reads |	0
                            % of chimeric reads |	0.00%
