                                 Started job on |	Feb 14 10:09:49
                             Started mapping on |	Feb 14 10:09:49
                                    Finished on |	Feb 14 10:09:55
       Mapping speed, Million of reads per hour |	8.11

                          Number of input reads |	13524
                      Average input read length |	225
                                    UNIQUE READS:
                   Uniquely mapped reads number |	6742
                        Uniquely mapped reads % |	49.85%
                          Average mapped length |	222.52
                       Number of splices: Total |	352
            Number of splices: Annotated (sjdb) |	306
                       Number of splices: GT/AG |	344
                       Number of splices: GC/AG |	6
                       Number of splices: AT/AC |	1
               Number of splices: Non-canonical |	1
                      Mismatch rate per base, % |	1.58%
                         Deletion rate per base |	0.07%
                        Deletion average length |	2.26
                        Insertion rate per base |	0.05%
                       Insertion average length |	1.80
                             MULTI-MAPPING READS:
        Number of reads mapped to multiple loci |	131
             % of reads mapped to multiple loci |	0.97%
        Number of reads mapped to too many loci |	1
             % of reads mapped to too many loci |	0.01%
                                  UNMAPPED READS:
  Number of reads unmapped: too many mismatches |	6
       % of reads unmapped: too many mismatches |	0.04%
            Number of reads unmapped: too short |	6642
                 % of reads unmapped: too short |	49.11%
                Number of reads unmapped: other |	2
                     % of reads unmapped: other |	0.01%
                                  CHIMERIC READS:
                       Number of chimeric reads |	0
                            % of chimeric reads |	0.00%
