                                 Started job on |	Feb 14 10:30:43
                             Started mapping on |	Feb 14 10:30:43
                                    Finished on |	Feb 14 10:46:58
       Mapping speed, Million of reads per hour |	47.61

                          Number of input reads |	12894148
                      Average input read length |	204
                                    UNIQUE READS:
                   Uniquely mapped reads number |	5478183
                        Uniquely mapped reads % |	42.49%
                          Average mapped length |	196.37
                       Number of splices: Total |	426862
            Number of splices: Annotated (sjdb) |	392195
                       Number of splices: GT/AG |	418696
                       Number of splices: GC/AG |	4955
                       Number of splices: AT/AC |	1737
               Number of splices: Non-canonical |	1474
                      Mismatch rate per base, % |	1.67%
                         Deletion rate per base |	0.07%
                        Deletion average length |	2.02
                        Insertion rate per base |	0.03%
                       Insertion average length |	2.00
                             MULTI-MAPPING READS:
        Number of reads mapped to multiple loci |	119282
             % of reads mapped to multiple loci |	0.93%
        Number of reads mapped to too many loci |	5417
             % of reads mapped to too many loci |	0.04%
                                  UNMAPPED READS:
  Number of reads unmapped: too many mismatches |	30308
       % of reads unmapped: too many mismatches |	0.24%
            Number of reads unmapped: too short |	7257200
                 % of reads unmapped: too short |	56.28%
                Number of reads unmapped: other |	3758
                     % of reads unmapped: other |	0.03%
                                  CHIMERIC READS:
                       Number of chimeric reads |	0
                            % of chimeric reads |	0.00%
