                                 Started job on |	Feb 14 11:29:51
                             Started mapping on |	Feb 14 11:29:51
                                    Finished on |	Feb 14 12:28:53
       Mapping speed, Million of reads per hour |	42.58

                          Number of input reads |	41898604
                      Average input read length |	222
                                    UNIQUE READS:
                   Uniquely mapped reads number |	22242454
                        Uniquely mapped reads % |	53.09%
                          Average mapped length |	219.79
                       Number of splices: Total |	2747511
            Number of splices: Annotated (sjdb) |	2566688
                       Number of splices: GT/AG |	2703507
                       Number of splices: GC/AG |	37864
                       Number of splices: AT/AC |	3392
               Number of splices: Non-canonical |	2748
                      Mismatch rate per base, % |	1.59%
                         Deletion rate per base |	0.07%
                        Deletion average length |	2.08
                        Insertion rate per base |	0.04%
                       Insertion average length |	2.01
                             MULTI-MAPPING READS:
        Number of reads mapped to multiple loci |	703181
             % of reads mapped to multiple loci |	1.68%
        Number of reads mapped to too many loci |	47942
             % of reads mapped to too many loci |	0.11%
                                  UNMAPPED READS:
  Number of reads unmapped: too many mismatches |	62839
       % of reads unmapped: too many mismatches |	0.15%
            Number of reads unmapped: too short |	18770457
                 % of reads unmapped: too short |	44.80%
                Number of reads unmapped: other |	71731
                     % of reads unmapped: other |	0.17%
                                  CHIMERIC READS:
                       Number of chimeric reads |	0
                            % of chimeric reads |	0.00%
