                                 Started job on |	Feb 14 11:07:54
                             Started mapping on |	Feb 14 11:07:54
                                    Finished on |	Feb 14 11:32:30
       Mapping speed, Million of reads per hour |	54.64

                          Number of input reads |	22403317
                      Average input read length |	199
                                    UNIQUE READS:
                   Uniquely mapped reads number |	9950625
                        Uniquely mapped reads % |	44.42%
                          Average mapped length |	196.70
                       Number of splices: Total |	565261
            Number of splices: Annotated (sjdb) |	517807
                       Number of splices: GT/AG |	554368
                       Number of splices: GC/AG |	6378
                       Number of splices: AT/AC |	3277
               Number of splices: Non-canonical |	1238
                      Mismatch rate per base, % |	1.65%
                         Deletion rate per base |	0.06%
                        Deletion average length |	1.94
                        Insertion rate per base |	0.03%
                       Insertion average length |	1.93
                             MULTI-MAPPING READS:
        Number of reads mapped to multiple loci |	190778
             % of reads mapped to multiple loci |	0.85%
        Number of reads mapped to too many loci |	10116
             % of reads mapped to too many loci |	0.05%
                                  UNMAPPED READS:
  Number of reads unmapped: too many mismatches |	51723
       % of reads unmapped: too many mismatches |	0.23%
            Number of reads unmapped: too short |	12194842
                 % of reads unmapped: too short |	54.43%
                Number of reads unmapped: other |	5233
                     % of reads unmapped: other |	0.02%
                                  CHIMERIC READS:
                       Number of chimeric reads |	0
                            % of chimeric reads |	0.00%
