                                 Started job on |	Feb 14 10:56:53
                             Started mapping on |	Feb 14 10:56:53
                                    Finished on |	Feb 14 11:17:06
       Mapping speed, Million of reads per hour |	54.49

                          Number of input reads |	18359543
                      Average input read length |	192
                                    UNIQUE READS:
                   Uniquely mapped reads number |	7403635
                        Uniquely mapped reads % |	40.33%
                          Average mapped length |	190.95
                       Number of splices: Total |	566757
            Number of splices: Annotated (sjdb) |	520269
                       Number of splices: GT/AG |	558756
                       Number of splices: GC/AG |	6429
                       Number of splices: AT/AC |	239
               Number of splices: Non-canonical |	1333
                      Mismatch rate per base, % |	1.58%
                         Deletion rate per base |	0.07%
                        Deletion average length |	2.36
                        Insertion rate per base |	0.03%
                       Insertion average length |	1.86
                             MULTI-MAPPING READS:
        Number of reads mapped to multiple loci |	152315
             % of reads mapped to multiple loci |	0.83%
        Number of reads mapped to too many loci |	9430
             % of reads mapped to too many loci |	0.05%
                                  UNMAPPED READS:
  Number of reads unmapped: too many mismatches |	42110
       % of reads unmapped: too many mismatches |	0.23%
            Number of reads unmapped: too short |	10742234
                 % of reads unmapped: too short |	58.51%
                Number of reads unmapped: other |	9819
                     % of reads unmapped: other |	0.05%
                                  CHIMERIC READS:
                       Number of chimeric reads |	0
                            % of chimeric reads |	0.00%
