                                 Started job on |	Feb 14 10:12:07
                             Started mapping on |	Feb 14 10:12:07
                                    Finished on |	Feb 14 10:12:47
       Mapping speed, Million of reads per hour |	34.54

                          Number of input reads |	383750
                      Average input read length |	192
                                    UNIQUE READS:
                   Uniquely mapped reads number |	137745
                        Uniquely mapped reads % |	35.89%
                          Average mapped length |	186.35
                       Number of splices: Total |	6937
            Number of splices: Annotated (sjdb) |	6335
                       Number of splices: GT/AG |	6811
                       Number of splices: GC/AG |	77
                       Number of splices: AT/AC |	37
               Number of splices: Non-canonical |	12
                      Mismatch rate per base, % |	1.66%
                         Deletion rate per base |	0.07%
                        Deletion average length |	1.81
                        Insertion rate per base |	0.04%
                       Insertion average length |	1.97
                             MULTI-MAPPING READS:
        Number of reads mapped to multiple loci |	2491
             % of reads mapped to multiple loci |	0.65%
        Number of reads mapped to too many loci |	96
             % of reads mapped to too many loci |	0.03%
                                  UNMAPPED READS:
  Number of reads unmapped: too many mismatches |	1328
       % of reads unmapped: too many mismatches |	0.35%
            Number of reads unmapped: too short |	241989
                 % of reads unmapped: too short |	63.06%
                Number of reads unmapped: other |	101
                     % of reads unmapped: other |	0.03%
                                  CHIMERIC READS:
                       Number of chimeric reads |	0
                            % of chimeric reads |	0.00%
