                                 Started job on |	Feb 14 11:40:29
                             Started mapping on |	Feb 14 11:40:30
                                    Finished on |	Feb 14 12:39:05
       Mapping speed, Million of reads per hour |	36.38

                          Number of input reads |	35523874
                      Average input read length |	219
                                    UNIQUE READS:
                   Uniquely mapped reads number |	16579113
                        Uniquely mapped reads % |	46.67%
                          Average mapped length |	218.16
                       Number of splices: Total |	1466124
            Number of splices: Annotated (sjdb) |	1333463
                       Number of splices: GT/AG |	1439448
                       Number of splices: GC/AG |	23005
                       Number of splices: AT/AC |	1955
               Number of splices: Non-canonical |	1716
                      Mismatch rate per base, % |	1.54%
                         Deletion rate per base |	0.08%
                        Deletion average length |	1.73
                        Insertion rate per base |	0.04%
                       Insertion average length |	2.02
                             MULTI-MAPPING READS:
        Number of reads mapped to multiple loci |	365703
             % of reads mapped to multiple loci |	1.03%
        Number of reads mapped to too many loci |	17154
             % of reads mapped to too many loci |	0.05%
                                  UNMAPPED READS:
  Number of reads unmapped: too many mismatches |	52467
       % of reads unmapped: too many mismatches |	0.15%
            Number of reads unmapped: too short |	18480312
                 % of reads unmapped: too short |	52.02%
                Number of reads unmapped: other |	29125
                     % of reads unmapped: other |	0.08%
                                  CHIMERIC READS:
                       Number of chimeric reads |	0
                            % of chimeric reads |	0.00%
