                                 Started job on |	Feb 14 11:04:56
                             Started mapping on |	Feb 14 11:04:56
                                    Finished on |	Feb 14 11:08:33
       Mapping speed, Million of reads per hour |	45.00

                          Number of input reads |	2712782
                      Average input read length |	198
                                    UNIQUE READS:
                   Uniquely mapped reads number |	866065
                        Uniquely mapped reads % |	31.93%
                          Average mapped length |	187.88
                       Number of splices: Total |	60440
            Number of splices: Annotated (sjdb) |	55705
                       Number of splices: GT/AG |	59108
                       Number of splices: GC/AG |	852
                       Number of splices: AT/AC |	389
               Number of splices: Non-canonical |	91
                      Mismatch rate per base, % |	1.63%
                         Deletion rate per base |	0.07%
                        Deletion average length |	2.17
                        Insertion rate per base |	0.04%
                       Insertion average length |	1.88
                             MULTI-MAPPING READS:
        Number of reads mapped to multiple loci |	16637
             % of reads mapped to multiple loci |	0.61%
        Number of reads mapped to too many loci |	1022
             % of reads mapped to too many loci |	0.04%
                                  UNMAPPED READS:
  Number of reads unmapped: too many mismatches |	7952
       % of reads unmapped: too many mismatches |	0.29%
            Number of reads unmapped: too short |	1819363
                 % of reads unmapped: too short |	67.07%
                Number of reads unmapped: other |	1743
                     % of reads unmapped: other |	0.06%
                                  CHIMERIC READS:
                       Number of chimeric reads |	0
                            % of chimeric reads |	0.00%
