                                 Started job on |	Feb 14 11:30:47
                             Started mapping on |	Feb 14 11:30:48
                                    Finished on |	Feb 14 11:51:36
       Mapping speed, Million of reads per hour |	49.92

                          Number of input reads |	17306475
                      Average input read length |	211
                                    UNIQUE READS:
                   Uniquely mapped reads number |	8399715
                        Uniquely mapped reads % |	48.54%
                          Average mapped length |	211.39
                       Number of splices: Total |	771806
            Number of splices: Annotated (sjdb) |	711064
                       Number of splices: GT/AG |	759082
                       Number of splices: GC/AG |	9891
                       Number of splices: AT/AC |	2074
               Number of splices: Non-canonical |	759
                      Mismatch rate per base, % |	1.54%
                         Deletion rate per base |	0.08%
                        Deletion average length |	2.15
                        Insertion rate per base |	0.04%
                       Insertion average length |	1.92
                             MULTI-MAPPING READS:
        Number of reads mapped to multiple loci |	167943
             % of reads mapped to multiple loci |	0.97%
        Number of reads mapped to too many loci |	7239
             % of reads mapped to too many loci |	0.04%
                                  UNMAPPED READS:
  Number of reads unmapped: too many mismatches |	26107
       % of reads unmapped: too many mismatches |	0.15%
            Number of reads unmapped: too short |	8694725
                 % of reads unmapped: too short |	50.24%
                Number of reads unmapped: other |	10746
                     % of reads unmapped: other |	0.06%
                                  CHIMERIC READS:
                       Number of chimeric reads |	0
                            % of chimeric reads |	0.00%
