                                 Started job on |	Feb 14 11:33:46
                             Started mapping on |	Feb 14 11:33:46
                                    Finished on |	Feb 14 11:35:57
       Mapping speed, Million of reads per hour |	44.54

                          Number of input reads |	1620678
                      Average input read length |	197
                                    UNIQUE READS:
                   Uniquely mapped reads number |	671681
                        Uniquely mapped reads % |	41.44%
                          Average mapped length |	193.41
                       Number of splices: Total |	35752
            Number of splices: Annotated (sjdb) |	32324
                       Number of splices: GT/AG |	35254
                       Number of splices: GC/AG |	414
                       Number of splices: AT/AC |	33
               Number of splices: Non-canonical |	51
                      Mismatch rate per base, % |	1.56%
                         Deletion rate per base |	0.08%
                        Deletion average length |	2.33
                        Insertion rate per base |	0.03%
                       Insertion average length |	1.83
                             MULTI-MAPPING READS:
        Number of reads mapped to multiple loci |	11883
             % of reads mapped to multiple loci |	0.73%
        Number of reads mapped to too many loci |	533
             % of reads mapped to too many loci |	0.03%
                                  UNMAPPED READS:
  Number of reads unmapped: too many mismatches |	3276
       % of reads unmapped: too many mismatches |	0.20%
            Number of reads unmapped: too short |	932821
                 % of reads unmapped: too short |	57.56%
                Number of reads unmapped: other |	484
                     % of reads unmapped: other |	0.03%
                                  CHIMERIC READS:
                       Number of chimeric reads |	0
                            % of chimeric reads |	0.00%
