                                 Started job on |	Feb 14 11:35:57
                             Started mapping on |	Feb 14 11:35:58
                                    Finished on |	Feb 14 11:46:54
       Mapping speed, Million of reads per hour |	44.82

                          Number of input reads |	8166922
                      Average input read length |	229
                                    UNIQUE READS:
                   Uniquely mapped reads number |	3896171
                        Uniquely mapped reads % |	47.71%
                          Average mapped length |	221.96
                       Number of splices: Total |	342394
            Number of splices: Annotated (sjdb) |	307412
                       Number of splices: GT/AG |	337550
                       Number of splices: GC/AG |	3904
                       Number of splices: AT/AC |	360
               Number of splices: Non-canonical |	580
                      Mismatch rate per base, % |	1.58%
                         Deletion rate per base |	0.08%
                        Deletion average length |	1.85
                        Insertion rate per base |	0.04%
                       Insertion average length |	2.10
                             MULTI-MAPPING READS:
        Number of reads mapped to multiple loci |	84613
             % of reads mapped to multiple loci |	1.04%
        Number of reads mapped to too many loci |	2568
             % of reads mapped to too many loci |	0.03%
                                  UNMAPPED READS:
  Number of reads unmapped: too many mismatches |	10219
       % of reads unmapped: too many mismatches |	0.13%
            Number of reads unmapped: too short |	4172025
                 % of reads unmapped: too short |	51.08%
                Number of reads unmapped: other |	1326
                     % of reads unmapped: other |	0.02%
                                  CHIMERIC READS:
                       Number of chimeric reads |	0
                            % of chimeric reads |	0.00%
