                                 Started job on |	Feb 14 12:15:47
                             Started mapping on |	Feb 14 12:15:47
                                    Finished on |	Feb 14 12:34:48
       Mapping speed, Million of reads per hour |	51.87

                          Number of input reads |	16439632
                      Average input read length |	220
                                    UNIQUE READS:
                   Uniquely mapped reads number |	9132911
                        Uniquely mapped reads % |	55.55%
                          Average mapped length |	218.03
                       Number of splices: Total |	712096
            Number of splices: Annotated (sjdb) |	641399
                       Number of splices: GT/AG |	702182
                       Number of splices: GC/AG |	7652
                       Number of splices: AT/AC |	1680
               Number of splices: Non-canonical |	582
                      Mismatch rate per base, % |	1.57%
                         Deletion rate per base |	0.06%
                        Deletion average length |	1.73
                        Insertion rate per base |	0.03%
                       Insertion average length |	1.98
                             MULTI-MAPPING READS:
        Number of reads mapped to multiple loci |	171907
             % of reads mapped to multiple loci |	1.05%
        Number of reads mapped to too many loci |	4904
             % of reads mapped to too many loci |	0.03%
                                  UNMAPPED READS:
  Number of reads unmapped: too many mismatches |	23288
       % of reads unmapped: too many mismatches |	0.14%
            Number of reads unmapped: too short |	7103481
                 % of reads unmapped: too short |	43.21%
                Number of reads unmapped: other |	3141
                     % of reads unmapped: other |	0.02%
                                  CHIMERIC READS:
                       Number of chimeric reads |	0
                            % of chimeric reads |	0.00%
