                                 Started job on |	Feb 14 11:51:37
                             Started mapping on |	Feb 14 11:51:37
                                    Finished on |	Feb 14 12:13:28
       Mapping speed, Million of reads per hour |	50.36

                          Number of input reads |	18339566
                      Average input read length |	212
                                    UNIQUE READS:
                   Uniquely mapped reads number |	8398364
                        Uniquely mapped reads % |	45.79%
                          Average mapped length |	204.38
                       Number of splices: Total |	447694
            Number of splices: Annotated (sjdb) |	413372
                       Number of splices: GT/AG |	439203
                       Number of splices: GC/AG |	6148
                       Number of splices: AT/AC |	1578
               Number of splices: Non-canonical |	765
                      Mismatch rate per base, % |	1.61%
                         Deletion rate per base |	0.08%
                        Deletion average length |	1.72
                        Insertion rate per base |	0.04%
                       Insertion average length |	2.00
                             MULTI-MAPPING READS:
        Number of reads mapped to multiple loci |	146950
             % of reads mapped to multiple loci |	0.80%
        Number of reads mapped to too many loci |	4273
             % of reads mapped to too many loci |	0.02%
                                  UNMAPPED READS:
  Number of reads unmapped: too many mismatches |	34947
       % of reads unmapped: too many mismatches |	0.19%
            Number of reads unmapped: too short |	9751311
                 % of reads unmapped: too short |	53.17%
                Number of reads unmapped: other |	3721
                     % of reads unmapped: other |	0.02%
                                  CHIMERIC READS:
                       Number of chimeric reads |	0
                            % of chimeric reads |	0.00%
