                                 Started job on |	Feb 14 12:34:45
                             Started mapping on |	Feb 14 12:34:45
                                    Finished on |	Feb 14 13:06:27
       Mapping speed, Million of reads per hour |	48.34

                          Number of input reads |	25539073
                      Average input read length |	216
                                    UNIQUE READS:
                   Uniquely mapped reads number |	12466818
                        Uniquely mapped reads % |	48.81%
                          Average mapped length |	213.84
                       Number of splices: Total |	1083949
            Number of splices: Annotated (sjdb) |	980918
                       Number of splices: GT/AG |	1066340
                       Number of splices: GC/AG |	13044
                       Number of splices: AT/AC |	3319
               Number of splices: Non-canonical |	1246
                      Mismatch rate per base, % |	1.50%
                         Deletion rate per base |	0.09%
                        Deletion average length |	2.26
                        Insertion rate per base |	0.03%
                       Insertion average length |	2.09
                             MULTI-MAPPING READS:
        Number of reads mapped to multiple loci |	245222
             % of reads mapped to multiple loci |	0.96%
        Number of reads mapped to too many loci |	11582
             % of reads mapped to too many loci |	0.05%
                                  UNMAPPED READS:
  Number of reads unmapped: too many mismatches |	36760
       % of reads unmapped: too many mismatches |	0.14%
            Number of reads unmapped: too short |	12765377
                 % of reads unmapped: too short |	49.98%
                Number of reads unmapped: other |	13314
                     % of reads unmapped: other |	0.05%
                                  CHIMERIC READS:
                       Number of chimeric reads |	0
                            % of chimeric reads |	0.00%
