                                 Started job on |	Feb 14 13:11:07
                             Started mapping on |	Feb 14 13:11:08
                                    Finished on |	Feb 14 13:52:34
       Mapping speed, Million of reads per hour |	44.25

                          Number of input reads |	30557476
                      Average input read length |	232
                                    UNIQUE READS:
                   Uniquely mapped reads number |	18985336
                        Uniquely mapped reads % |	62.13%
                          Average mapped length |	227.38
                       Number of splices: Total |	1805693
            Number of splices: Annotated (sjdb) |	1598953
                       Number of splices: GT/AG |	1782265
                       Number of splices: GC/AG |	19952
                       Number of splices: AT/AC |	2013
               Number of splices: Non-canonical |	1463
                      Mismatch rate per base, % |	1.53%
                         Deletion rate per base |	0.06%
                        Deletion average length |	1.88
                        Insertion rate per base |	0.03%
                       Insertion average length |	1.95
                             MULTI-MAPPING READS:
        Number of reads mapped to multiple loci |	395412
             % of reads mapped to multiple loci |	1.29%
        Number of reads mapped to too many loci |	8219
             % of reads mapped to too many loci |	0.03%
                                  UNMAPPED READS:
  Number of reads unmapped: too many mismatches |	31592
       % of reads unmapped: too many mismatches |	0.10%
            Number of reads unmapped: too short |	11129785
                 % of reads unmapped: too short |	36.42%
                Number of reads unmapped: other |	7132
                     % of reads unmapped: other |	0.02%
                                  CHIMERIC READS:
                       Number of chimeric reads |	0
                            % of chimeric reads |	0.00%
