                                 Started job on |	Feb 14 11:43:56
                             Started mapping on |	Feb 14 11:43:57
                                    Finished on |	Feb 14 11:44:03
       Mapping speed, Million of reads per hour |	5.34

                          Number of input reads |	8904
                      Average input read length |	215
                                    UNIQUE READS:
                   Uniquely mapped reads number |	3741
                        Uniquely mapped reads % |	42.01%
                          Average mapped length |	210.35
                       Number of splices: Total |	271
            Number of splices: Annotated (sjdb) |	234
                       Number of splices: GT/AG |	263
                       Number of splices: GC/AG |	7
                       Number of splices: AT/AC |	1
               Number of splices: Non-canonical |	0
                      Mismatch rate per base, % |	1.58%
                         Deletion rate per base |	0.10%
                        Deletion average length |	2.53
                        Insertion rate per base |	0.07%
                       Insertion average length |	1.95
                             MULTI-MAPPING READS:
        Number of reads mapped to multiple loci |	129
             % of reads mapped to multiple loci |	1.45%
        Number of reads mapped to too many loci |	21
             % of reads mapped to too many loci |	0.24%
                                  UNMAPPED READS:
  Number of reads unmapped: too many mismatches |	14
       % of reads unmapped: too many mismatches |	0.16%
            Number of reads unmapped: too short |	4992
                 % of reads unmapped: too short |	56.06%
                Number of reads unmapped: other |	7
                     % of reads unmapped: other |	0.08%
                                  CHIMERIC READS:
                       Number of chimeric reads |	0
                            % of chimeric reads |	0.00%
