                                 Started job on |	Feb 14 12:55:03
                             Started mapping on |	Feb 14 12:55:03
                                    Finished on |	Feb 14 13:34:48
       Mapping speed, Million of reads per hour |	42.76

                          Number of input reads |	28330547
                      Average input read length |	225
                                    UNIQUE READS:
                   Uniquely mapped reads number |	16522233
                        Uniquely mapped reads % |	58.32%
                          Average mapped length |	226.03
                       Number of splices: Total |	1394963
            Number of splices: Annotated (sjdb) |	1158360
                       Number of splices: GT/AG |	1267164
                       Number of splices: GC/AG |	125634
                       Number of splices: AT/AC |	1125
               Number of splices: Non-canonical |	1040
                      Mismatch rate per base, % |	1.53%
                         Deletion rate per base |	0.07%
                        Deletion average length |	2.29
                        Insertion rate per base |	0.05%
                       Insertion average length |	1.78
                             MULTI-MAPPING READS:
        Number of reads mapped to multiple loci |	408215
             % of reads mapped to multiple loci |	1.44%
        Number of reads mapped to too many loci |	18067
             % of reads mapped to too many loci |	0.06%
                                  UNMAPPED READS:
  Number of reads unmapped: too many mismatches |	37536
       % of reads unmapped: too many mismatches |	0.13%
            Number of reads unmapped: too short |	11303189
                 % of reads unmapped: too short |	39.90%
                Number of reads unmapped: other |	41307
                     % of reads unmapped: other |	0.15%
                                  CHIMERIC READS:
                       Number of chimeric reads |	0
                            % of chimeric reads |	0.00%
