                                 Started job on |	Feb 14 13:06:29
                             Started mapping on |	Feb 14 13:06:29
                                    Finished on |	Feb 14 13:43:13
       Mapping speed, Million of reads per hour |	36.48

                          Number of input reads |	22335806
                      Average input read length |	225
                                    UNIQUE READS:
                   Uniquely mapped reads number |	12953590
                        Uniquely mapped reads % |	57.99%
                          Average mapped length |	220.84
                       Number of splices: Total |	1064676
            Number of splices: Annotated (sjdb) |	932235
                       Number of splices: GT/AG |	1050028
                       Number of splices: GC/AG |	12134
                       Number of splices: AT/AC |	1468
               Number of splices: Non-canonical |	1046
                      Mismatch rate per base, % |	1.54%
                         Deletion rate per base |	0.08%
                        Deletion average length |	2.06
                        Insertion rate per base |	0.04%
                       Insertion average length |	2.03
                             MULTI-MAPPING READS:
        Number of reads mapped to multiple loci |	348548
             % of reads mapped to multiple loci |	1.56%
        Number of reads mapped to too many loci |	12024
             % of reads mapped to too many loci |	0.05%
                                  UNMAPPED READS:
  Number of reads unmapped: too many mismatches |	28095
       % of reads unmapped: too many mismatches |	0.13%
            Number of reads unmapped: too short |	8970744
                 % of reads unmapped: too short |	40.16%
                Number of reads unmapped: other |	22805
                     % of reads unmapped: other |	0.10%
                                  CHIMERIC READS:
                       Number of chimeric reads |	0
                            % of chimeric reads |	0.00%
