                                 Started job on |	Feb 14 13:01:30
                             Started mapping on |	Feb 14 13:01:30
                                    Finished on |	Feb 14 13:22:33
       Mapping speed, Million of reads per hour |	47.57

                          Number of input reads |	16687898
                      Average input read length |	187
                                    UNIQUE READS:
                   Uniquely mapped reads number |	5553729
                        Uniquely mapped reads % |	33.28%
                          Average mapped length |	181.47
                       Number of splices: Total |	752817
            Number of splices: Annotated (sjdb) |	717827
                       Number of splices: GT/AG |	740933
                       Number of splices: GC/AG |	9916
                       Number of splices: AT/AC |	1555
               Number of splices: Non-canonical |	413
                      Mismatch rate per base, % |	1.67%
                         Deletion rate per base |	0.04%
                        Deletion average length |	1.83
                        Insertion rate per base |	0.02%
                       Insertion average length |	1.82
                             MULTI-MAPPING READS:
        Number of reads mapped to multiple loci |	120524
             % of reads mapped to multiple loci |	0.72%
        Number of reads mapped to too many loci |	9584
             % of reads mapped to too many loci |	0.06%
                                  UNMAPPED READS:
  Number of reads unmapped: too many mismatches |	44665
       % of reads unmapped: too many mismatches |	0.27%
            Number of reads unmapped: too short |	10954059
                 % of reads unmapped: too short |	65.64%
                Number of reads unmapped: other |	5337
                     % of reads unmapped: other |	0.03%
                                  CHIMERIC READS:
                       Number of chimeric reads |	0
                            % of chimeric reads |	0.00%
