                                 Started job on |	Feb 14 12:20:49
                             Started mapping on |	Feb 14 12:20:50
                                    Finished on |	Feb 14 12:27:44
       Mapping speed, Million of reads per hour |	41.61

                          Number of input reads |	4785075
                      Average input read length |	205
                                    UNIQUE READS:
                   Uniquely mapped reads number |	2354464
                        Uniquely mapped reads % |	49.20%
                          Average mapped length |	216.30
                       Number of splices: Total |	266996
            Number of splices: Annotated (sjdb) |	239076
                       Number of splices: GT/AG |	263513
                       Number of splices: GC/AG |	2956
                       Number of splices: AT/AC |	267
               Number of splices: Non-canonical |	260
                      Mismatch rate per base, % |	1.53%
                         Deletion rate per base |	0.07%
                        Deletion average length |	2.37
                        Insertion rate per base |	0.04%
                       Insertion average length |	2.05
                             MULTI-MAPPING READS:
        Number of reads mapped to multiple loci |	82153
             % of reads mapped to multiple loci |	1.72%
        Number of reads mapped to too many loci |	5171
             % of reads mapped to too many loci |	0.11%
                                  UNMAPPED READS:
  Number of reads unmapped: too many mismatches |	7847
       % of reads unmapped: too many mismatches |	0.16%
            Number of reads unmapped: too short |	2325877
                 % of reads unmapped: too short |	48.61%
                Number of reads unmapped: other |	9563
                     % of reads unmapped: other |	0.20%
                                  CHIMERIC READS:
                       Number of chimeric reads |	0
                            % of chimeric reads |	0.00%
