                                 Started job on |	Feb 14 13:40:32
                             Started mapping on |	Feb 14 13:40:33
                                    Finished on |	Feb 14 14:19:20
       Mapping speed, Million of reads per hour |	41.10

                          Number of input reads |	26564255
                      Average input read length |	226
                                    UNIQUE READS:
                   Uniquely mapped reads number |	15334862
                        Uniquely mapped reads % |	57.73%
                          Average mapped length |	228.23
                       Number of splices: Total |	1483346
            Number of splices: Annotated (sjdb) |	1303887
                       Number of splices: GT/AG |	1463946
                       Number of splices: GC/AG |	17287
                       Number of splices: AT/AC |	883
               Number of splices: Non-canonical |	1230
                      Mismatch rate per base, % |	1.46%
                         Deletion rate per base |	0.07%
                        Deletion average length |	2.34
                        Insertion rate per base |	0.04%
                       Insertion average length |	1.89
                             MULTI-MAPPING READS:
        Number of reads mapped to multiple loci |	304131
             % of reads mapped to multiple loci |	1.14%
        Number of reads mapped to too many loci |	9159
             % of reads mapped to too many loci |	0.03%
                                  UNMAPPED READS:
  Number of reads unmapped: too many mismatches |	37903
       % of reads unmapped: too many mismatches |	0.14%
            Number of reads unmapped: too short |	10867540
                 % of reads unmapped: too short |	40.91%
                Number of reads unmapped: other |	10660
                     % of reads unmapped: other |	0.04%
                                  CHIMERIC READS:
                       Number of chimeric reads |	0
                            % of chimeric reads |	0.00%
