                                 Started job on |	Feb 14 12:53:53
                             Started mapping on |	Feb 14 12:53:53
                                    Finished on |	Feb 14 13:10:51
       Mapping speed, Million of reads per hour |	46.30

                          Number of input reads |	13092842
                      Average input read length |	222
                                    UNIQUE READS:
                   Uniquely mapped reads number |	7647620
                        Uniquely mapped reads % |	58.41%
                          Average mapped length |	223.52
                       Number of splices: Total |	691962
            Number of splices: Annotated (sjdb) |	572595
                       Number of splices: GT/AG |	683003
                       Number of splices: GC/AG |	7079
                       Number of splices: AT/AC |	594
               Number of splices: Non-canonical |	1286
                      Mismatch rate per base, % |	1.54%
                         Deletion rate per base |	0.07%
                        Deletion average length |	2.49
                        Insertion rate per base |	0.05%
                       Insertion average length |	1.96
                             MULTI-MAPPING READS:
        Number of reads mapped to multiple loci |	194986
             % of reads mapped to multiple loci |	1.49%
        Number of reads mapped to too many loci |	3614
             % of reads mapped to too many loci |	0.03%
                                  UNMAPPED READS:
  Number of reads unmapped: too many mismatches |	15555
       % of reads unmapped: too many mismatches |	0.12%
            Number of reads unmapped: too short |	5228847
                 % of reads unmapped: too short |	39.94%
                Number of reads unmapped: other |	2220
                     % of reads unmapped: other |	0.02%
                                  CHIMERIC READS:
                       Number of chimeric reads |	0
                            % of chimeric reads |	0.00%
