                                 Started job on |	Feb 14 13:34:50
                             Started mapping on |	Feb 14 13:34:50
                                    Finished on |	Feb 14 14:10:53
       Mapping speed, Million of reads per hour |	43.72

                          Number of input reads |	26268594
                      Average input read length |	237
                                    UNIQUE READS:
                   Uniquely mapped reads number |	18054568
                        Uniquely mapped reads % |	68.73%
                          Average mapped length |	234.64
                       Number of splices: Total |	1805305
            Number of splices: Annotated (sjdb) |	1431162
                       Number of splices: GT/AG |	1785292
                       Number of splices: GC/AG |	17262
                       Number of splices: AT/AC |	1355
               Number of splices: Non-canonical |	1396
                      Mismatch rate per base, % |	1.49%
                         Deletion rate per base |	0.07%
                        Deletion average length |	2.48
                        Insertion rate per base |	0.05%
                       Insertion average length |	2.03
                             MULTI-MAPPING READS:
        Number of reads mapped to multiple loci |	531729
             % of reads mapped to multiple loci |	2.02%
        Number of reads mapped to too many loci |	6185
             % of reads mapped to too many loci |	0.02%
                                  UNMAPPED READS:
  Number of reads unmapped: too many mismatches |	17574
       % of reads unmapped: too many mismatches |	0.07%
            Number of reads unmapped: too short |	7656351
                 % of reads unmapped: too short |	29.15%
                Number of reads unmapped: other |	2187
                     % of reads unmapped: other |	0.01%
                                  CHIMERIC READS:
                       Number of chimeric reads |	0
                            % of chimeric reads |	0.00%
