                                 Started job on |	Feb 14 13:39:37
                             Started mapping on |	Feb 14 13:39:37
                                    Finished on |	Feb 14 14:04:14
       Mapping speed, Million of reads per hour |	44.42

                          Number of input reads |	18225587
                      Average input read length |	240
                                    UNIQUE READS:
                   Uniquely mapped reads number |	12104192
                        Uniquely mapped reads % |	66.41%
                          Average mapped length |	235.78
                       Number of splices: Total |	1170809
            Number of splices: Annotated (sjdb) |	994339
                       Number of splices: GT/AG |	1104559
                       Number of splices: GC/AG |	64332
                       Number of splices: AT/AC |	937
               Number of splices: Non-canonical |	981
                      Mismatch rate per base, % |	1.55%
                         Deletion rate per base |	0.07%
                        Deletion average length |	2.48
                        Insertion rate per base |	0.06%
                       Insertion average length |	2.17
                             MULTI-MAPPING READS:
        Number of reads mapped to multiple loci |	351250
             % of reads mapped to multiple loci |	1.93%
        Number of reads mapped to too many loci |	5339
             % of reads mapped to too many loci |	0.03%
                                  UNMAPPED READS:
  Number of reads unmapped: too many mismatches |	14261
       % of reads unmapped: too many mismatches |	0.08%
            Number of reads unmapped: too short |	5746544
                 % of reads unmapped: too short |	31.53%
                Number of reads unmapped: other |	4001
                     % of reads unmapped: other |	0.02%
                                  CHIMERIC READS:
                       Number of chimeric reads |	0
                            % of chimeric reads |	0.00%
