                                 Started job on |	Feb 14 13:23:10
                             Started mapping on |	Feb 14 13:23:10
                                    Finished on |	Feb 14 13:42:57
       Mapping speed, Million of reads per hour |	44.28

                          Number of input reads |	14600366
                      Average input read length |	240
                                    UNIQUE READS:
                   Uniquely mapped reads number |	9668919
                        Uniquely mapped reads % |	66.22%
                          Average mapped length |	234.65
                       Number of splices: Total |	1015486
            Number of splices: Annotated (sjdb) |	876145
                       Number of splices: GT/AG |	1001342
                       Number of splices: GC/AG |	11834
                       Number of splices: AT/AC |	920
               Number of splices: Non-canonical |	1390
                      Mismatch rate per base, % |	1.56%
                         Deletion rate per base |	0.07%
                        Deletion average length |	2.13
                        Insertion rate per base |	0.04%
                       Insertion average length |	2.21
                             MULTI-MAPPING READS:
        Number of reads mapped to multiple loci |	259252
             % of reads mapped to multiple loci |	1.78%
        Number of reads mapped to too many loci |	4160
             % of reads mapped to too many loci |	0.03%
                                  UNMAPPED READS:
  Number of reads unmapped: too many mismatches |	11582
       % of reads unmapped: too many mismatches |	0.08%
            Number of reads unmapped: too short |	4654031
                 % of reads unmapped: too short |	31.88%
                Number of reads unmapped: other |	2422
                     % of reads unmapped: other |	0.02%
                                  CHIMERIC READS:
                       Number of chimeric reads |	0
                            % of chimeric reads |	0.00%
