                                 Started job on |	Feb 14 14:10:18
                             Started mapping on |	Feb 14 14:10:18
                                    Finished on |	Feb 14 14:49:21
       Mapping speed, Million of reads per hour |	37.60

                          Number of input reads |	24469798
                      Average input read length |	249
                                    UNIQUE READS:
                   Uniquely mapped reads number |	17827618
                        Uniquely mapped reads % |	72.86%
                          Average mapped length |	243.21
                       Number of splices: Total |	2030324
            Number of splices: Annotated (sjdb) |	1653643
                       Number of splices: GT/AG |	1993351
                       Number of splices: GC/AG |	34132
                       Number of splices: AT/AC |	1300
               Number of splices: Non-canonical |	1541
                      Mismatch rate per base, % |	1.53%
                         Deletion rate per base |	0.07%
                        Deletion average length |	1.99
                        Insertion rate per base |	0.06%
                       Insertion average length |	2.07
                             MULTI-MAPPING READS:
        Number of reads mapped to multiple loci |	461084
             % of reads mapped to multiple loci |	1.88%
        Number of reads mapped to too many loci |	4713
             % of reads mapped to too many loci |	0.02%
                                  UNMAPPED READS:
  Number of reads unmapped: too many mismatches |	11915
       % of reads unmapped: too many mismatches |	0.05%
            Number of reads unmapped: too short |	6161206
                 % of reads unmapped: too short |	25.18%
                Number of reads unmapped: other |	3262
                     % of reads unmapped: other |	0.01%
                                  CHIMERIC READS:
                       Number of chimeric reads |	0
                            % of chimeric reads |	0.00%
