                                 Started job on |	Feb 14 13:53:41
                             Started mapping on |	Feb 14 13:53:41
                                    Finished on |	Feb 14 14:22:26
       Mapping speed, Million of reads per hour |	44.37

                          Number of input reads |	21262967
                      Average input read length |	241
                                    UNIQUE READS:
                   Uniquely mapped reads number |	13461120
                        Uniquely mapped reads % |	63.31%
                          Average mapped length |	235.19
                       Number of splices: Total |	1078881
            Number of splices: Annotated (sjdb) |	947987
                       Number of splices: GT/AG |	1063955
                       Number of splices: GC/AG |	12819
                       Number of splices: AT/AC |	964
               Number of splices: Non-canonical |	1143
                      Mismatch rate per base, % |	1.41%
                         Deletion rate per base |	0.10%
                        Deletion average length |	1.85
                        Insertion rate per base |	0.05%
                       Insertion average length |	1.86
                             MULTI-MAPPING READS:
        Number of reads mapped to multiple loci |	245114
             % of reads mapped to multiple loci |	1.15%
        Number of reads mapped to too many loci |	4068
             % of reads mapped to too many loci |	0.02%
                                  UNMAPPED READS:
  Number of reads unmapped: too many mismatches |	14057
       % of reads unmapped: too many mismatches |	0.07%
            Number of reads unmapped: too short |	7535865
                 % of reads unmapped: too short |	35.44%
                Number of reads unmapped: other |	2743
                     % of reads unmapped: other |	0.01%
                                  CHIMERIC READS:
                       Number of chimeric reads |	0
                            % of chimeric reads |	0.00%
