                                 Started job on |	Feb 14 13:51:41
                             Started mapping on |	Feb 14 13:51:41
                                    Finished on |	Feb 14 14:25:24
       Mapping speed, Million of reads per hour |	41.14

                          Number of input reads |	23118725
                      Average input read length |	245
                                    UNIQUE READS:
                   Uniquely mapped reads number |	14618034
                        Uniquely mapped reads % |	63.23%
                          Average mapped length |	235.78
                       Number of splices: Total |	1224081
            Number of splices: Annotated (sjdb) |	1059631
                       Number of splices: GT/AG |	1142870
                       Number of splices: GC/AG |	78075
                       Number of splices: AT/AC |	959
               Number of splices: Non-canonical |	2177
                      Mismatch rate per base, % |	1.52%
                         Deletion rate per base |	0.07%
                        Deletion average length |	1.89
                        Insertion rate per base |	0.05%
                       Insertion average length |	2.09
                             MULTI-MAPPING READS:
        Number of reads mapped to multiple loci |	317303
             % of reads mapped to multiple loci |	1.37%
        Number of reads mapped to too many loci |	5388
             % of reads mapped to too many loci |	0.02%
                                  UNMAPPED READS:
  Number of reads unmapped: too many mismatches |	14607
       % of reads unmapped: too many mismatches |	0.06%
            Number of reads unmapped: too short |	8161198
                 % of reads unmapped: too short |	35.30%
                Number of reads unmapped: other |	2195
                     % of reads unmapped: other |	0.01%
                                  CHIMERIC READS:
                       Number of chimeric reads |	0
                            % of chimeric reads |	0.00%
