                                 Started job on |	Feb 14 14:13:23
                             Started mapping on |	Feb 14 14:13:23
                                    Finished on |	Feb 14 14:54:45
       Mapping speed, Million of reads per hour |	35.80

                          Number of input reads |	24681385
                      Average input read length |	253
                                    UNIQUE READS:
                   Uniquely mapped reads number |	18607874
                        Uniquely mapped reads % |	75.39%
                          Average mapped length |	240.87
                       Number of splices: Total |	2587356
            Number of splices: Annotated (sjdb) |	2166526
                       Number of splices: GT/AG |	2537227
                       Number of splices: GC/AG |	47357
                       Number of splices: AT/AC |	1276
               Number of splices: Non-canonical |	1496
                      Mismatch rate per base, % |	1.56%
                         Deletion rate per base |	0.07%
                        Deletion average length |	2.72
                        Insertion rate per base |	0.08%
                       Insertion average length |	2.08
                             MULTI-MAPPING READS:
        Number of reads mapped to multiple loci |	566917
             % of reads mapped to multiple loci |	2.30%
        Number of reads mapped to too many loci |	12091
             % of reads mapped to too many loci |	0.05%
                                  UNMAPPED READS:
  Number of reads unmapped: too many mismatches |	8925
       % of reads unmapped: too many mismatches |	0.04%
            Number of reads unmapped: too short |	5470401
                 % of reads unmapped: too short |	22.16%
                Number of reads unmapped: other |	15177
                     % of reads unmapped: other |	0.06%
                                  CHIMERIC READS:
                       Number of chimeric reads |	0
                            % of chimeric reads |	0.00%
