                                 Started job on |	Feb 14 13:52:37
                             Started mapping on |	Feb 14 13:52:37
                                    Finished on |	Feb 14 14:13:31
       Mapping speed, Million of reads per hour |	44.07

                          Number of input reads |	15351275
                      Average input read length |	249
                                    UNIQUE READS:
                   Uniquely mapped reads number |	11384806
                        Uniquely mapped reads % |	74.16%
                          Average mapped length |	242.03
                       Number of splices: Total |	1283527
            Number of splices: Annotated (sjdb) |	1046244
                       Number of splices: GT/AG |	1268206
                       Number of splices: GC/AG |	13557
                       Number of splices: AT/AC |	866
               Number of splices: Non-canonical |	898
                      Mismatch rate per base, % |	1.54%
                         Deletion rate per base |	0.07%
                        Deletion average length |	2.54
                        Insertion rate per base |	0.05%
                       Insertion average length |	2.02
                             MULTI-MAPPING READS:
        Number of reads mapped to multiple loci |	322681
             % of reads mapped to multiple loci |	2.10%
        Number of reads mapped to too many loci |	3432
             % of reads mapped to too many loci |	0.02%
                                  UNMAPPED READS:
  Number of reads unmapped: too many mismatches |	6637
       % of reads unmapped: too many mismatches |	0.04%
            Number of reads unmapped: too short |	3631979
                 % of reads unmapped: too short |	23.66%
                Number of reads unmapped: other |	1740
                     % of reads unmapped: other |	0.01%
                                  CHIMERIC READS:
                       Number of chimeric reads |	0
                            % of chimeric reads |	0.00%
