                                 Started job on |	Feb 14 13:22:34
                             Started mapping on |	Feb 14 13:22:34
                                    Finished on |	Feb 14 13:23:10
       Mapping speed, Million of reads per hour |	9.96

                          Number of input reads |	99627
                      Average input read length |	232
                                    UNIQUE READS:
                   Uniquely mapped reads number |	17518
                        Uniquely mapped reads % |	17.58%
                          Average mapped length |	203.16
                       Number of splices: Total |	417
            Number of splices: Annotated (sjdb) |	395
                       Number of splices: GT/AG |	409
                       Number of splices: GC/AG |	1
                       Number of splices: AT/AC |	7
               Number of splices: Non-canonical |	0
                      Mismatch rate per base, % |	1.62%
                         Deletion rate per base |	0.06%
                        Deletion average length |	1.75
                        Insertion rate per base |	0.03%
                       Insertion average length |	2.34
                             MULTI-MAPPING READS:
        Number of reads mapped to multiple loci |	485
             % of reads mapped to multiple loci |	0.49%
        Number of reads mapped to too many loci |	80
             % of reads mapped to too many loci |	0.08%
                                  UNMAPPED READS:
  Number of reads unmapped: too many mismatches |	83
       % of reads unmapped: too many mismatches |	0.08%
            Number of reads unmapped: too short |	81454
                 % of reads unmapped: too short |	81.76%
                Number of reads unmapped: other |	7
                     % of reads unmapped: other |	0.01%
                                  CHIMERIC READS:
                       Number of chimeric reads |	0
                            % of chimeric reads |	0.00%
