                                 Started job on |	Feb 14 14:13:33
                             Started mapping on |	Feb 14 14:13:33
                                    Finished on |	Feb 14 14:51:14
       Mapping speed, Million of reads per hour |	35.25

                          Number of input reads |	22139660
                      Average input read length |	246
                                    UNIQUE READS:
                   Uniquely mapped reads number |	14724638
                        Uniquely mapped reads % |	66.51%
                          Average mapped length |	240.42
                       Number of splices: Total |	1222315
            Number of splices: Annotated (sjdb) |	1013400
                       Number of splices: GT/AG |	1206393
                       Number of splices: GC/AG |	12598
                       Number of splices: AT/AC |	772
               Number of splices: Non-canonical |	2552
                      Mismatch rate per base, % |	1.56%
                         Deletion rate per base |	0.07%
                        Deletion average length |	2.45
                        Insertion rate per base |	0.06%
                       Insertion average length |	1.72
                             MULTI-MAPPING READS:
        Number of reads mapped to multiple loci |	380256
             % of reads mapped to multiple loci |	1.72%
        Number of reads mapped to too many loci |	6380
             % of reads mapped to too many loci |	0.03%
                                  UNMAPPED READS:
  Number of reads unmapped: too many mismatches |	12201
       % of reads unmapped: too many mismatches |	0.06%
            Number of reads unmapped: too short |	7014185
                 % of reads unmapped: too short |	31.68%
                Number of reads unmapped: other |	2000
                     % of reads unmapped: other |	0.01%
                                  CHIMERIC READS:
                       Number of chimeric reads |	0
                            % of chimeric reads |	0.00%
