                                 Started job on |	Feb 14 14:22:40
                             Started mapping on |	Feb 14 14:22:41
                                    Finished on |	Feb 14 14:43:22
       Mapping speed, Million of reads per hour |	44.90

                          Number of input reads |	15479006
                      Average input read length |	232
                                    UNIQUE READS:
                   Uniquely mapped reads number |	8427728
                        Uniquely mapped reads % |	54.45%
                          Average mapped length |	227.54
                       Number of splices: Total |	675680
            Number of splices: Annotated (sjdb) |	581310
                       Number of splices: GT/AG |	665563
                       Number of splices: GC/AG |	7582
                       Number of splices: AT/AC |	1008
               Number of splices: Non-canonical |	1527
                      Mismatch rate per base, % |	1.47%
                         Deletion rate per base |	0.09%
                        Deletion average length |	2.43
                        Insertion rate per base |	0.04%
                       Insertion average length |	2.15
                             MULTI-MAPPING READS:
        Number of reads mapped to multiple loci |	180649
             % of reads mapped to multiple loci |	1.17%
        Number of reads mapped to too many loci |	3538
             % of reads mapped to too many loci |	0.02%
                                  UNMAPPED READS:
  Number of reads unmapped: too many mismatches |	13654
       % of reads unmapped: too many mismatches |	0.09%
            Number of reads unmapped: too short |	6851270
                 % of reads unmapped: too short |	44.26%
                Number of reads unmapped: other |	2167
                     % of reads unmapped: other |	0.01%
                                  CHIMERIC READS:
                       Number of chimeric reads |	0
                            % of chimeric reads |	0.00%
