                                 Started job on |	Feb 14 14:25:26
                             Started mapping on |	Feb 14 14:25:26
                                    Finished on |	Feb 14 14:49:30
       Mapping speed, Million of reads per hour |	43.43

                          Number of input reads |	17422248
                      Average input read length |	234
                                    UNIQUE READS:
                   Uniquely mapped reads number |	10179422
                        Uniquely mapped reads % |	58.43%
                          Average mapped length |	230.26
                       Number of splices: Total |	835066
            Number of splices: Annotated (sjdb) |	719515
                       Number of splices: GT/AG |	823469
                       Number of splices: GC/AG |	9011
                       Number of splices: AT/AC |	697
               Number of splices: Non-canonical |	1889
                      Mismatch rate per base, % |	1.54%
                         Deletion rate per base |	0.07%
                        Deletion average length |	2.45
                        Insertion rate per base |	0.06%
                       Insertion average length |	1.67
                             MULTI-MAPPING READS:
        Number of reads mapped to multiple loci |	245625
             % of reads mapped to multiple loci |	1.41%
        Number of reads mapped to too many loci |	5279
             % of reads mapped to too many loci |	0.03%
                                  UNMAPPED READS:
  Number of reads unmapped: too many mismatches |	16318
       % of reads unmapped: too many mismatches |	0.09%
            Number of reads unmapped: too short |	6974133
                 % of reads unmapped: too short |	40.03%
                Number of reads unmapped: other |	1471
                     % of reads unmapped: other |	0.01%
                                  CHIMERIC READS:
                       Number of chimeric reads |	0
                            % of chimeric reads |	0.00%
