                                 Started job on |	Feb 14 13:52:46
                             Started mapping on |	Feb 14 13:52:46
                                    Finished on |	Feb 14 13:54:11
       Mapping speed, Million of reads per hour |	39.52

                          Number of input reads |	933138
                      Average input read length |	232
                                    UNIQUE READS:
                   Uniquely mapped reads number |	563759
                        Uniquely mapped reads % |	60.42%
                          Average mapped length |	229.54
                       Number of splices: Total |	27538
            Number of splices: Annotated (sjdb) |	23518
                       Number of splices: GT/AG |	26918
                       Number of splices: GC/AG |	525
                       Number of splices: AT/AC |	50
               Number of splices: Non-canonical |	45
                      Mismatch rate per base, % |	1.49%
                         Deletion rate per base |	0.11%
                        Deletion average length |	1.83
                        Insertion rate per base |	0.06%
                       Insertion average length |	2.28
                             MULTI-MAPPING READS:
        Number of reads mapped to multiple loci |	10207
             % of reads mapped to multiple loci |	1.09%
        Number of reads mapped to too many loci |	134
             % of reads mapped to too many loci |	0.01%
                                  UNMAPPED READS:
  Number of reads unmapped: too many mismatches |	910
       % of reads unmapped: too many mismatches |	0.10%
            Number of reads unmapped: too short |	358064
                 % of reads unmapped: too short |	38.37%
                Number of reads unmapped: other |	64
                     % of reads unmapped: other |	0.01%
                                  CHIMERIC READS:
                       Number of chimeric reads |	0
                            % of chimeric reads |	0.00%
