                                 Started job on |	Feb 14 14:32:46
                             Started mapping on |	Feb 14 14:32:46
                                    Finished on |	Feb 14 14:58:36
       Mapping speed, Million of reads per hour |	40.73

                          Number of input reads |	17537160
                      Average input read length |	252
                                    UNIQUE READS:
                   Uniquely mapped reads number |	13428212
                        Uniquely mapped reads % |	76.57%
                          Average mapped length |	240.60
                       Number of splices: Total |	1712143
            Number of splices: Annotated (sjdb) |	1324252
                       Number of splices: GT/AG |	1692092
                       Number of splices: GC/AG |	17987
                       Number of splices: AT/AC |	1109
               Number of splices: Non-canonical |	955
                      Mismatch rate per base, % |	1.56%
                         Deletion rate per base |	0.07%
                        Deletion average length |	2.58
                        Insertion rate per base |	0.05%
                       Insertion average length |	2.07
                             MULTI-MAPPING READS:
        Number of reads mapped to multiple loci |	454640
             % of reads mapped to multiple loci |	2.59%
        Number of reads mapped to too many loci |	3420
             % of reads mapped to too many loci |	0.02%
                                  UNMAPPED READS:
  Number of reads unmapped: too many mismatches |	6115
       % of reads unmapped: too many mismatches |	0.03%
            Number of reads unmapped: too short |	3643282
                 % of reads unmapped: too short |	20.77%
                Number of reads unmapped: other |	1491
                     % of reads unmapped: other |	0.01%
                                  CHIMERIC READS:
                       Number of chimeric reads |	0
                            % of chimeric reads |	0.00%
