                                 Started job on |	Feb 14 14:22:28
                             Started mapping on |	Feb 14 14:22:28
                                    Finished on |	Feb 14 14:22:40
       Mapping speed, Million of reads per hour |	7.81

                          Number of input reads |	26038
                      Average input read length |	103
                                    UNIQUE READS:
                   Uniquely mapped reads number |	831
                        Uniquely mapped reads % |	3.19%
                          Average mapped length |	228.94
                       Number of splices: Total |	43
            Number of splices: Annotated (sjdb) |	28
                       Number of splices: GT/AG |	42
                       Number of splices: GC/AG |	0
                       Number of splices: AT/AC |	0
               Number of splices: Non-canonical |	1
                      Mismatch rate per base, % |	1.48%
                         Deletion rate per base |	0.10%
                        Deletion average length |	2.54
                        Insertion rate per base |	0.04%
                       Insertion average length |	1.57
                             MULTI-MAPPING READS:
        Number of reads mapped to multiple loci |	18
             % of reads mapped to multiple loci |	0.07%
        Number of reads mapped to too many loci |	1
             % of reads mapped to too many loci |	0.00%
                                  UNMAPPED READS:
  Number of reads unmapped: too many mismatches |	0
       % of reads unmapped: too many mismatches |	0.00%
            Number of reads unmapped: too short |	25185
                 % of reads unmapped: too short |	96.72%
                Number of reads unmapped: other |	3
                     % of reads unmapped: other |	0.01%
                                  CHIMERIC READS:
                       Number of chimeric reads |	0
                            % of chimeric reads |	0.00%
