                                 Started job on |	Feb 14 14:50:18
                             Started mapping on |	Feb 14 14:50:18
                                    Finished on |	Feb 14 15:09:43
       Mapping speed, Million of reads per hour |	45.90

                          Number of input reads |	14853758
                      Average input read length |	235
                                    UNIQUE READS:
                   Uniquely mapped reads number |	9071333
                        Uniquely mapped reads % |	61.07%
                          Average mapped length |	231.25
                       Number of splices: Total |	729369
            Number of splices: Annotated (sjdb) |	643366
                       Number of splices: GT/AG |	719684
                       Number of splices: GC/AG |	7924
                       Number of splices: AT/AC |	854
               Number of splices: Non-canonical |	907
                      Mismatch rate per base, % |	1.51%
                         Deletion rate per base |	0.09%
                        Deletion average length |	1.93
                        Insertion rate per base |	0.04%
                       Insertion average length |	2.22
                             MULTI-MAPPING READS:
        Number of reads mapped to multiple loci |	182394
             % of reads mapped to multiple loci |	1.23%
        Number of reads mapped to too many loci |	2654
             % of reads mapped to too many loci |	0.02%
                                  UNMAPPED READS:
  Number of reads unmapped: too many mismatches |	13769
       % of reads unmapped: too many mismatches |	0.09%
            Number of reads unmapped: too short |	5581958
                 % of reads unmapped: too short |	37.58%
                Number of reads unmapped: other |	1650
                     % of reads unmapped: other |	0.01%
                                  CHIMERIC READS:
                       Number of chimeric reads |	0
                            % of chimeric reads |	0.00%
