                                 Started job on |	Feb 14 14:49:33
                             Started mapping on |	Feb 14 14:49:34
                                    Finished on |	Feb 14 15:08:14
       Mapping speed, Million of reads per hour |	46.86

                          Number of input reads |	14578901
                      Average input read length |	229
                                    UNIQUE READS:
                   Uniquely mapped reads number |	8331800
                        Uniquely mapped reads % |	57.15%
                          Average mapped length |	225.96
                       Number of splices: Total |	787017
            Number of splices: Annotated (sjdb) |	667605
                       Number of splices: GT/AG |	748568
                       Number of splices: GC/AG |	36363
                       Number of splices: AT/AC |	1179
               Number of splices: Non-canonical |	907
                      Mismatch rate per base, % |	1.51%
                         Deletion rate per base |	0.08%
                        Deletion average length |	1.66
                        Insertion rate per base |	0.05%
                       Insertion average length |	1.96
                             MULTI-MAPPING READS:
        Number of reads mapped to multiple loci |	191284
             % of reads mapped to multiple loci |	1.31%
        Number of reads mapped to too many loci |	3657
             % of reads mapped to too many loci |	0.03%
                                  UNMAPPED READS:
  Number of reads unmapped: too many mismatches |	15366
       % of reads unmapped: too many mismatches |	0.11%
            Number of reads unmapped: too short |	6034380
                 % of reads unmapped: too short |	41.39%
                Number of reads unmapped: other |	2414
                     % of reads unmapped: other |	0.02%
                                  CHIMERIC READS:
                       Number of chimeric reads |	0
                            % of chimeric reads |	0.00%
