                                 Started job on |	Feb 14 14:31:41
                             Started mapping on |	Feb 14 14:31:42
                                    Finished on |	Feb 14 14:50:17
       Mapping speed, Million of reads per hour |	39.62

                          Number of input reads |	12271949
                      Average input read length |	244
                                    UNIQUE READS:
                   Uniquely mapped reads number |	8055341
                        Uniquely mapped reads % |	65.64%
                          Average mapped length |	236.34
                       Number of splices: Total |	837635
            Number of splices: Annotated (sjdb) |	723134
                       Number of splices: GT/AG |	809566
                       Number of splices: GC/AG |	27126
                       Number of splices: AT/AC |	475
               Number of splices: Non-canonical |	468
                      Mismatch rate per base, % |	1.52%
                         Deletion rate per base |	0.06%
                        Deletion average length |	2.04
                        Insertion rate per base |	0.04%
                       Insertion average length |	1.73
                             MULTI-MAPPING READS:
        Number of reads mapped to multiple loci |	167298
             % of reads mapped to multiple loci |	1.36%
        Number of reads mapped to too many loci |	3745
             % of reads mapped to too many loci |	0.03%
                                  UNMAPPED READS:
  Number of reads unmapped: too many mismatches |	8236
       % of reads unmapped: too many mismatches |	0.07%
            Number of reads unmapped: too short |	4033444
                 % of reads unmapped: too short |	32.87%
                Number of reads unmapped: other |	3885
                     % of reads unmapped: other |	0.03%
                                  CHIMERIC READS:
                       Number of chimeric reads |	0
                            % of chimeric reads |	0.00%
