                                 Started job on |	Feb 14 14:49:23
                             Started mapping on |	Feb 14 14:49:24
                                    Finished on |	Feb 14 15:14:41
       Mapping speed, Million of reads per hour |	40.86

                          Number of input reads |	17216125
                      Average input read length |	244
                                    UNIQUE READS:
                   Uniquely mapped reads number |	10459274
                        Uniquely mapped reads % |	60.75%
                          Average mapped length |	234.82
                       Number of splices: Total |	1070386
            Number of splices: Annotated (sjdb) |	983529
                       Number of splices: GT/AG |	1053717
                       Number of splices: GC/AG |	14863
                       Number of splices: AT/AC |	897
               Number of splices: Non-canonical |	909
                      Mismatch rate per base, % |	1.47%
                         Deletion rate per base |	0.10%
                        Deletion average length |	1.71
                        Insertion rate per base |	0.04%
                       Insertion average length |	2.05
                             MULTI-MAPPING READS:
        Number of reads mapped to multiple loci |	219106
             % of reads mapped to multiple loci |	1.27%
        Number of reads mapped to too many loci |	4368
             % of reads mapped to too many loci |	0.03%
                                  UNMAPPED READS:
  Number of reads unmapped: too many mismatches |	10269
       % of reads unmapped: too many mismatches |	0.06%
            Number of reads unmapped: too short |	6521299
                 % of reads unmapped: too short |	37.88%
                Number of reads unmapped: other |	1809
                     % of reads unmapped: other |	0.01%
                                  CHIMERIC READS:
                       Number of chimeric reads |	0
                            % of chimeric reads |	0.00%
