                                 Started job on |	Feb 14 15:14:43
                             Started mapping on |	Feb 14 15:14:43
                                    Finished on |	Feb 14 15:59:57
       Mapping speed, Million of reads per hour |	36.66

                          Number of input reads |	27636207
                      Average input read length |	252
                                    UNIQUE READS:
                   Uniquely mapped reads number |	19371879
                        Uniquely mapped reads % |	70.10%
                          Average mapped length |	243.61
                       Number of splices: Total |	1878670
            Number of splices: Annotated (sjdb) |	1457419
                       Number of splices: GT/AG |	1853161
                       Number of splices: GC/AG |	22034
                       Number of splices: AT/AC |	1195
               Number of splices: Non-canonical |	2280
                      Mismatch rate per base, % |	1.47%
                         Deletion rate per base |	0.07%
                        Deletion average length |	2.37
                        Insertion rate per base |	0.05%
                       Insertion average length |	2.54
                             MULTI-MAPPING READS:
        Number of reads mapped to multiple loci |	467239
             % of reads mapped to multiple loci |	1.69%
        Number of reads mapped to too many loci |	6354
             % of reads mapped to too many loci |	0.02%
                                  UNMAPPED READS:
  Number of reads unmapped: too many mismatches |	10028
       % of reads unmapped: too many mismatches |	0.04%
            Number of reads unmapped: too short |	7777711
                 % of reads unmapped: too short |	28.14%
                Number of reads unmapped: other |	2996
                     % of reads unmapped: other |	0.01%
                                  CHIMERIC READS:
                       Number of chimeric reads |	0
                            % of chimeric reads |	0.00%
