                                 Started job on |	Feb 14 14:34:39
                             Started mapping on |	Feb 14 14:34:39
                                    Finished on |	Feb 14 14:41:21
       Mapping speed, Million of reads per hour |	42.77

                          Number of input reads |	4775725
                      Average input read length |	229
                                    UNIQUE READS:
                   Uniquely mapped reads number |	2340235
                        Uniquely mapped reads % |	49.00%
                          Average mapped length |	226.29
                       Number of splices: Total |	207941
            Number of splices: Annotated (sjdb) |	174740
                       Number of splices: GT/AG |	204998
                       Number of splices: GC/AG |	2437
                       Number of splices: AT/AC |	252
               Number of splices: Non-canonical |	254
                      Mismatch rate per base, % |	1.54%
                         Deletion rate per base |	0.06%
                        Deletion average length |	2.05
                        Insertion rate per base |	0.05%
                       Insertion average length |	2.02
                             MULTI-MAPPING READS:
        Number of reads mapped to multiple loci |	50910
             % of reads mapped to multiple loci |	1.07%
        Number of reads mapped to too many loci |	1691
             % of reads mapped to too many loci |	0.04%
                                  UNMAPPED READS:
  Number of reads unmapped: too many mismatches |	5793
       % of reads unmapped: too many mismatches |	0.12%
            Number of reads unmapped: too short |	2376265
                 % of reads unmapped: too short |	49.76%
                Number of reads unmapped: other |	831
                     % of reads unmapped: other |	0.02%
                                  CHIMERIC READS:
                       Number of chimeric reads |	0
                            % of chimeric reads |	0.00%
