                                 Started job on |	Feb 14 15:28:48
                             Started mapping on |	Feb 14 15:28:49
                                    Finished on |	Feb 14 16:09:42
       Mapping speed, Million of reads per hour |	35.98

                          Number of input reads |	24518754
                      Average input read length |	255
                                    UNIQUE READS:
                   Uniquely mapped reads number |	18273569
                        Uniquely mapped reads % |	74.53%
                          Average mapped length |	243.82
                       Number of splices: Total |	2764303
            Number of splices: Annotated (sjdb) |	2170127
                       Number of splices: GT/AG |	2726875
                       Number of splices: GC/AG |	34566
                       Number of splices: AT/AC |	1437
               Number of splices: Non-canonical |	1425
                      Mismatch rate per base, % |	1.54%
                         Deletion rate per base |	0.08%
                        Deletion average length |	2.64
                        Insertion rate per base |	0.04%
                       Insertion average length |	2.28
                             MULTI-MAPPING READS:
        Number of reads mapped to multiple loci |	481528
             % of reads mapped to multiple loci |	1.96%
        Number of reads mapped to too many loci |	6419
             % of reads mapped to too many loci |	0.03%
                                  UNMAPPED READS:
  Number of reads unmapped: too many mismatches |	8427
       % of reads unmapped: too many mismatches |	0.03%
            Number of reads unmapped: too short |	5745550
                 % of reads unmapped: too short |	23.43%
                Number of reads unmapped: other |	3261
                     % of reads unmapped: other |	0.01%
                                  CHIMERIC READS:
                       Number of chimeric reads |	0
                            % of chimeric reads |	0.00%
