                                 Started job on |	Feb 14 15:08:15
                             Started mapping on |	Feb 14 15:08:15
                                    Finished on |	Feb 14 15:28:47
       Mapping speed, Million of reads per hour |	52.92

                          Number of input reads |	18111534
                      Average input read length |	191
                                    UNIQUE READS:
                   Uniquely mapped reads number |	7066917
                        Uniquely mapped reads % |	39.02%
                          Average mapped length |	180.70
                       Number of splices: Total |	154969
            Number of splices: Annotated (sjdb) |	135031
                       Number of splices: GT/AG |	149320
                       Number of splices: GC/AG |	1239
                       Number of splices: AT/AC |	1942
               Number of splices: Non-canonical |	2468
                      Mismatch rate per base, % |	1.63%
                         Deletion rate per base |	0.06%
                        Deletion average length |	2.23
                        Insertion rate per base |	0.04%
                       Insertion average length |	1.60
                             MULTI-MAPPING READS:
        Number of reads mapped to multiple loci |	130026
             % of reads mapped to multiple loci |	0.72%
        Number of reads mapped to too many loci |	3668
             % of reads mapped to too many loci |	0.02%
                                  UNMAPPED READS:
  Number of reads unmapped: too many mismatches |	36787
       % of reads unmapped: too many mismatches |	0.20%
            Number of reads unmapped: too short |	10873624
                 % of reads unmapped: too short |	60.04%
                Number of reads unmapped: other |	512
                     % of reads unmapped: other |	0.00%
                                  CHIMERIC READS:
                       Number of chimeric reads |	0
                            % of chimeric reads |	0.00%
