                                 Started job on |	Feb 14 15:09:45
                             Started mapping on |	Feb 14 15:09:45
                                    Finished on |	Feb 14 15:37:12
       Mapping speed, Million of reads per hour |	42.48

                          Number of input reads |	19432641
                      Average input read length |	247
                                    UNIQUE READS:
                   Uniquely mapped reads number |	13910704
                        Uniquely mapped reads % |	71.58%
                          Average mapped length |	240.87
                       Number of splices: Total |	1155914
            Number of splices: Annotated (sjdb) |	993851
                       Number of splices: GT/AG |	1140353
                       Number of splices: GC/AG |	12983
                       Number of splices: AT/AC |	1004
               Number of splices: Non-canonical |	1574
                      Mismatch rate per base, % |	1.51%
                         Deletion rate per base |	0.08%
                        Deletion average length |	2.34
                        Insertion rate per base |	0.05%
                       Insertion average length |	2.15
                             MULTI-MAPPING READS:
        Number of reads mapped to multiple loci |	293185
             % of reads mapped to multiple loci |	1.51%
        Number of reads mapped to too many loci |	3209
             % of reads mapped to too many loci |	0.02%
                                  UNMAPPED READS:
  Number of reads unmapped: too many mismatches |	10071
       % of reads unmapped: too many mismatches |	0.05%
            Number of reads unmapped: too short |	5213039
                 % of reads unmapped: too short |	26.83%
                Number of reads unmapped: other |	2433
                     % of reads unmapped: other |	0.01%
                                  CHIMERIC READS:
                       Number of chimeric reads |	0
                            % of chimeric reads |	0.00%
