                                 Started job on |	Feb 14 14:29:59
                             Started mapping on |	Feb 14 14:30:00
                                    Finished on |	Feb 14 14:30:12
       Mapping speed, Million of reads per hour |	10.50

                          Number of input reads |	34999
                      Average input read length |	199
                                    UNIQUE READS:
                   Uniquely mapped reads number |	11965
                        Uniquely mapped reads % |	34.19%
                          Average mapped length |	198.32
                       Number of splices: Total |	1120
            Number of splices: Annotated (sjdb) |	1006
                       Number of splices: GT/AG |	1076
                       Number of splices: GC/AG |	38
                       Number of splices: AT/AC |	5
               Number of splices: Non-canonical |	1
                      Mismatch rate per base, % |	1.58%
                         Deletion rate per base |	0.07%
                        Deletion average length |	2.08
                        Insertion rate per base |	0.04%
                       Insertion average length |	1.88
                             MULTI-MAPPING READS:
        Number of reads mapped to multiple loci |	363
             % of reads mapped to multiple loci |	1.04%
        Number of reads mapped to too many loci |	43
             % of reads mapped to too many loci |	0.12%
                                  UNMAPPED READS:
  Number of reads unmapped: too many mismatches |	91
       % of reads unmapped: too many mismatches |	0.26%
            Number of reads unmapped: too short |	22483
                 % of reads unmapped: too short |	64.24%
                Number of reads unmapped: other |	54
                     % of reads unmapped: other |	0.15%
                                  CHIMERIC READS:
                       Number of chimeric reads |	0
                            % of chimeric reads |	0.00%
