                                 Started job on |	Feb 14 15:04:17
                             Started mapping on |	Feb 14 15:04:18
                                    Finished on |	Feb 14 15:24:45
       Mapping speed, Million of reads per hour |	39.83

                          Number of input reads |	13575004
                      Average input read length |	254
                                    UNIQUE READS:
                   Uniquely mapped reads number |	10709333
                        Uniquely mapped reads % |	78.89%
                          Average mapped length |	243.84
                       Number of splices: Total |	1647603
            Number of splices: Annotated (sjdb) |	1410926
                       Number of splices: GT/AG |	1626518
                       Number of splices: GC/AG |	19000
                       Number of splices: AT/AC |	959
               Number of splices: Non-canonical |	1126
                      Mismatch rate per base, % |	1.53%
                         Deletion rate per base |	0.07%
                        Deletion average length |	2.23
                        Insertion rate per base |	0.04%
                       Insertion average length |	2.26
                             MULTI-MAPPING READS:
        Number of reads mapped to multiple loci |	316505
             % of reads mapped to multiple loci |	2.33%
        Number of reads mapped to too many loci |	2495
             % of reads mapped to too many loci |	0.02%
                                  UNMAPPED READS:
  Number of reads unmapped: too many mismatches |	4868
       % of reads unmapped: too many mismatches |	0.04%
            Number of reads unmapped: too short |	2538341
                 % of reads unmapped: too short |	18.70%
                Number of reads unmapped: other |	3462
                     % of reads unmapped: other |	0.03%
                                  CHIMERIC READS:
                       Number of chimeric reads |	0
                            % of chimeric reads |	0.00%
