                                 Started job on |	Feb 14 15:29:06
                             Started mapping on |	Feb 14 15:29:06
                                    Finished on |	Feb 14 15:44:50
       Mapping speed, Million of reads per hour |	44.38

                          Number of input reads |	11636672
                      Average input read length |	233
                                    UNIQUE READS:
                   Uniquely mapped reads number |	6430252
                        Uniquely mapped reads % |	55.26%
                          Average mapped length |	225.54
                       Number of splices: Total |	439195
            Number of splices: Annotated (sjdb) |	393413
                       Number of splices: GT/AG |	432148
                       Number of splices: GC/AG |	5167
                       Number of splices: AT/AC |	1327
               Number of splices: Non-canonical |	553
                      Mismatch rate per base, % |	1.53%
                         Deletion rate per base |	0.08%
                        Deletion average length |	2.00
                        Insertion rate per base |	0.04%
                       Insertion average length |	2.19
                             MULTI-MAPPING READS:
        Number of reads mapped to multiple loci |	139064
             % of reads mapped to multiple loci |	1.20%
        Number of reads mapped to too many loci |	3485
             % of reads mapped to too many loci |	0.03%
                                  UNMAPPED READS:
  Number of reads unmapped: too many mismatches |	10803
       % of reads unmapped: too many mismatches |	0.09%
            Number of reads unmapped: too short |	5052008
                 % of reads unmapped: too short |	43.41%
                Number of reads unmapped: other |	1060
                     % of reads unmapped: other |	0.01%
                                  CHIMERIC READS:
                       Number of chimeric reads |	0
                            % of chimeric reads |	0.00%
