                                 Started job on |	Feb 14 15:43:31
                             Started mapping on |	Feb 14 15:43:31
                                    Finished on |	Feb 14 16:08:02
       Mapping speed, Million of reads per hour |	41.51

                          Number of input reads |	16959884
                      Average input read length |	240
                                    UNIQUE READS:
                   Uniquely mapped reads number |	10821623
                        Uniquely mapped reads % |	63.81%
                          Average mapped length |	234.42
                       Number of splices: Total |	1000812
            Number of splices: Annotated (sjdb) |	857582
                       Number of splices: GT/AG |	987320
                       Number of splices: GC/AG |	11096
                       Number of splices: AT/AC |	856
               Number of splices: Non-canonical |	1540
                      Mismatch rate per base, % |	1.54%
                         Deletion rate per base |	0.08%
                        Deletion average length |	2.50
                        Insertion rate per base |	0.04%
                       Insertion average length |	2.05
                             MULTI-MAPPING READS:
        Number of reads mapped to multiple loci |	271845
             % of reads mapped to multiple loci |	1.60%
        Number of reads mapped to too many loci |	3331
             % of reads mapped to too many loci |	0.02%
                                  UNMAPPED READS:
  Number of reads unmapped: too many mismatches |	12345
       % of reads unmapped: too many mismatches |	0.07%
            Number of reads unmapped: too short |	5847786
                 % of reads unmapped: too short |	34.48%
                Number of reads unmapped: other |	2954
                     % of reads unmapped: other |	0.02%
                                  CHIMERIC READS:
                       Number of chimeric reads |	0
                            % of chimeric reads |	0.00%
