                                 Started job on |	Feb 14 15:44:32
                             Started mapping on |	Feb 14 15:44:32
                                    Finished on |	Feb 14 16:15:38
       Mapping speed, Million of reads per hour |	42.79

                          Number of input reads |	22179341
                      Average input read length |	237
                                    UNIQUE READS:
                   Uniquely mapped reads number |	13257142
                        Uniquely mapped reads % |	59.77%
                          Average mapped length |	233.57
                       Number of splices: Total |	1102609
            Number of splices: Annotated (sjdb) |	970726
                       Number of splices: GT/AG |	1087243
                       Number of splices: GC/AG |	11810
                       Number of splices: AT/AC |	1322
               Number of splices: Non-canonical |	2234
                      Mismatch rate per base, % |	1.54%
                         Deletion rate per base |	0.08%
                        Deletion average length |	2.50
                        Insertion rate per base |	0.04%
                       Insertion average length |	2.05
                             MULTI-MAPPING READS:
        Number of reads mapped to multiple loci |	301753
             % of reads mapped to multiple loci |	1.36%
        Number of reads mapped to too many loci |	5201
             % of reads mapped to too many loci |	0.02%
                                  UNMAPPED READS:
  Number of reads unmapped: too many mismatches |	18742
       % of reads unmapped: too many mismatches |	0.08%
            Number of reads unmapped: too short |	8592517
                 % of reads unmapped: too short |	38.74%
                Number of reads unmapped: other |	3986
                     % of reads unmapped: other |	0.02%
                                  CHIMERIC READS:
                       Number of chimeric reads |	0
                            % of chimeric reads |	0.00%
