                                 Started job on |	Feb 14 15:24:47
                             Started mapping on |	Feb 14 15:24:47
                                    Finished on |	Feb 14 15:36:47
       Mapping speed, Million of reads per hour |	41.13

                          Number of input reads |	8225417
                      Average input read length |	238
                                    UNIQUE READS:
                   Uniquely mapped reads number |	3906391
                        Uniquely mapped reads % |	47.49%
                          Average mapped length |	228.87
                       Number of splices: Total |	384647
            Number of splices: Annotated (sjdb) |	344952
                       Number of splices: GT/AG |	379925
                       Number of splices: GC/AG |	4019
                       Number of splices: AT/AC |	385
               Number of splices: Non-canonical |	318
                      Mismatch rate per base, % |	1.51%
                         Deletion rate per base |	0.06%
                        Deletion average length |	1.78
                        Insertion rate per base |	0.03%
                       Insertion average length |	2.05
                             MULTI-MAPPING READS:
        Number of reads mapped to multiple loci |	79419
             % of reads mapped to multiple loci |	0.97%
        Number of reads mapped to too many loci |	2563
             % of reads mapped to too many loci |	0.03%
                                  UNMAPPED READS:
  Number of reads unmapped: too many mismatches |	7284
       % of reads unmapped: too many mismatches |	0.09%
            Number of reads unmapped: too short |	4228977
                 % of reads unmapped: too short |	51.41%
                Number of reads unmapped: other |	783
                     % of reads unmapped: other |	0.01%
                                  CHIMERIC READS:
                       Number of chimeric reads |	0
                            % of chimeric reads |	0.00%
