                                 Started job on |	Feb 14 16:31:40
                             Started mapping on |	Feb 14 16:31:40
                                    Finished on |	Feb 14 17:14:18
       Mapping speed, Million of reads per hour |	47.75

                          Number of input reads |	33926416
                      Average input read length |	248
                                    UNIQUE READS:
                   Uniquely mapped reads number |	24276180
                        Uniquely mapped reads % |	71.56%
                          Average mapped length |	239.51
                       Number of splices: Total |	2495547
            Number of splices: Annotated (sjdb) |	2104462
                       Number of splices: GT/AG |	2460151
                       Number of splices: GC/AG |	32046
                       Number of splices: AT/AC |	1330
               Number of splices: Non-canonical |	2020
                      Mismatch rate per base, % |	1.49%
                         Deletion rate per base |	0.07%
                        Deletion average length |	2.12
                        Insertion rate per base |	0.07%
                       Insertion average length |	2.18
                             MULTI-MAPPING READS:
        Number of reads mapped to multiple loci |	631839
             % of reads mapped to multiple loci |	1.86%
        Number of reads mapped to too many loci |	9069
             % of reads mapped to too many loci |	0.03%
                                  UNMAPPED READS:
  Number of reads unmapped: too many mismatches |	16652
       % of reads unmapped: too many mismatches |	0.05%
            Number of reads unmapped: too short |	8978840
                 % of reads unmapped: too short |	26.47%
                Number of reads unmapped: other |	13836
                     % of reads unmapped: other |	0.04%
                                  CHIMERIC READS:
                       Number of chimeric reads |	0
                            % of chimeric reads |	0.00%
