                                 Started job on |	Feb 14 14:54:47
                             Started mapping on |	Feb 14 14:54:47
                                    Finished on |	Feb 14 15:04:17
       Mapping speed, Million of reads per hour |	44.55

                          Number of input reads |	7053947
                      Average input read length |	235
                                    UNIQUE READS:
                   Uniquely mapped reads number |	4325591
                        Uniquely mapped reads % |	61.32%
                          Average mapped length |	231.84
                       Number of splices: Total |	456062
            Number of splices: Annotated (sjdb) |	406342
                       Number of splices: GT/AG |	449822
                       Number of splices: GC/AG |	5328
                       Number of splices: AT/AC |	359
               Number of splices: Non-canonical |	553
                      Mismatch rate per base, % |	1.50%
                         Deletion rate per base |	0.07%
                        Deletion average length |	1.79
                        Insertion rate per base |	0.04%
                       Insertion average length |	1.96
                             MULTI-MAPPING READS:
        Number of reads mapped to multiple loci |	99237
             % of reads mapped to multiple loci |	1.41%
        Number of reads mapped to too many loci |	2384
             % of reads mapped to too many loci |	0.03%
                                  UNMAPPED READS:
  Number of reads unmapped: too many mismatches |	6557
       % of reads unmapped: too many mismatches |	0.09%
            Number of reads unmapped: too short |	2617586
                 % of reads unmapped: too short |	37.11%
                Number of reads unmapped: other |	2592
                     % of reads unmapped: other |	0.04%
                                  CHIMERIC READS:
                       Number of chimeric reads |	0
                            % of chimeric reads |	0.00%
