                                 Started job on |	Feb 14 15:03:15
                             Started mapping on |	Feb 14 15:03:15
                                    Finished on |	Feb 14 15:03:50
       Mapping speed, Million of reads per hour |	23.57

                          Number of input reads |	229190
                      Average input read length |	220
                                    UNIQUE READS:
                   Uniquely mapped reads number |	117235
                        Uniquely mapped reads % |	51.15%
                          Average mapped length |	217.02
                       Number of splices: Total |	4626
            Number of splices: Annotated (sjdb) |	4093
                       Number of splices: GT/AG |	4510
                       Number of splices: GC/AG |	89
                       Number of splices: AT/AC |	20
               Number of splices: Non-canonical |	7
                      Mismatch rate per base, % |	1.53%
                         Deletion rate per base |	0.10%
                        Deletion average length |	1.66
                        Insertion rate per base |	0.05%
                       Insertion average length |	2.13
                             MULTI-MAPPING READS:
        Number of reads mapped to multiple loci |	1882
             % of reads mapped to multiple loci |	0.82%
        Number of reads mapped to too many loci |	37
             % of reads mapped to too many loci |	0.02%
                                  UNMAPPED READS:
  Number of reads unmapped: too many mismatches |	346
       % of reads unmapped: too many mismatches |	0.15%
            Number of reads unmapped: too short |	109676
                 % of reads unmapped: too short |	47.85%
                Number of reads unmapped: other |	14
                     % of reads unmapped: other |	0.01%
                                  CHIMERIC READS:
                       Number of chimeric reads |	0
                            % of chimeric reads |	0.00%
