                                 Started job on |	Feb 14 15:36:48
                             Started mapping on |	Feb 14 15:36:48
                                    Finished on |	Feb 14 15:51:22
       Mapping speed, Million of reads per hour |	43.87

                          Number of input reads |	10650518
                      Average input read length |	238
                                    UNIQUE READS:
                   Uniquely mapped reads number |	6607711
                        Uniquely mapped reads % |	62.04%
                          Average mapped length |	233.51
                       Number of splices: Total |	500003
            Number of splices: Annotated (sjdb) |	411099
                       Number of splices: GT/AG |	481312
                       Number of splices: GC/AG |	17670
                       Number of splices: AT/AC |	430
               Number of splices: Non-canonical |	591
                      Mismatch rate per base, % |	1.51%
                         Deletion rate per base |	0.06%
                        Deletion average length |	2.10
                        Insertion rate per base |	0.04%
                       Insertion average length |	1.78
                             MULTI-MAPPING READS:
        Number of reads mapped to multiple loci |	128631
             % of reads mapped to multiple loci |	1.21%
        Number of reads mapped to too many loci |	2750
             % of reads mapped to too many loci |	0.03%
                                  UNMAPPED READS:
  Number of reads unmapped: too many mismatches |	8933
       % of reads unmapped: too many mismatches |	0.08%
            Number of reads unmapped: too short |	3901122
                 % of reads unmapped: too short |	36.63%
                Number of reads unmapped: other |	1371
                     % of reads unmapped: other |	0.01%
                                  CHIMERIC READS:
                       Number of chimeric reads |	0
                            % of chimeric reads |	0.00%
