                                 Started job on |	Feb 14 15:54:50
                             Started mapping on |	Feb 14 15:54:51
                                    Finished on |	Feb 14 16:22:13
       Mapping speed, Million of reads per hour |	38.83

                          Number of input reads |	17709144
                      Average input read length |	242
                                    UNIQUE READS:
                   Uniquely mapped reads number |	10911254
                        Uniquely mapped reads % |	61.61%
                          Average mapped length |	236.15
                       Number of splices: Total |	823353
            Number of splices: Annotated (sjdb) |	617990
                       Number of splices: GT/AG |	811944
                       Number of splices: GC/AG |	8909
                       Number of splices: AT/AC |	658
               Number of splices: Non-canonical |	1842
                      Mismatch rate per base, % |	1.54%
                         Deletion rate per base |	0.07%
                        Deletion average length |	2.12
                        Insertion rate per base |	0.05%
                       Insertion average length |	2.03
                             MULTI-MAPPING READS:
        Number of reads mapped to multiple loci |	263213
             % of reads mapped to multiple loci |	1.49%
        Number of reads mapped to too many loci |	6051
             % of reads mapped to too many loci |	0.03%
                                  UNMAPPED READS:
  Number of reads unmapped: too many mismatches |	12578
       % of reads unmapped: too many mismatches |	0.07%
            Number of reads unmapped: too short |	6513279
                 % of reads unmapped: too short |	36.78%
                Number of reads unmapped: other |	2769
                     % of reads unmapped: other |	0.02%
                                  CHIMERIC READS:
                       Number of chimeric reads |	0
                            % of chimeric reads |	0.00%
