                                 Started job on |	Feb 14 16:09:01
                             Started mapping on |	Feb 14 16:09:01
                                    Finished on |	Feb 14 16:34:39
       Mapping speed, Million of reads per hour |	40.85

                          Number of input reads |	17452991
                      Average input read length |	239
                                    UNIQUE READS:
                   Uniquely mapped reads number |	10977606
                        Uniquely mapped reads % |	62.90%
                          Average mapped length |	233.26
                       Number of splices: Total |	817678
            Number of splices: Annotated (sjdb) |	713363
                       Number of splices: GT/AG |	806385
                       Number of splices: GC/AG |	9741
                       Number of splices: AT/AC |	801
               Number of splices: Non-canonical |	751
                      Mismatch rate per base, % |	1.47%
                         Deletion rate per base |	0.09%
                        Deletion average length |	1.86
                        Insertion rate per base |	0.05%
                       Insertion average length |	1.87
                             MULTI-MAPPING READS:
        Number of reads mapped to multiple loci |	186187
             % of reads mapped to multiple loci |	1.07%
        Number of reads mapped to too many loci |	4138
             % of reads mapped to too many loci |	0.02%
                                  UNMAPPED READS:
  Number of reads unmapped: too many mismatches |	12701
       % of reads unmapped: too many mismatches |	0.07%
            Number of reads unmapped: too short |	6270646
                 % of reads unmapped: too short |	35.93%
                Number of reads unmapped: other |	1713
                     % of reads unmapped: other |	0.01%
                                  CHIMERIC READS:
                       Number of chimeric reads |	0
                            % of chimeric reads |	0.00%
