                                 Started job on |	Feb 14 16:06:33
                             Started mapping on |	Feb 14 16:06:33
                                    Finished on |	Feb 14 16:31:38
       Mapping speed, Million of reads per hour |	42.81

                          Number of input reads |	17895846
                      Average input read length |	216
                                    UNIQUE READS:
                   Uniquely mapped reads number |	8574664
                        Uniquely mapped reads % |	47.91%
                          Average mapped length |	209.56
                       Number of splices: Total |	276920
            Number of splices: Annotated (sjdb) |	122222
                       Number of splices: GT/AG |	138995
                       Number of splices: GC/AG |	135123
                       Number of splices: AT/AC |	1951
               Number of splices: Non-canonical |	851
                      Mismatch rate per base, % |	1.63%
                         Deletion rate per base |	0.07%
                        Deletion average length |	2.02
                        Insertion rate per base |	0.04%
                       Insertion average length |	1.85
                             MULTI-MAPPING READS:
        Number of reads mapped to multiple loci |	174821
             % of reads mapped to multiple loci |	0.98%
        Number of reads mapped to too many loci |	2624
             % of reads mapped to too many loci |	0.01%
                                  UNMAPPED READS:
  Number of reads unmapped: too many mismatches |	27559
       % of reads unmapped: too many mismatches |	0.15%
            Number of reads unmapped: too short |	9114245
                 % of reads unmapped: too short |	50.93%
                Number of reads unmapped: other |	1933
                     % of reads unmapped: other |	0.01%
                                  CHIMERIC READS:
                       Number of chimeric reads |	0
                            % of chimeric reads |	0.00%
