                                 Started job on |	Feb 14 15:37:27
                             Started mapping on |	Feb 14 15:37:27
                                    Finished on |	Feb 14 15:38:27
       Mapping speed, Million of reads per hour |	30.29

                          Number of input reads |	504875
                      Average input read length |	219
                                    UNIQUE READS:
                   Uniquely mapped reads number |	243554
                        Uniquely mapped reads % |	48.24%
                          Average mapped length |	217.27
                       Number of splices: Total |	13566
            Number of splices: Annotated (sjdb) |	11981
                       Number of splices: GT/AG |	13310
                       Number of splices: GC/AG |	157
                       Number of splices: AT/AC |	75
               Number of splices: Non-canonical |	24
                      Mismatch rate per base, % |	1.59%
                         Deletion rate per base |	0.08%
                        Deletion average length |	1.96
                        Insertion rate per base |	0.04%
                       Insertion average length |	2.15
                             MULTI-MAPPING READS:
        Number of reads mapped to multiple loci |	4835
             % of reads mapped to multiple loci |	0.96%
        Number of reads mapped to too many loci |	94
             % of reads mapped to too many loci |	0.02%
                                  UNMAPPED READS:
  Number of reads unmapped: too many mismatches |	945
       % of reads unmapped: too many mismatches |	0.19%
            Number of reads unmapped: too short |	255405
                 % of reads unmapped: too short |	50.59%
                Number of reads unmapped: other |	42
                     % of reads unmapped: other |	0.01%
                                  CHIMERIC READS:
                       Number of chimeric reads |	0
                            % of chimeric reads |	0.00%
