                                 Started job on |	Feb 14 15:51:07
                             Started mapping on |	Feb 14 15:51:07
                                    Finished on |	Feb 14 16:06:32
       Mapping speed, Million of reads per hour |	43.02

                          Number of input reads |	11054121
                      Average input read length |	229
                                    UNIQUE READS:
                   Uniquely mapped reads number |	5623584
                        Uniquely mapped reads % |	50.87%
                          Average mapped length |	224.06
                       Number of splices: Total |	415778
            Number of splices: Annotated (sjdb) |	372836
                       Number of splices: GT/AG |	409358
                       Number of splices: GC/AG |	4884
                       Number of splices: AT/AC |	1004
               Number of splices: Non-canonical |	532
                      Mismatch rate per base, % |	1.56%
                         Deletion rate per base |	0.09%
                        Deletion average length |	2.09
                        Insertion rate per base |	0.04%
                       Insertion average length |	2.20
                             MULTI-MAPPING READS:
        Number of reads mapped to multiple loci |	131303
             % of reads mapped to multiple loci |	1.19%
        Number of reads mapped to too many loci |	2937
             % of reads mapped to too many loci |	0.03%
                                  UNMAPPED READS:
  Number of reads unmapped: too many mismatches |	12408
       % of reads unmapped: too many mismatches |	0.11%
            Number of reads unmapped: too short |	5282885
                 % of reads unmapped: too short |	47.79%
                Number of reads unmapped: other |	1004
                     % of reads unmapped: other |	0.01%
                                  CHIMERIC READS:
                       Number of chimeric reads |	0
                            % of chimeric reads |	0.00%
