                                 Started job on |	Feb 14 15:39:00
                             Started mapping on |	Feb 14 15:39:01
                                    Finished on |	Feb 14 15:44:31
       Mapping speed, Million of reads per hour |	45.12

                          Number of input reads |	4135993
                      Average input read length |	225
                                    UNIQUE READS:
                   Uniquely mapped reads number |	1938782
                        Uniquely mapped reads % |	46.88%
                          Average mapped length |	220.02
                       Number of splices: Total |	143175
            Number of splices: Annotated (sjdb) |	128439
                       Number of splices: GT/AG |	140812
                       Number of splices: GC/AG |	1727
                       Number of splices: AT/AC |	365
               Number of splices: Non-canonical |	271
                      Mismatch rate per base, % |	1.55%
                         Deletion rate per base |	0.07%
                        Deletion average length |	1.63
                        Insertion rate per base |	0.04%
                       Insertion average length |	2.17
                             MULTI-MAPPING READS:
        Number of reads mapped to multiple loci |	41559
             % of reads mapped to multiple loci |	1.00%
        Number of reads mapped to too many loci |	1156
             % of reads mapped to too many loci |	0.03%
                                  UNMAPPED READS:
  Number of reads unmapped: too many mismatches |	5691
       % of reads unmapped: too many mismatches |	0.14%
            Number of reads unmapped: too short |	2148269
                 % of reads unmapped: too short |	51.94%
                Number of reads unmapped: other |	536
                     % of reads unmapped: other |	0.01%
                                  CHIMERIC READS:
                       Number of chimeric reads |	0
                            % of chimeric reads |	0.00%
