                                 Started job on |	Feb 14 16:09:44
                             Started mapping on |	Feb 14 16:09:44
                                    Finished on |	Feb 14 16:42:02
       Mapping speed, Million of reads per hour |	40.95

                          Number of input reads |	22046152
                      Average input read length |	248
                                    UNIQUE READS:
                   Uniquely mapped reads number |	15897496
                        Uniquely mapped reads % |	72.11%
                          Average mapped length |	239.52
                       Number of splices: Total |	732383
            Number of splices: Annotated (sjdb) |	609963
                       Number of splices: GT/AG |	723943
                       Number of splices: GC/AG |	6235
                       Number of splices: AT/AC |	651
               Number of splices: Non-canonical |	1554
                      Mismatch rate per base, % |	1.42%
                         Deletion rate per base |	0.06%
                        Deletion average length |	2.20
                        Insertion rate per base |	0.04%
                       Insertion average length |	1.97
                             MULTI-MAPPING READS:
        Number of reads mapped to multiple loci |	387130
             % of reads mapped to multiple loci |	1.76%
        Number of reads mapped to too many loci |	2407
             % of reads mapped to too many loci |	0.01%
                                  UNMAPPED READS:
  Number of reads unmapped: too many mismatches |	8882
       % of reads unmapped: too many mismatches |	0.04%
            Number of reads unmapped: too short |	5749117
                 % of reads unmapped: too short |	26.08%
                Number of reads unmapped: other |	1120
                     % of reads unmapped: other |	0.01%
                                  CHIMERIC READS:
                       Number of chimeric reads |	0
                            % of chimeric reads |	0.00%
