                                 Started job on |	Feb 14 15:38:27
                             Started mapping on |	Feb 14 15:38:28
                                    Finished on |	Feb 14 15:39:00
       Mapping speed, Million of reads per hour |	4.52

                          Number of input reads |	40199
                      Average input read length |	247
                                    UNIQUE READS:
                   Uniquely mapped reads number |	135
                        Uniquely mapped reads % |	0.34%
                          Average mapped length |	187.88
                       Number of splices: Total |	0
            Number of splices: Annotated (sjdb) |	0
                       Number of splices: GT/AG |	0
                       Number of splices: GC/AG |	0
                       Number of splices: AT/AC |	0
               Number of splices: Non-canonical |	0
                      Mismatch rate per base, % |	3.80%
                         Deletion rate per base |	0.15%
                        Deletion average length |	3.45
                        Insertion rate per base |	0.00%
                       Insertion average length |	1.00
                             MULTI-MAPPING READS:
        Number of reads mapped to multiple loci |	68
             % of reads mapped to multiple loci |	0.17%
        Number of reads mapped to too many loci |	17
             % of reads mapped to too many loci |	0.04%
                                  UNMAPPED READS:
  Number of reads unmapped: too many mismatches |	7
       % of reads unmapped: too many mismatches |	0.02%
            Number of reads unmapped: too short |	39954
                 % of reads unmapped: too short |	99.39%
                Number of reads unmapped: other |	18
                     % of reads unmapped: other |	0.04%
                                  CHIMERIC READS:
                       Number of chimeric reads |	0
                            % of chimeric reads |	0.00%
