                                 Started job on |	Feb 14 16:08:03
                             Started mapping on |	Feb 14 16:08:03
                                    Finished on |	Feb 14 16:35:13
       Mapping speed, Million of reads per hour |	39.80

                          Number of input reads |	18021518
                      Average input read length |	247
                                    UNIQUE READS:
                   Uniquely mapped reads number |	11493968
                        Uniquely mapped reads % |	63.78%
                          Average mapped length |	239.25
                       Number of splices: Total |	1021347
            Number of splices: Annotated (sjdb) |	844374
                       Number of splices: GT/AG |	1007587
                       Number of splices: GC/AG |	11105
                       Number of splices: AT/AC |	850
               Number of splices: Non-canonical |	1805
                      Mismatch rate per base, % |	1.53%
                         Deletion rate per base |	0.07%
                        Deletion average length |	2.07
                        Insertion rate per base |	0.04%
                       Insertion average length |	2.20
                             MULTI-MAPPING READS:
        Number of reads mapped to multiple loci |	272169
             % of reads mapped to multiple loci |	1.51%
        Number of reads mapped to too many loci |	4448
             % of reads mapped to too many loci |	0.02%
                                  UNMAPPED READS:
  Number of reads unmapped: too many mismatches |	10974
       % of reads unmapped: too many mismatches |	0.06%
            Number of reads unmapped: too short |	6238023
                 % of reads unmapped: too short |	34.61%
                Number of reads unmapped: other |	1936
                     % of reads unmapped: other |	0.01%
                                  CHIMERIC READS:
                       Number of chimeric reads |	0
                            % of chimeric reads |	0.00%
