                                 Started job on |	Feb 14 16:12:24
                             Started mapping on |	Feb 14 16:12:24
                                    Finished on |	Feb 14 16:39:31
       Mapping speed, Million of reads per hour |	37.51

                          Number of input reads |	16953958
                      Average input read length |	247
                                    UNIQUE READS:
                   Uniquely mapped reads number |	11875806
                        Uniquely mapped reads % |	70.05%
                          Average mapped length |	239.20
                       Number of splices: Total |	1685121
            Number of splices: Annotated (sjdb) |	1460935
                       Number of splices: GT/AG |	1664943
                       Number of splices: GC/AG |	16443
                       Number of splices: AT/AC |	1167
               Number of splices: Non-canonical |	2568
                      Mismatch rate per base, % |	1.50%
                         Deletion rate per base |	0.07%
                        Deletion average length |	2.66
                        Insertion rate per base |	0.05%
                       Insertion average length |	2.01
                             MULTI-MAPPING READS:
        Number of reads mapped to multiple loci |	419570
             % of reads mapped to multiple loci |	2.47%
        Number of reads mapped to too many loci |	10744
             % of reads mapped to too many loci |	0.06%
                                  UNMAPPED READS:
  Number of reads unmapped: too many mismatches |	8395
       % of reads unmapped: too many mismatches |	0.05%
            Number of reads unmapped: too short |	4614168
                 % of reads unmapped: too short |	27.22%
                Number of reads unmapped: other |	25275
                     % of reads unmapped: other |	0.15%
                                  CHIMERIC READS:
                       Number of chimeric reads |	0
                            % of chimeric reads |	0.00%
