                                 Started job on |	Feb 14 16:16:39
                             Started mapping on |	Feb 14 16:16:39
                                    Finished on |	Feb 14 16:44:10
       Mapping speed, Million of reads per hour |	44.35

                          Number of input reads |	20341500
                      Average input read length |	247
                                    UNIQUE READS:
                   Uniquely mapped reads number |	14362710
                        Uniquely mapped reads % |	70.61%
                          Average mapped length |	240.98
                       Number of splices: Total |	1222450
            Number of splices: Annotated (sjdb) |	1009222
                       Number of splices: GT/AG |	1206597
                       Number of splices: GC/AG |	13281
                       Number of splices: AT/AC |	1130
               Number of splices: Non-canonical |	1442
                      Mismatch rate per base, % |	1.49%
                         Deletion rate per base |	0.08%
                        Deletion average length |	2.41
                        Insertion rate per base |	0.05%
                       Insertion average length |	1.98
                             MULTI-MAPPING READS:
        Number of reads mapped to multiple loci |	330153
             % of reads mapped to multiple loci |	1.62%
        Number of reads mapped to too many loci |	3934
             % of reads mapped to too many loci |	0.02%
                                  UNMAPPED READS:
  Number of reads unmapped: too many mismatches |	9100
       % of reads unmapped: too many mismatches |	0.04%
            Number of reads unmapped: too short |	5633728
                 % of reads unmapped: too short |	27.70%
                Number of reads unmapped: other |	1875
                     % of reads unmapped: other |	0.01%
                                  CHIMERIC READS:
                       Number of chimeric reads |	0
                            % of chimeric reads |	0.00%
