                                 Started job on |	Feb 14 16:34:41
                             Started mapping on |	Feb 14 16:34:41
                                    Finished on |	Feb 14 16:52:44
       Mapping speed, Million of reads per hour |	45.74

                          Number of input reads |	13760810
                      Average input read length |	227
                                    UNIQUE READS:
                   Uniquely mapped reads number |	7148386
                        Uniquely mapped reads % |	51.95%
                          Average mapped length |	220.08
                       Number of splices: Total |	444764
            Number of splices: Annotated (sjdb) |	395529
                       Number of splices: GT/AG |	437350
                       Number of splices: GC/AG |	5640
                       Number of splices: AT/AC |	918
               Number of splices: Non-canonical |	856
                      Mismatch rate per base, % |	1.57%
                         Deletion rate per base |	0.07%
                        Deletion average length |	1.63
                        Insertion rate per base |	0.04%
                       Insertion average length |	2.10
                             MULTI-MAPPING READS:
        Number of reads mapped to multiple loci |	145270
             % of reads mapped to multiple loci |	1.06%
        Number of reads mapped to too many loci |	3591
             % of reads mapped to too many loci |	0.03%
                                  UNMAPPED READS:
  Number of reads unmapped: too many mismatches |	15670
       % of reads unmapped: too many mismatches |	0.11%
            Number of reads unmapped: too short |	6446308
                 % of reads unmapped: too short |	46.85%
                Number of reads unmapped: other |	1585
                     % of reads unmapped: other |	0.01%
                                  CHIMERIC READS:
                       Number of chimeric reads |	0
                            % of chimeric reads |	0.00%
