                                 Started job on |	Feb 14 16:39:33
                             Started mapping on |	Feb 14 16:39:33
                                    Finished on |	Feb 14 17:06:41
       Mapping speed, Million of reads per hour |	46.15

                          Number of input reads |	20871700
                      Average input read length |	253
                                    UNIQUE READS:
                   Uniquely mapped reads number |	15736158
                        Uniquely mapped reads % |	75.39%
                          Average mapped length |	244.04
                       Number of splices: Total |	2061864
            Number of splices: Annotated (sjdb) |	1591235
                       Number of splices: GT/AG |	2036750
                       Number of splices: GC/AG |	22995
                       Number of splices: AT/AC |	991
               Number of splices: Non-canonical |	1128
                      Mismatch rate per base, % |	1.47%
                         Deletion rate per base |	0.06%
                        Deletion average length |	2.11
                        Insertion rate per base |	0.04%
                       Insertion average length |	2.14
                             MULTI-MAPPING READS:
        Number of reads mapped to multiple loci |	347916
             % of reads mapped to multiple loci |	1.67%
        Number of reads mapped to too many loci |	3370
             % of reads mapped to too many loci |	0.02%
                                  UNMAPPED READS:
  Number of reads unmapped: too many mismatches |	7179
       % of reads unmapped: too many mismatches |	0.03%
            Number of reads unmapped: too short |	4774330
                 % of reads unmapped: too short |	22.87%
                Number of reads unmapped: other |	2747
                     % of reads unmapped: other |	0.01%
                                  CHIMERIC READS:
                       Number of chimeric reads |	0
                            % of chimeric reads |	0.00%
