                                 Started job on |	Feb 14 15:45:29
                             Started mapping on |	Feb 14 15:45:29
                                    Finished on |	Feb 14 15:51:06
       Mapping speed, Million of reads per hour |	37.55

                          Number of input reads |	3514901
                      Average input read length |	225
                                    UNIQUE READS:
                   Uniquely mapped reads number |	1645014
                        Uniquely mapped reads % |	46.80%
                          Average mapped length |	222.59
                       Number of splices: Total |	166695
            Number of splices: Annotated (sjdb) |	147825
                       Number of splices: GT/AG |	158863
                       Number of splices: GC/AG |	7538
                       Number of splices: AT/AC |	131
               Number of splices: Non-canonical |	163
                      Mismatch rate per base, % |	1.58%
                         Deletion rate per base |	0.07%
                        Deletion average length |	2.46
                        Insertion rate per base |	0.07%
                       Insertion average length |	2.09
                             MULTI-MAPPING READS:
        Number of reads mapped to multiple loci |	67579
             % of reads mapped to multiple loci |	1.92%
        Number of reads mapped to too many loci |	2550
             % of reads mapped to too many loci |	0.07%
                                  UNMAPPED READS:
  Number of reads unmapped: too many mismatches |	5152
       % of reads unmapped: too many mismatches |	0.15%
            Number of reads unmapped: too short |	1787517
                 % of reads unmapped: too short |	50.86%
                Number of reads unmapped: other |	7089
                     % of reads unmapped: other |	0.20%
                                  CHIMERIC READS:
                       Number of chimeric reads |	0
                            % of chimeric reads |	0.00%
