                                 Started job on |	Feb 14 15:50:01
                             Started mapping on |	Feb 14 15:50:01
                                    Finished on |	Feb 14 15:54:50
       Mapping speed, Million of reads per hour |	50.91

                          Number of input reads |	4087317
                      Average input read length |	204
                                    UNIQUE READS:
                   Uniquely mapped reads number |	1642845
                        Uniquely mapped reads % |	40.19%
                          Average mapped length |	198.72
                       Number of splices: Total |	121684
            Number of splices: Annotated (sjdb) |	104732
                       Number of splices: GT/AG |	110962
                       Number of splices: GC/AG |	10284
                       Number of splices: AT/AC |	325
               Number of splices: Non-canonical |	113
                      Mismatch rate per base, % |	1.58%
                         Deletion rate per base |	0.06%
                        Deletion average length |	1.81
                        Insertion rate per base |	0.03%
                       Insertion average length |	1.75
                             MULTI-MAPPING READS:
        Number of reads mapped to multiple loci |	28887
             % of reads mapped to multiple loci |	0.71%
        Number of reads mapped to too many loci |	1226
             % of reads mapped to too many loci |	0.03%
                                  UNMAPPED READS:
  Number of reads unmapped: too many mismatches |	9409
       % of reads unmapped: too many mismatches |	0.23%
            Number of reads unmapped: too short |	2404143
                 % of reads unmapped: too short |	58.82%
                Number of reads unmapped: other |	807
                     % of reads unmapped: other |	0.02%
                                  CHIMERIC READS:
                       Number of chimeric reads |	0
                            % of chimeric reads |	0.00%
