                                 Started job on |	Feb 14 16:42:04
                             Started mapping on |	Feb 14 16:42:05
                                    Finished on |	Feb 14 17:03:09
       Mapping speed, Million of reads per hour |	41.99

                          Number of input reads |	14744822
                      Average input read length |	251
                                    UNIQUE READS:
                   Uniquely mapped reads number |	10935198
                        Uniquely mapped reads % |	74.16%
                          Average mapped length |	240.65
                       Number of splices: Total |	1692970
            Number of splices: Annotated (sjdb) |	1483685
                       Number of splices: GT/AG |	1671488
                       Number of splices: GC/AG |	19286
                       Number of splices: AT/AC |	1042
               Number of splices: Non-canonical |	1154
                      Mismatch rate per base, % |	1.49%
                         Deletion rate per base |	0.07%
                        Deletion average length |	2.01
                        Insertion rate per base |	0.04%
                       Insertion average length |	2.03
                             MULTI-MAPPING READS:
        Number of reads mapped to multiple loci |	292514
             % of reads mapped to multiple loci |	1.98%
        Number of reads mapped to too many loci |	6335
             % of reads mapped to too many loci |	0.04%
                                  UNMAPPED READS:
  Number of reads unmapped: too many mismatches |	5949
       % of reads unmapped: too many mismatches |	0.04%
            Number of reads unmapped: too short |	3495184
                 % of reads unmapped: too short |	23.70%
                Number of reads unmapped: other |	9642
                     % of reads unmapped: other |	0.07%
                                  CHIMERIC READS:
                       Number of chimeric reads |	0
                            % of chimeric reads |	0.00%
