                                 Started job on |	Feb 14 16:35:15
                             Started mapping on |	Feb 14 16:35:15
                                    Finished on |	Feb 14 16:48:16
       Mapping speed, Million of reads per hour |	50.27

                          Number of input reads |	10906583
                      Average input read length |	229
                                    UNIQUE READS:
                   Uniquely mapped reads number |	6459041
                        Uniquely mapped reads % |	59.22%
                          Average mapped length |	228.15
                       Number of splices: Total |	280615
            Number of splices: Annotated (sjdb) |	208921
                       Number of splices: GT/AG |	275653
                       Number of splices: GC/AG |	2994
                       Number of splices: AT/AC |	885
               Number of splices: Non-canonical |	1083
                      Mismatch rate per base, % |	1.46%
                         Deletion rate per base |	0.08%
                        Deletion average length |	2.28
                        Insertion rate per base |	0.04%
                       Insertion average length |	2.29
                             MULTI-MAPPING READS:
        Number of reads mapped to multiple loci |	147884
             % of reads mapped to multiple loci |	1.36%
        Number of reads mapped to too many loci |	2232
             % of reads mapped to too many loci |	0.02%
                                  UNMAPPED READS:
  Number of reads unmapped: too many mismatches |	8625
       % of reads unmapped: too many mismatches |	0.08%
            Number of reads unmapped: too short |	4288114
                 % of reads unmapped: too short |	39.32%
                Number of reads unmapped: other |	687
                     % of reads unmapped: other |	0.01%
                                  CHIMERIC READS:
                       Number of chimeric reads |	0
                            % of chimeric reads |	0.00%
