[2023-10-26 16:45:52,214] multiqc                                            [DEBUG  ]  This is MultiQC v1.15
[2023-10-26 16:45:52,216] multiqc                                            [DEBUG  ]  Command used: /programs/multiqc-1.15/bin/multiqc ./TCDM1/cutadapters/ ./TCDM2/cutadapters/
[2023-10-26 16:45:52,480] multiqc                                            [WARNING]  MultiQC Version v1.16 now available!
[2023-10-26 16:45:52,480] multiqc                                            [DEBUG  ]  Working dir : /local/workdir/ssv42/RNAseq
[2023-10-26 16:45:52,480] multiqc                                            [DEBUG  ]  Template    : default
[2023-10-26 16:45:52,480] multiqc                                            [DEBUG  ]  Running Python 3.9.10 (main, Sep 23 2022, 00:00:00)  [GCC 11.2.1 20220127 (Red Hat 11.2.1-9)]
[2023-10-26 16:45:52,480] multiqc                                            [DEBUG  ]  Analysing modules: custom_content, ccs, ngsderive, purple, conpair, lima, peddy, somalier, methylQA, mosdepth, phantompeakqualtools, qualimap, preseq, hifiasm, quast, qorts, rna_seqc, rockhopper, rsem, rseqc, busco, bustools, goleft_indexcov, gffcompare, disambiguate, supernova, deeptools, sargasso, verifybamid, mirtrace, happy, mirtop, sambamba, gopeaks, homer, hops, macs2, theta2, snpeff, gatk, htseq, bcftools, featureCounts, fgbio, dragen, dragen_fastqc, dedup, pbmarkdup, damageprofiler, biobambam2, jcvi, mtnucratio, picard, vep, sentieon, prokka, qc3C, nanostat, samblaster, samtools, sexdeterrmine, eigenstratdatabasetools, bamtools, jellyfish, vcftools, longranger, stacks, varscan2, snippy, umitools, bbmap, bismark, biscuit, diamond, hicexplorer, hicup, hicpro, salmon, kallisto, slamdunk, star, hisat2, tophat, bowtie2, bowtie1, cellranger, snpsplit, odgi, pangolin, nextclade, humid, kat, leehom, librarian, adapterRemoval, bbduk, clipandmerge, cutadapt, flexbar, kaiju, kraken, malt, motus, trimmomatic, sickle, skewer, sortmerna, biobloomtools, fastq_screen, afterqc, fastp, fastqc, filtlong, prinseqplusplus, pychopper, porechop, pycoqc, minionqc, anglerfish, multivcfanalyzer, clusterflow, checkqc, bcl2fastq, bclconvert, interop, ivar, flash, seqyclean, optitype, whatshap
[2023-10-26 16:45:52,481] multiqc                                            [DEBUG  ]  Using temporary directory for creating report: /tmp/tmpmkmmkccv
[2023-10-26 16:45:52,963] multiqc                                            [INFO   ]  Search path : /local/workdir/ssv42/RNAseq/TCDM1/cutadapters
[2023-10-26 16:45:52,963] multiqc                                            [INFO   ]  Search path : /local/workdir/ssv42/RNAseq/TCDM2/cutadapters
[2023-10-26 16:45:54,930] multiqc                                            [DEBUG  ]  Summary of files that were skipped by the search: [skipped_module_specific_max_filesize: 2112] // [skipped_no_match: 384] // [skipped_ignore_pattern: 192]
[2023-10-26 16:45:55,949] multiqc.plots.bargraph                             [DEBUG  ]  Using matplotlib version 3.6.2
[2023-10-26 16:45:56,001] multiqc.plots.linegraph                            [DEBUG  ]  Using matplotlib version 3.6.2
[2023-10-26 16:45:56,032] multiqc                                            [DEBUG  ]  No samples found: custom_content
[2023-10-26 16:46:08,897] multiqc.modules.fastqc.fastqc                      [INFO   ]  Found 192 reports
[2023-10-26 16:46:23,823] multiqc                                            [DEBUG  ]  Compressing plot data
[2023-10-26 16:46:23,895] multiqc                                            [INFO   ]  Report      : multiqc_report.html
[2023-10-26 16:46:23,895] multiqc                                            [INFO   ]  Data        : multiqc_data
[2023-10-26 16:46:23,895] multiqc                                            [DEBUG  ]  Moving data file from '/tmp/tmpmkmmkccv/multiqc_data' to '/local/workdir/ssv42/RNAseq/multiqc_data'
[2023-10-26 16:46:25,243] multiqc                                            [INFO   ]  MultiQC complete
