[2025-02-17 08:45:06,662] multiqc                                            [DEBUG  ]  This is MultiQC v1.15
[2025-02-17 08:45:06,664] multiqc                                            [DEBUG  ]  Command used: /programs/multiqc-1.15/bin/multiqc --interactive .
[2025-02-17 08:45:07,169] multiqc                                            [WARNING]  MultiQC Version v1.27 now available!
[2025-02-17 08:45:07,170] multiqc                                            [DEBUG  ]  Working dir : /local/workdir/ssv42/RNAseq_yr2/STARalignedreads_PE
[2025-02-17 08:45:07,170] multiqc                                            [DEBUG  ]  Template    : default
[2025-02-17 08:45:07,170] multiqc                                            [DEBUG  ]  Running Python 3.9.18 (main, Aug 23 2024, 00:00:00)  [GCC 11.4.1 20231218 (Red Hat 11.4.1-3)]
[2025-02-17 08:45:07,170] multiqc                                            [DEBUG  ]  Analysing modules: custom_content, ccs, ngsderive, purple, conpair, lima, peddy, somalier, methylQA, mosdepth, phantompeakqualtools, qualimap, preseq, hifiasm, quast, qorts, rna_seqc, rockhopper, rsem, rseqc, busco, bustools, goleft_indexcov, gffcompare, disambiguate, supernova, deeptools, sargasso, verifybamid, mirtrace, happy, mirtop, sambamba, gopeaks, homer, hops, macs2, theta2, snpeff, gatk, htseq, bcftools, featureCounts, fgbio, dragen, dragen_fastqc, dedup, pbmarkdup, damageprofiler, biobambam2, jcvi, mtnucratio, picard, vep, sentieon, prokka, qc3C, nanostat, samblaster, samtools, sexdeterrmine, eigenstratdatabasetools, bamtools, jellyfish, vcftools, longranger, stacks, varscan2, snippy, umitools, bbmap, bismark, biscuit, diamond, hicexplorer, hicup, hicpro, salmon, kallisto, slamdunk, star, hisat2, tophat, bowtie2, bowtie1, cellranger, snpsplit, odgi, pangolin, nextclade, humid, kat, leehom, librarian, adapterRemoval, bbduk, clipandmerge, cutadapt, flexbar, kaiju, kraken, malt, motus, trimmomatic, sickle, skewer, sortmerna, biobloomtools, fastq_screen, afterqc, fastp, fastqc, filtlong, prinseqplusplus, pychopper, porechop, pycoqc, minionqc, anglerfish, multivcfanalyzer, clusterflow, checkqc, bcl2fastq, bclconvert, interop, ivar, flash, seqyclean, optitype, whatshap
[2025-02-17 08:45:07,170] multiqc                                            [DEBUG  ]  Using temporary directory for creating report: /tmp/tmp7bhaasmv
[2025-02-17 08:45:08,078] multiqc                                            [INFO   ]  Search path : /local/workdir/ssv42/RNAseq_yr2/STARalignedreads_PE
[2025-02-17 08:45:13,892] multiqc                                            [DEBUG  ]  Summary of files that were skipped by the search: [skipped_module_specific_max_filesize: 3952] // [skipped_no_match: 1158] // [skipped_filesize_limit: 354] // [skipped_ignore_pattern: 193]
[2025-02-17 08:45:15,358] multiqc.plots.bargraph                             [DEBUG  ]  Using matplotlib version 3.9.2
[2025-02-17 08:45:15,600] multiqc.plots.linegraph                            [DEBUG  ]  Using matplotlib version 3.9.2
[2025-02-17 08:45:15,647] multiqc                                            [DEBUG  ]  No samples found: custom_content
[2025-02-17 08:45:16,216] multiqc.modules.star.star                          [DEBUG  ]  Duplicate ReadsPerGene sample name found! Overwriting: 3_C01_320_X2_24_rt1_i_10479813_22MM3HLT4_L3
[2025-02-17 08:45:16,261] multiqc.modules.star.star                          [DEBUG  ]  Duplicate ReadsPerGene sample name found! Overwriting: 3_A04_303_X11_68_rt2_i_10479813_22MM3HLT4_L3
[2025-02-17 08:45:16,303] multiqc.modules.star.star                          [DEBUG  ]  Duplicate ReadsPerGene sample name found! Overwriting: 3_A01_109_X11_68_rt2_i_10479813_22MM3HLT4_L3
[2025-02-17 08:45:16,357] multiqc.modules.star.star                          [DEBUG  ]  Duplicate ReadsPerGene sample name found! Overwriting: 3_B01_109_X11_68_rt3_i_10479813_22MM3HLT4_L3
[2025-02-17 08:45:16,408] multiqc.modules.star.star                          [DEBUG  ]  Duplicate ReadsPerGene sample name found! Overwriting: 3_A02_113_C17_rt2_o_10479813_22MM3HLT4_L3
[2025-02-17 08:45:16,452] multiqc.modules.star.star                          [DEBUG  ]  Duplicate ReadsPerGene sample name found! Overwriting: 3_A12_218_X8_415_rt3_o_10479813_22MM3HLT4_L3
[2025-02-17 08:45:16,505] multiqc.modules.star.star                          [DEBUG  ]  Duplicate ReadsPerGene sample name found! Overwriting: 3_C05_113_C17_rt1_i_10479813_22MM3HLT4_L3
[2025-02-17 08:45:16,556] multiqc.modules.star.star                          [DEBUG  ]  Duplicate ReadsPerGene sample name found! Overwriting: 3_B11_207_A04_rt3_i_10479813_22MM3HLT4_L3
[2025-02-17 08:45:16,609] multiqc.modules.star.star                          [DEBUG  ]  Duplicate ReadsPerGene sample name found! Overwriting: 3_A06_206_C17_rt3_o_10479813_22MM3HLT4_L3
[2025-02-17 08:45:16,652] multiqc.modules.star.star                          [DEBUG  ]  Duplicate ReadsPerGene sample name found! Overwriting: 3_B09_106_X4_46_rt3_i_10479813_22MM3HLT4_L3
[2025-02-17 08:45:16,695] multiqc.modules.star.star                          [DEBUG  ]  Duplicate ReadsPerGene sample name found! Overwriting: 3_A11_207_A04_rt2_i_10479813_22MM3HLT4_L3
[2025-02-17 08:45:16,743] multiqc.modules.star.star                          [DEBUG  ]  Duplicate ReadsPerGene sample name found! Overwriting: 3_C02_313_X1_54_rt2_i_10479813_22MM3HLT4_L3
[2025-02-17 08:45:16,791] multiqc.modules.star.star                          [DEBUG  ]  Duplicate ReadsPerGene sample name found! Overwriting: 3_C07_109_X11_68_rt3_o_10479813_22MM3HLT4_L3
[2025-02-17 08:45:16,836] multiqc.modules.star.star                          [DEBUG  ]  Duplicate ReadsPerGene sample name found! Overwriting: 3_B02_313_X1_54_rt1_i_10479813_22MM3HLT4_L3
[2025-02-17 08:45:16,887] multiqc.modules.star.star                          [DEBUG  ]  Duplicate ReadsPerGene sample name found! Overwriting: 3_B12_220_X10_39_rt1_i_10479813_22MM3HLT4_L3
[2025-02-17 08:45:16,939] multiqc.modules.star.star                          [DEBUG  ]  Duplicate ReadsPerGene sample name found! Overwriting: 3_A10_112_X4_67_rt3_o_10479813_22MM3HLT4_L3
[2025-02-17 08:45:16,988] multiqc.modules.star.star                          [DEBUG  ]  Duplicate ReadsPerGene sample name found! Overwriting: 3_B04_411_C17_rt1_o_10479813_22MM3HLT4_L3
[2025-02-17 08:45:17,026] multiqc.modules.star.star                          [DEBUG  ]  Duplicate ReadsPerGene sample name found! Overwriting: 3_B06_313_X1_54_rt2_o_10479813_22MM3HLT4_L3
[2025-02-17 08:45:17,081] multiqc.modules.star.star                          [DEBUG  ]  Duplicate ReadsPerGene sample name found! Overwriting: 3_A05_113_C17_rt2_i_10479813_22MM3HLT4_L3
[2025-02-17 08:45:17,133] multiqc.modules.star.star                          [DEBUG  ]  Duplicate ReadsPerGene sample name found! Overwriting: 3_C06_113_C17_rt1_o_10479813_22MM3HLT4_L3
[2025-02-17 08:45:17,182] multiqc.modules.star.star                          [DEBUG  ]  Duplicate ReadsPerGene sample name found! Overwriting: 3_B03_115_X1_54_rt1_o_10479813_22MM3HLT4_L3
[2025-02-17 08:45:17,224] multiqc.modules.star.star                          [DEBUG  ]  Duplicate ReadsPerGene sample name found! Overwriting: 3_B07_219_X2_24_rt1_o_10479813_22MM3HLT4_L3
[2025-02-17 08:45:17,276] multiqc.modules.star.star                          [DEBUG  ]  Duplicate ReadsPerGene sample name found! Overwriting: 3_B05_206_C17_rt1_i_10479813_22MM3HLT4_L3
[2025-02-17 08:45:17,330] multiqc.modules.star.star                          [DEBUG  ]  Duplicate ReadsPerGene sample name found! Overwriting: 3_A09_106_X4_46_rt2_i_10479813_22MM3HLT4_L3
[2025-02-17 08:45:17,375] multiqc.modules.star.star                          [DEBUG  ]  Duplicate ReadsPerGene sample name found! Overwriting: 3_D01_320_X2_24_rt2_i_10479813_22MM3HLT4_L3
[2025-02-17 08:45:17,423] multiqc.modules.star.star                          [DEBUG  ]  Duplicate ReadsPerGene sample name found! Overwriting: 3_D06_320_X2_24_rt1_o_10479813_22MM3HLT4_L3
[2025-02-17 08:45:17,460] multiqc.modules.star.star                          [DEBUG  ]  Duplicate ReadsPerGene sample name found! Overwriting: 3_D02_313_X1_54_rt3_o_10479813_22MM3HLT4_L3
[2025-02-17 08:45:17,509] multiqc.modules.star.star                          [DEBUG  ]  Duplicate ReadsPerGene sample name found! Overwriting: 3_E01_320_X2_24_rt3_o_10479813_22MM3HLT4_L3
[2025-02-17 08:45:17,559] multiqc.modules.star.star                          [DEBUG  ]  Duplicate ReadsPerGene sample name found! Overwriting: 3_E02_412_X11_68_rt1_o_10479813_22MM3HLT4_L3
[2025-02-17 08:45:17,603] multiqc.modules.star.star                          [DEBUG  ]  Duplicate ReadsPerGene sample name found! Overwriting: 3_A08_113_C17_rt3_i_10479813_22MM3HLT4_L3
[2025-02-17 08:45:17,659] multiqc.modules.star.star                          [DEBUG  ]  Duplicate ReadsPerGene sample name found! Overwriting: 3_A07_304_X5_31_rt2_i_10479813_22MM3HLT4_L3
[2025-02-17 08:45:17,711] multiqc.modules.star.star                          [DEBUG  ]  Duplicate ReadsPerGene sample name found! Overwriting: 3_B08_206_C17_rt3_i_10479813_22MM3HLT4_L3
[2025-02-17 08:45:17,760] multiqc.modules.star.star                          [DEBUG  ]  Duplicate ReadsPerGene sample name found! Overwriting: 3_A03_115_X1_54_rt1_i_10479813_22MM3HLT4_L3
[2025-02-17 08:45:17,799] multiqc.modules.star.star                          [DEBUG  ]  Duplicate ReadsPerGene sample name found! Overwriting: 3_C09_106_X4_46_rt3_o_10479813_22MM3HLT4_L3
[2025-02-17 08:45:17,837] multiqc.modules.star.star                          [DEBUG  ]  Duplicate ReadsPerGene sample name found! Overwriting: 3_D07_303_X11_68_rt3_o_10479813_22MM3HLT4_L3
[2025-02-17 08:45:17,875] multiqc.modules.star.star                          [DEBUG  ]  Duplicate ReadsPerGene sample name found! Overwriting: 3_C10_118_C14_rt3_i_10479813_22MM3HLT4_L3
[2025-02-17 08:45:17,920] multiqc.modules.star.star                          [DEBUG  ]  Duplicate ReadsPerGene sample name found! Overwriting: 3_D12_302_C17_rt1_o_10479813_22MM3HLT4_L3
[2025-02-17 08:45:17,970] multiqc.modules.star.star                          [DEBUG  ]  Duplicate ReadsPerGene sample name found! Overwriting: 3_C03_115_X1_54_rt2_i_10479813_22MM3HLT4_L3
[2025-02-17 08:45:18,019] multiqc.modules.star.star                          [DEBUG  ]  Duplicate ReadsPerGene sample name found! Overwriting: 3_B10_118_C14_rt2_i_10479813_22MM3HLT4_L3
[2025-02-17 08:45:18,063] multiqc.modules.star.star                          [DEBUG  ]  Duplicate ReadsPerGene sample name found! Overwriting: 3_C04_411_C17_rt2_i_10479813_22MM3HLT4_L3
[2025-02-17 08:45:18,101] multiqc.modules.star.star                          [DEBUG  ]  Duplicate ReadsPerGene sample name found! Overwriting: 3_E06_109_X11_68_rt2_o_10479813_22MM3HLT4_L3
[2025-02-17 08:45:18,151] multiqc.modules.star.star                          [DEBUG  ]  Duplicate ReadsPerGene sample name found! Overwriting: 3_C08_206_C17_rt2_o_10479813_22MM3HLT4_L3
[2025-02-17 08:45:18,207] multiqc.modules.star.star                          [DEBUG  ]  Duplicate ReadsPerGene sample name found! Overwriting: 3_C12_220_X10_39_rt2_i_10479813_22MM3HLT4_L3
[2025-02-17 08:45:18,246] multiqc.modules.star.star                          [DEBUG  ]  Duplicate ReadsPerGene sample name found! Overwriting: 3_D11_210_X11_68_rt2_o_10479813_22MM3HLT4_L3
[2025-02-17 08:45:18,289] multiqc.modules.star.star                          [DEBUG  ]  Duplicate ReadsPerGene sample name found! Overwriting: 3_F02_412_X11_68_rt2_o_10479813_22MM3HLT4_L3
[2025-02-17 08:45:18,337] multiqc.modules.star.star                          [DEBUG  ]  Duplicate ReadsPerGene sample name found! Overwriting: 3_D04_302_C17_rt1_i_10479813_22MM3HLT4_L3
[2025-02-17 08:45:18,379] multiqc.modules.star.star                          [DEBUG  ]  Duplicate ReadsPerGene sample name found! Overwriting: 3_C11_210_X11_68_rt2_i_10479813_22MM3HLT4_L3
[2025-02-17 08:45:18,417] multiqc.modules.star.star                          [DEBUG  ]  Duplicate ReadsPerGene sample name found! Overwriting: 3_D08_105_X5_66_rt1_i_10479813_22MM3HLT4_L3
[2025-02-17 08:45:18,455] multiqc.modules.star.star                          [DEBUG  ]  Duplicate ReadsPerGene sample name found! Overwriting: 3_F03_219_X2_24_rt1_i_10479813_22MM3HLT4_L3
[2025-02-17 08:45:18,504] multiqc.modules.star.star                          [DEBUG  ]  Duplicate ReadsPerGene sample name found! Overwriting: 3_D09_107_X4_32_rt2_i_10479813_22MM3HLT4_L3
[2025-02-17 08:45:18,555] multiqc.modules.star.star                          [DEBUG  ]  Duplicate ReadsPerGene sample name found! Overwriting: 3_E07_417_X1_54_rt3_o_10479813_22MM3HLT4_L3
[2025-02-17 08:45:18,606] multiqc.modules.star.star                          [DEBUG  ]  Duplicate ReadsPerGene sample name found! Overwriting: 3_D05_219_X2_24_rt2_o_10479813_22MM3HLT4_L3
[2025-02-17 08:45:18,655] multiqc.modules.star.star                          [DEBUG  ]  Duplicate ReadsPerGene sample name found! Overwriting: 3_E03_115_X1_54_rt3_i_10479813_22MM3HLT4_L3
[2025-02-17 08:45:18,698] multiqc.modules.star.star                          [DEBUG  ]  Duplicate ReadsPerGene sample name found! Overwriting: 3_E12_302_C17_rt2_i_10479813_22MM3HLT4_L3
[2025-02-17 08:45:18,736] multiqc.modules.star.star                          [DEBUG  ]  Duplicate ReadsPerGene sample name found! Overwriting: 3_F05_206_C17_rt2_i_10479813_22MM3HLT4_L3
[2025-02-17 08:45:18,784] multiqc.modules.star.star                          [DEBUG  ]  Duplicate ReadsPerGene sample name found! Overwriting: 3_E08_105_X5_66_rt1_o_10479813_22MM3HLT4_L3
[2025-02-17 08:45:18,832] multiqc.modules.star.star                          [DEBUG  ]  Duplicate ReadsPerGene sample name found! Overwriting: 3_G06_411_C17_rt3_o_10479813_22MM3HLT4_L3
[2025-02-17 08:45:18,872] multiqc.modules.star.star                          [DEBUG  ]  Duplicate ReadsPerGene sample name found! Overwriting: 3_D03_115_X1_54_rt2_o_10479813_22MM3HLT4_L3
[2025-02-17 08:45:18,911] multiqc.modules.star.star                          [DEBUG  ]  Duplicate ReadsPerGene sample name found! Overwriting: 3_E05_417_X1_54_rt1_o_10479813_22MM3HLT4_L3
[2025-02-17 08:45:18,948] multiqc.modules.star.star                          [DEBUG  ]  Duplicate ReadsPerGene sample name found! Overwriting: 3_G05_313_X1_54_rt1_o_10479813_22MM3HLT4_L3
[2025-02-17 08:45:18,987] multiqc.modules.star.star                          [DEBUG  ]  Duplicate ReadsPerGene sample name found! Overwriting: 3_F01_417_X1_54_rt1_i_10479813_22MM3HLT4_L3
[2025-02-17 08:45:19,041] multiqc.modules.star.star                          [DEBUG  ]  Duplicate ReadsPerGene sample name found! Overwriting: 3_H02_412_X11_68_rt3_o_10479813_22MM3HLT4_L3
[2025-02-17 08:45:19,089] multiqc.modules.star.star                          [DEBUG  ]  Duplicate ReadsPerGene sample name found! Overwriting: 3_H03_303_X11_68_rt1_i_10479813_22MM3HLT4_L3
[2025-02-17 08:45:19,126] multiqc.modules.star.star                          [DEBUG  ]  Duplicate ReadsPerGene sample name found! Overwriting: 3_H04_BLANK_10479813_22MM3HLT4_L3
[2025-02-17 08:45:19,171] multiqc.modules.star.star                          [DEBUG  ]  Duplicate ReadsPerGene sample name found! Overwriting: 3_G04_219_X2_24_rt2_i_10479813_22MM3HLT4_L3
[2025-02-17 08:45:19,214] multiqc.modules.star.star                          [DEBUG  ]  Duplicate ReadsPerGene sample name found! Overwriting: 3_G01_417_X1_54_rt3_i_10479813_22MM3HLT4_L3
[2025-02-17 08:45:19,257] multiqc.modules.star.star                          [DEBUG  ]  Duplicate ReadsPerGene sample name found! Overwriting: 3_E09_107_X4_32_rt3_i_10479813_22MM3HLT4_L3
[2025-02-17 08:45:19,302] multiqc.modules.star.star                          [DEBUG  ]  Duplicate ReadsPerGene sample name found! Overwriting: 3_H05_109_X11_68_rt1_o_10479813_22MM3HLT4_L3
[2025-02-17 08:45:19,350] multiqc.modules.star.star                          [DEBUG  ]  Duplicate ReadsPerGene sample name found! Overwriting: 3_G10_205_X1_54_rt2_o_10479813_22MM3HLT4_L3
[2025-02-17 08:45:19,388] multiqc.modules.star.star                          [DEBUG  ]  Duplicate ReadsPerGene sample name found! Overwriting: 3_F06_219_X2_24_rt3_o_10479813_22MM3HLT4_L3
[2025-02-17 08:45:19,430] multiqc.modules.star.star                          [DEBUG  ]  Duplicate ReadsPerGene sample name found! Overwriting: 3_F04_412_X11_68_rt1_i_10479813_22MM3HLT4_L3
[2025-02-17 08:45:19,482] multiqc.modules.star.star                          [DEBUG  ]  Duplicate ReadsPerGene sample name found! Overwriting: 3_D10_118_C14_rt3_o_10479813_22MM3HLT4_L3
[2025-02-17 08:45:19,536] multiqc.modules.star.star                          [DEBUG  ]  Duplicate ReadsPerGene sample name found! Overwriting: 3_H01_101_X2_24_rt3_o_10479813_22MM3HLT4_L3
[2025-02-17 08:45:19,575] multiqc.modules.star.star                          [DEBUG  ]  Duplicate ReadsPerGene sample name found! Overwriting: 3_F07_101_X2_24_rt1_o_10479813_22MM3HLT4_L3
[2025-02-17 08:45:19,621] multiqc.modules.star.star                          [DEBUG  ]  Duplicate ReadsPerGene sample name found! Overwriting: 3_F09_112_X4_67_rt1_i_10479813_22MM3HLT4_L3
[2025-02-17 08:45:19,659] multiqc.modules.star.star                          [DEBUG  ]  Duplicate ReadsPerGene sample name found! Overwriting: 3_G02_412_X11_68_rt3_i_10479813_22MM3HLT4_L3
[2025-02-17 08:45:19,697] multiqc.modules.star.star                          [DEBUG  ]  Duplicate ReadsPerGene sample name found! Overwriting: 3_F10_205_X1_54_rt1_o_10479813_22MM3HLT4_L3
[2025-02-17 08:45:19,733] multiqc.modules.star.star                          [DEBUG  ]  Duplicate ReadsPerGene sample name found! Overwriting: 3_H10_205_X1_54_rt3_o_10479813_22MM3HLT4_L3
[2025-02-17 08:45:19,779] multiqc.modules.star.star                          [DEBUG  ]  Duplicate ReadsPerGene sample name found! Overwriting: 3_F12_302_C17_rt2_o_10479813_22MM3HLT4_L3
[2025-02-17 08:45:19,830] multiqc.modules.star.star                          [DEBUG  ]  Duplicate ReadsPerGene sample name found! Overwriting: 3_E04_418_X5_36_rt2_i_10479813_22MM3HLT4_L3
[2025-02-17 08:45:19,881] multiqc.modules.star.star                          [DEBUG  ]  Duplicate ReadsPerGene sample name found! Overwriting: 4_A01_304_X5_31_rt1_o_10479813_22MM3HLT4_L3
[2025-02-17 08:45:19,930] multiqc.modules.star.star                          [DEBUG  ]  Duplicate ReadsPerGene sample name found! Overwriting: 3_G03_219_X2_24_rt3_i_10479813_22MM3HLT4_L3
[2025-02-17 08:45:19,968] multiqc.modules.star.star                          [DEBUG  ]  Duplicate ReadsPerGene sample name found! Overwriting: 3_G09_112_X4_67_rt2_i_10479813_22MM3HLT4_L3
[2025-02-17 08:45:20,008] multiqc.modules.star.star                          [DEBUG  ]  Duplicate ReadsPerGene sample name found! Overwriting: 3_E11_210_X11_68_rt3_i_10479813_22MM3HLT4_L3
[2025-02-17 08:45:20,056] multiqc.modules.star.star                          [DEBUG  ]  Duplicate ReadsPerGene sample name found! Overwriting: 3_F11_210_X11_68_rt3_o_10479813_22MM3HLT4_L3
[2025-02-17 08:45:20,106] multiqc.modules.star.star                          [DEBUG  ]  Duplicate ReadsPerGene sample name found! Overwriting: 3_G07_113_C17_rt3_o_10479813_22MM3HLT4_L3
[2025-02-17 08:45:20,153] multiqc.modules.star.star                          [DEBUG  ]  Duplicate ReadsPerGene sample name found! Overwriting: 3_H08_105_X5_66_rt3_o_10479813_22MM3HLT4_L3
[2025-02-17 08:45:20,202] multiqc.modules.star.star                          [DEBUG  ]  Duplicate ReadsPerGene sample name found! Overwriting: 4_A02_319_X8_37_rt2_i_10479813_22MM3HLT4_L3
[2025-02-17 08:45:20,245] multiqc.modules.star.star                          [DEBUG  ]  Duplicate ReadsPerGene sample name found! Overwriting: 3_F08_105_X5_66_rt2_i_10479813_22MM3HLT4_L3
[2025-02-17 08:45:20,283] multiqc.modules.star.star                          [DEBUG  ]  Duplicate ReadsPerGene sample name found! Overwriting: 3_G08_105_X5_66_rt3_i_10479813_22MM3HLT4_L3
[2025-02-17 08:45:20,320] multiqc.modules.star.star                          [DEBUG  ]  Duplicate ReadsPerGene sample name found! Overwriting: 3_G11_218_X8_415_rt1_i_10479813_22MM3HLT4_L3
[2025-02-17 08:45:20,360] multiqc.modules.star.star                          [DEBUG  ]  Duplicate ReadsPerGene sample name found! Overwriting: 3_G12_302_C17_rt3_i_10479813_22MM3HLT4_L3
[2025-02-17 08:45:20,405] multiqc.modules.star.star                          [DEBUG  ]  Duplicate ReadsPerGene sample name found! Overwriting: 4_A05_220_X10_39_rt1_o_10479813_22MM3HLT4_L3
[2025-02-17 08:45:20,449] multiqc.modules.star.star                          [DEBUG  ]  Duplicate ReadsPerGene sample name found! Overwriting: 4_A03_407_X2_24_rt3_o_10479813_22MM3HLT4_L3
[2025-02-17 08:45:20,495] multiqc.modules.star.star                          [DEBUG  ]  Duplicate ReadsPerGene sample name found! Overwriting: 4_B03_409_X2_45_rt1_i_10479813_22MM3HLT4_L3
[2025-02-17 08:45:20,544] multiqc.modules.star.star                          [DEBUG  ]  Duplicate ReadsPerGene sample name found! Overwriting: 4_A04_317_X4_42_rt1_o_10479813_22MM3HLT4_L3
[2025-02-17 08:45:20,582] multiqc.modules.star.star                          [DEBUG  ]  Duplicate ReadsPerGene sample name found! Overwriting: 3_H11_218_X8_415_rt2_i_10479813_22MM3HLT4_L3
[2025-02-17 08:45:20,619] multiqc.modules.star.star                          [DEBUG  ]  Duplicate ReadsPerGene sample name found! Overwriting: 4_B10_207_A04_rt1_i_10479813_22MM3HLT4_L3
[2025-02-17 08:45:20,678] multiqc.modules.star.star                          [DEBUG  ]  Duplicate ReadsPerGene sample name found! Overwriting: 3_H06_109_X11_68_rt1_i_10479813_22MM3HLT4_L3
[2025-02-17 08:45:20,716] multiqc.modules.star.star                          [DEBUG  ]  Duplicate ReadsPerGene sample name found! Overwriting: 4_A07_418_X5_36_rt1_o_10479813_22MM3HLT4_L3
[2025-02-17 08:45:20,754] multiqc.modules.star.star                          [DEBUG  ]  Duplicate ReadsPerGene sample name found! Overwriting: 3_H07_403_A20_rt1_i_10479813_22MM3HLT4_L3
[2025-02-17 08:45:20,803] multiqc.modules.star.star                          [DEBUG  ]  Duplicate ReadsPerGene sample name found! Overwriting: 3_E10_205_X1_54_rt1_i_10479813_22MM3HLT4_L3
[2025-02-17 08:45:20,857] multiqc.modules.star.star                          [DEBUG  ]  Duplicate ReadsPerGene sample name found! Overwriting: 4_A06_407_X2_24_rt1_o_10479813_22MM3HLT4_L3
[2025-02-17 08:45:20,898] multiqc.modules.star.star                          [DEBUG  ]  Duplicate ReadsPerGene sample name found! Overwriting: 4_A08_218_X8_415_rt3_i_10479813_22MM3HLT4_L3
[2025-02-17 08:45:20,955] multiqc.modules.star.star                          [DEBUG  ]  Duplicate ReadsPerGene sample name found! Overwriting: 3_H12_304_X5_31_rt1_i_10479813_22MM3HLT4_L3
[2025-02-17 08:45:20,993] multiqc.modules.star.star                          [DEBUG  ]  Duplicate ReadsPerGene sample name found! Overwriting: 4_C01_307_A03_rt2_i_10479813_22MM3HLT4_L3
[2025-02-17 08:45:21,037] multiqc.modules.star.star                          [DEBUG  ]  Duplicate ReadsPerGene sample name found! Overwriting: 4_B01_304_X5_31_rt3_o_10479813_22MM3HLT4_L3
[2025-02-17 08:45:21,087] multiqc.modules.star.star                          [DEBUG  ]  Duplicate ReadsPerGene sample name found! Overwriting: 3_H09_112_X4_67_rt3_i_10479813_22MM3HLT4_L3
[2025-02-17 08:45:21,125] multiqc.modules.star.star                          [DEBUG  ]  Duplicate ReadsPerGene sample name found! Overwriting: 4_C02_319_X8_37_rt3_o_10479813_22MM3HLT4_L3
[2025-02-17 08:45:21,176] multiqc.modules.star.star                          [DEBUG  ]  Duplicate ReadsPerGene sample name found! Overwriting: 4_A11_303_X11_68_rt3_i_10479813_22MM3HLT4_L3
[2025-02-17 08:45:21,214] multiqc.modules.star.star                          [DEBUG  ]  Duplicate ReadsPerGene sample name found! Overwriting: 4_C04_106_X4_46_rt1_o_10479813_22MM3HLT4_L3
[2025-02-17 08:45:21,261] multiqc.modules.star.star                          [DEBUG  ]  Duplicate ReadsPerGene sample name found! Overwriting: 4_C10_210_X11_68_rt1_o_10479813_22MM3HLT4_L3
[2025-02-17 08:45:21,302] multiqc.modules.star.star                          [DEBUG  ]  Duplicate ReadsPerGene sample name found! Overwriting: 4_B05_418_X5_36_rt1_i_10479813_22MM3HLT4_L3
[2025-02-17 08:45:21,343] multiqc.modules.star.star                          [DEBUG  ]  Duplicate ReadsPerGene sample name found! Overwriting: 4_B02_319_X8_37_rt2_o_10479813_22MM3HLT4_L3
[2025-02-17 08:45:21,393] multiqc.modules.star.star                          [DEBUG  ]  Duplicate ReadsPerGene sample name found! Overwriting: 4_A10_101_X2_24_rt3_i_10479813_22MM3HLT4_L3
[2025-02-17 08:45:21,434] multiqc.modules.star.star                          [DEBUG  ]  Duplicate ReadsPerGene sample name found! Overwriting: 4_C09_115_X1_54_rt3_o_10479813_22MM3HLT4_L3
[2025-02-17 08:45:21,479] multiqc.modules.star.star                          [DEBUG  ]  Duplicate ReadsPerGene sample name found! Overwriting: 4_A12_403_A20_rt2_o_10479813_22MM3HLT4_L3
[2025-02-17 08:45:21,526] multiqc.modules.star.star                          [DEBUG  ]  Duplicate ReadsPerGene sample name found! Overwriting: 4_B11_101_X2_24_rt2_i_10479813_22MM3HLT4_L3
[2025-02-17 08:45:21,576] multiqc.modules.star.star                          [DEBUG  ]  Duplicate ReadsPerGene sample name found! Overwriting: 4_A09_313_X1_54_rt3_i_10479813_22MM3HLT4_L3
[2025-02-17 08:45:21,617] multiqc.modules.star.star                          [DEBUG  ]  Duplicate ReadsPerGene sample name found! Overwriting: 4_D03_409_X2_45_rt3_i_10479813_22MM3HLT4_L3
[2025-02-17 08:45:21,660] multiqc.modules.star.star                          [DEBUG  ]  Duplicate ReadsPerGene sample name found! Overwriting: 4_B09_205_X1_54_rt2_i_10479813_22MM3HLT4_L3
[2025-02-17 08:45:21,698] multiqc.modules.star.star                          [DEBUG  ]  Duplicate ReadsPerGene sample name found! Overwriting: 4_C03_409_X2_45_rt2_i_10479813_22MM3HLT4_L3
[2025-02-17 08:45:21,750] multiqc.modules.star.star                          [DEBUG  ]  Duplicate ReadsPerGene sample name found! Overwriting: 4_D09_417_X1_54_rt2_o_10479813_22MM3HLT4_L3
[2025-02-17 08:45:21,798] multiqc.modules.star.star                          [DEBUG  ]  Duplicate ReadsPerGene sample name found! Overwriting: 4_B04_319_X8_37_rt3_i_10479813_22MM3HLT4_L3
[2025-02-17 08:45:21,845] multiqc.modules.star.star                          [DEBUG  ]  Duplicate ReadsPerGene sample name found! Overwriting: 4_C05_118_C14_rt1_i_10479813_22MM3HLT4_L3
[2025-02-17 08:45:21,882] multiqc.modules.star.star                          [DEBUG  ]  Duplicate ReadsPerGene sample name found! Overwriting: 4_E02_403_A20_rt2_i_10479813_22MM3HLT4_L3
[2025-02-17 08:45:21,926] multiqc.modules.star.star                          [DEBUG  ]  Duplicate ReadsPerGene sample name found! Overwriting: 4_B06_207_A04_rt2_o_10479813_22MM3HLT4_L3
[2025-02-17 08:45:21,979] multiqc.modules.star.star                          [DEBUG  ]  Duplicate ReadsPerGene sample name found! Overwriting: 4_D01_307_A03_rt3_i_10479813_22MM3HLT4_L3
[2025-02-17 08:45:22,017] multiqc.modules.star.star                          [DEBUG  ]  Duplicate ReadsPerGene sample name found! Overwriting: 4_E01_317_X4_42_rt1_i_10479813_22MM3HLT4_L3
[2025-02-17 08:45:22,062] multiqc.modules.star.star                          [DEBUG  ]  Duplicate ReadsPerGene sample name found! Overwriting: 4_E03_409_X2_45_rt3_o_10479813_22MM3HLT4_L3
[2025-02-17 08:45:22,111] multiqc.modules.star.star                          [DEBUG  ]  Duplicate ReadsPerGene sample name found! Overwriting: 4_C08_218_X8_415_rt2_o_10479813_22MM3HLT4_L3
[2025-02-17 08:45:22,149] multiqc.modules.star.star                          [DEBUG  ]  Duplicate ReadsPerGene sample name found! Overwriting: 4_B08_220_X10_39_rt2_o_10479813_22MM3HLT4_L3
[2025-02-17 08:45:22,195] multiqc.modules.star.star                          [DEBUG  ]  Duplicate ReadsPerGene sample name found! Overwriting: 4_B12_307_A03_rt3_o_10479813_22MM3HLT4_L3
[2025-02-17 08:45:22,245] multiqc.modules.star.star                          [DEBUG  ]  Duplicate ReadsPerGene sample name found! Overwriting: 4_C07_307_A03_rt2_o_10479813_22MM3HLT4_L3
[2025-02-17 08:45:22,291] multiqc.modules.star.star                          [DEBUG  ]  Duplicate ReadsPerGene sample name found! Overwriting: 4_D02_402_X11_57_rt2_i_10479813_22MM3HLT4_L3
[2025-02-17 08:45:22,338] multiqc.modules.star.star                          [DEBUG  ]  Duplicate ReadsPerGene sample name found! Overwriting: 4_C06_409_X2_45_rt1_o_10479813_22MM3HLT4_L3
[2025-02-17 08:45:22,381] multiqc.modules.star.star                          [DEBUG  ]  Duplicate ReadsPerGene sample name found! Overwriting: 4_B07_403_A20_rt3_o_10479813_22MM3HLT4_L3
[2025-02-17 08:45:22,432] multiqc.modules.star.star                          [DEBUG  ]  Duplicate ReadsPerGene sample name found! Overwriting: 4_C12_101_X2_24_rt1_i_10479813_22MM3HLT4_L3
[2025-02-17 08:45:22,475] multiqc.modules.star.star                          [DEBUG  ]  Duplicate ReadsPerGene sample name found! Overwriting: 4_E08_402_X11_57_rt2_o_10479813_22MM3HLT4_L3
[2025-02-17 08:45:22,528] multiqc.modules.star.star                          [DEBUG  ]  Duplicate ReadsPerGene sample name found! Overwriting: 4_D04_220_X10_39_rt3_i_10479813_22MM3HLT4_L3
[2025-02-17 08:45:22,578] multiqc.modules.star.star                          [DEBUG  ]  Duplicate ReadsPerGene sample name found! Overwriting: 4_F08_303_X11_68_rt2_o_10479813_22MM3HLT4_L3
[2025-02-17 08:45:22,616] multiqc.modules.star.star                          [DEBUG  ]  Duplicate ReadsPerGene sample name found! Overwriting: 4_F01_317_X4_42_rt3_o_10479813_22MM3HLT4_L3
[2025-02-17 08:45:22,683] multiqc.modules.star.star                          [DEBUG  ]  Duplicate ReadsPerGene sample name found! Overwriting: 4_D07_220_X10_39_rt3_o_10479813_22MM3HLT4_L3
[2025-02-17 08:45:22,733] multiqc.modules.star.star                          [DEBUG  ]  Duplicate ReadsPerGene sample name found! Overwriting: 4_D08_106_X4_46_rt2_o_10479813_22MM3HLT4_L3
[2025-02-17 08:45:22,788] multiqc.modules.star.star                          [DEBUG  ]  Duplicate ReadsPerGene sample name found! Overwriting: 4_C11_101_X2_24_rt2_o_10479813_22MM3HLT4_L3
[2025-02-17 08:45:22,838] multiqc.modules.star.star                          [DEBUG  ]  Duplicate ReadsPerGene sample name found! Overwriting: 4_D05_207_A04_rt3_o_10479813_22MM3HLT4_L3
[2025-02-17 08:45:22,883] multiqc.modules.star.star                          [DEBUG  ]  Duplicate ReadsPerGene sample name found! Overwriting: 4_D10_307_A03_rt1_i_10479813_22MM3HLT4_L3
[2025-02-17 08:45:22,930] multiqc.modules.star.star                          [DEBUG  ]  Duplicate ReadsPerGene sample name found! Overwriting: 4_E11_106_X4_46_rt1_i_10479813_22MM3HLT4_L3
[2025-02-17 08:45:22,973] multiqc.modules.star.star                          [DEBUG  ]  Duplicate ReadsPerGene sample name found! Overwriting: 4_E09_411_C17_rt3_i_10479813_22MM3HLT4_L3
[2025-02-17 08:45:23,014] multiqc.modules.star.star                          [DEBUG  ]  Duplicate ReadsPerGene sample name found! Overwriting: 4_D11_303_X11_68_rt1_o_10479813_22MM3HLT4_L3
[2025-02-17 08:45:23,053] multiqc.modules.star.star                          [DEBUG  ]  Duplicate ReadsPerGene sample name found! Overwriting: 4_E04_307_A03_rt1_o_10479813_22MM3HLT4_L3
[2025-02-17 08:45:23,099] multiqc.modules.star.star                          [DEBUG  ]  Duplicate ReadsPerGene sample name found! Overwriting: 4_E05_107_X4_32_rt1_i_10479813_22MM3HLT4_L3
[2025-02-17 08:45:23,153] multiqc.modules.star.star                          [DEBUG  ]  Duplicate ReadsPerGene sample name found! Overwriting: 4_E10_411_C17_rt2_o_10479813_22MM3HLT4_L3
[2025-02-17 08:45:23,199] multiqc.modules.star.star                          [DEBUG  ]  Duplicate ReadsPerGene sample name found! Overwriting: 4_F04_112_X4_67_rt2_o_10479813_22MM3HLT4_L3
[2025-02-17 08:45:23,241] multiqc.modules.star.star                          [DEBUG  ]  Duplicate ReadsPerGene sample name found! Overwriting: 4_G03_418_X5_36_rt3_o_10479813_22MM3HLT4_L3
[2025-02-17 08:45:23,288] multiqc.modules.star.star                          [DEBUG  ]  Duplicate ReadsPerGene sample name found! Overwriting: 4_G09_BLANK_10479813_22MM3HLT4_L3
[2025-02-17 08:45:23,326] multiqc.modules.star.star                          [DEBUG  ]  Duplicate ReadsPerGene sample name found! Overwriting: 4_E07_402_X11_57_rt1_o_10479813_22MM3HLT4_L3
[2025-02-17 08:45:23,375] multiqc.modules.star.star                          [DEBUG  ]  Duplicate ReadsPerGene sample name found! Overwriting: 4_D06_403_A20_rt3_i_10479813_22MM3HLT4_L3
[2025-02-17 08:45:23,421] multiqc.modules.star.star                          [DEBUG  ]  Duplicate ReadsPerGene sample name found! Overwriting: 4_F03_418_X5_36_rt3_i_10479813_22MM3HLT4_L3
[2025-02-17 08:45:23,458] multiqc.modules.star.star                          [DEBUG  ]  Duplicate ReadsPerGene sample name found! Overwriting: 4_G04_304_X5_31_rt2_o_10479813_22MM3HLT4_L3
[2025-02-17 08:45:23,505] multiqc.modules.star.star                          [DEBUG  ]  Duplicate ReadsPerGene sample name found! Overwriting: 4_F02_407_X2_24_rt1_i_10479813_22MM3HLT4_L3
[2025-02-17 08:45:23,554] multiqc.modules.star.star                          [DEBUG  ]  Duplicate ReadsPerGene sample name found! Overwriting: 4_F10_402_X11_57_rt3_o_10479813_22MM3HLT4_L3
[2025-02-17 08:45:23,609] multiqc.modules.star.star                          [DEBUG  ]  Duplicate ReadsPerGene sample name found! Overwriting: 4_H01_319_X8_37_rt1_o_10479813_22MM3HLT4_L3
[2025-02-17 08:45:23,647] multiqc.modules.star.star                          [DEBUG  ]  Duplicate ReadsPerGene sample name found! Overwriting: 4_H03_402_X11_57_rt3_i_10479813_22MM3HLT4_L3
[2025-02-17 08:45:23,694] multiqc.modules.star.star                          [DEBUG  ]  Duplicate ReadsPerGene sample name found! Overwriting: 4_D12_302_C17_rt3_o_10479813_22MM3HLT4_L3
[2025-02-17 08:45:23,739] multiqc.modules.star.star                          [DEBUG  ]  Duplicate ReadsPerGene sample name found! Overwriting: 4_E06_218_X8_415_rt1_o_10479813_22MM3HLT4_L3
[2025-02-17 08:45:23,792] multiqc.modules.star.star                          [DEBUG  ]  Duplicate ReadsPerGene sample name found! Overwriting: 4_E12_403_A20_rt1_o_10479813_22MM3HLT4_L3
[2025-02-17 08:45:23,836] multiqc.modules.star.star                          [DEBUG  ]  Duplicate ReadsPerGene sample name found! Overwriting: 4_G07_418_X5_36_rt2_o_10479813_22MM3HLT4_L3
[2025-02-17 08:45:23,874] multiqc.modules.star.star                          [DEBUG  ]  Duplicate ReadsPerGene sample name found! Overwriting: 4_F07_107_X4_32_rt3_o_10479813_22MM3HLT4_L3
[2025-02-17 08:45:23,912] multiqc.modules.star.star                          [DEBUG  ]  Duplicate ReadsPerGene sample name found! Overwriting: 4_G02_407_X2_24_rt2_i_10479813_22MM3HLT4_L3
[2025-02-17 08:45:23,955] multiqc.modules.star.star                          [DEBUG  ]  Duplicate ReadsPerGene sample name found! Overwriting: 4_F05_107_X4_32_rt1_o_10479813_22MM3HLT4_L3
[2025-02-17 08:45:24,004] multiqc.modules.star.star                          [DEBUG  ]  Duplicate ReadsPerGene sample name found! Overwriting: 4_F06_207_A04_rt1_o_10479813_22MM3HLT4_L3
[2025-02-17 08:45:24,092] multiqc.modules.star.star                          [DEBUG  ]  Duplicate ReadsPerGene sample name found! Overwriting: 4_F12_409_X2_45_rt2_o_10479813_22MM3HLT4_L3
[2025-02-17 08:45:24,130] multiqc.modules.star.star                          [DEBUG  ]  Duplicate ReadsPerGene sample name found! Overwriting: 4_G01_319_X8_37_rt1_i_10479813_22MM3HLT4_L3
[2025-02-17 08:45:24,168] multiqc.modules.star.star                          [DEBUG  ]  Duplicate ReadsPerGene sample name found! Overwriting: 4_F11_320_X2_24_rt3_i_10479813_22MM3HLT4_L3
[2025-02-17 08:45:24,231] multiqc.modules.star.star                          [DEBUG  ]  Duplicate ReadsPerGene sample name found! Overwriting: 4_G08_205_X1_54_rt3_i_10479813_22MM3HLT4_L3
[2025-02-17 08:45:24,269] multiqc.modules.star.star                          [DEBUG  ]  Duplicate ReadsPerGene sample name found! Overwriting: 4_H02_407_X2_24_rt2_o_10479813_22MM3HLT4_L3
[2025-02-17 08:45:24,317] multiqc.modules.star.star                          [DEBUG  ]  Duplicate ReadsPerGene sample name found! Overwriting: 4_G05_105_X5_66_rt2_o_10479813_22MM3HLT4_L3
[2025-02-17 08:45:24,355] multiqc.modules.star.star                          [DEBUG  ]  Duplicate ReadsPerGene sample name found! Overwriting: 4_G12_407_X2_24_rt3_i_10479813_22MM3HLT4_L3
[2025-02-17 08:45:24,393] multiqc.modules.star.star                          [DEBUG  ]  Duplicate ReadsPerGene sample name found! Overwriting: 4_H06_402_X11_57_rt1_i_10479813_22MM3HLT4_L3
[2025-02-17 08:45:24,431] multiqc.modules.star.star                          [DEBUG  ]  Duplicate ReadsPerGene sample name found! Overwriting: 4_G06_112_X4_67_rt1_o_10479813_22MM3HLT4_L3
[2025-02-17 08:45:24,469] multiqc.modules.star.star                          [DEBUG  ]  Duplicate ReadsPerGene sample name found! Overwriting: 4_G11_320_X2_24_rt2_o_10479813_22MM3HLT4_L3
[2025-02-17 08:45:24,508] multiqc.modules.star.star                          [DEBUG  ]  Duplicate ReadsPerGene sample name found! Overwriting: 4_H11_206_C17_rt1_o_10479813_22MM3HLT4_L3
[2025-02-17 08:45:24,546] multiqc.modules.star.star                          [DEBUG  ]  Duplicate ReadsPerGene sample name found! Overwriting: 4_H08_304_X5_31_rt3_i_10479813_22MM3HLT4_L3
[2025-02-17 08:45:24,585] multiqc.modules.star.star                          [DEBUG  ]  Duplicate ReadsPerGene sample name found! Overwriting: 4_H04_317_X4_42_rt2_o_10479813_22MM3HLT4_L3
[2025-02-17 08:45:24,624] multiqc.modules.star.star                          [DEBUG  ]  Duplicate ReadsPerGene sample name found! Overwriting: 4_G10_417_X1_54_rt2_i_10479813_22MM3HLT4_L3
[2025-02-17 08:45:24,662] multiqc.modules.star.star                          [DEBUG  ]  Duplicate ReadsPerGene sample name found! Overwriting: 4_H12_317_X4_42_rt2_i_10479813_22MM3HLT4_L3
[2025-02-17 08:45:24,701] multiqc.modules.star.star                          [DEBUG  ]  Duplicate ReadsPerGene sample name found! Overwriting: 4_H07_118_C14_rt2_o_10479813_22MM3HLT4_L3
[2025-02-17 08:45:24,739] multiqc.modules.star.star                          [DEBUG  ]  Duplicate ReadsPerGene sample name found! Overwriting: 4_H10_411_C17_rt1_i_10479813_22MM3HLT4_L3
[2025-02-17 08:45:24,777] multiqc.modules.star.star                          [DEBUG  ]  Duplicate ReadsPerGene sample name found! Overwriting: 4_H05_118_C14_rt1_o_10479813_22MM3HLT4_L3
[2025-02-17 08:45:24,815] multiqc.modules.star.star                          [DEBUG  ]  Duplicate ReadsPerGene sample name found! Overwriting: 4_H09_210_X11_68_rt1_i_10479813_22MM3HLT4_L3
[2025-02-17 08:45:24,854] multiqc.modules.star.star                          [DEBUG  ]  Duplicate ReadsPerGene sample name found! Overwriting: 4_F09_412_X11_68_rt2_i_10479813_22MM3HLT4_L3
[2025-02-17 08:45:24,855] multiqc.modules.star.star                          [INFO   ]  Found 193 reports and 193 gene count files
[2025-02-17 08:45:24,937] multiqc                                            [DEBUG  ]  Compressing plot data
[2025-02-17 08:45:25,047] multiqc                                            [INFO   ]  Report      : multiqc_report.html
[2025-02-17 08:45:25,047] multiqc                                            [INFO   ]  Data        : multiqc_data
[2025-02-17 08:45:25,047] multiqc                                            [DEBUG  ]  Moving data file from '/tmp/tmp7bhaasmv/multiqc_data' to '/local/workdir/ssv42/RNAseq_yr2/STARalignedreads_PE/multiqc_data'
[2025-02-17 08:45:26,447] multiqc                                            [INFO   ]  MultiQC complete
