                                 Started job on |	Feb 12 22:12:52
                             Started mapping on |	Feb 12 22:12:58
                                    Finished on |	Feb 12 22:13:19
       Mapping speed, Million of reads per hour |	23.86

                          Number of input reads |	139200
                      Average input read length |	63
                                    UNIQUE READS:
                   Uniquely mapped reads number |	69247
                        Uniquely mapped reads % |	49.75%
                          Average mapped length |	61.26
                       Number of splices: Total |	7863
            Number of splices: Annotated (sjdb) |	7394
                       Number of splices: GT/AG |	7739
                       Number of splices: GC/AG |	70
                       Number of splices: AT/AC |	53
               Number of splices: Non-canonical |	1
                      Mismatch rate per base, % |	1.38%
                         Deletion rate per base |	0.01%
                        Deletion average length |	1.87
                        Insertion rate per base |	0.01%
                       Insertion average length |	2.05
                             MULTI-MAPPING READS:
        Number of reads mapped to multiple loci |	5596
             % of reads mapped to multiple loci |	4.02%
        Number of reads mapped to too many loci |	567
             % of reads mapped to too many loci |	0.41%
                                  UNMAPPED READS:
  Number of reads unmapped: too many mismatches |	65
       % of reads unmapped: too many mismatches |	0.05%
            Number of reads unmapped: too short |	60755
                 % of reads unmapped: too short |	43.65%
                Number of reads unmapped: other |	2970
                     % of reads unmapped: other |	2.13%
                                  CHIMERIC READS:
                       Number of chimeric reads |	0
                            % of chimeric reads |	0.00%
