                                 Started job on |	Feb 12 22:15:51
                             Started mapping on |	Feb 12 22:15:55
                                    Finished on |	Feb 12 22:21:31
       Mapping speed, Million of reads per hour |	72.55

                          Number of input reads |	6771466
                      Average input read length |	65
                                    UNIQUE READS:
                   Uniquely mapped reads number |	4150297
                        Uniquely mapped reads % |	61.29%
                          Average mapped length |	65.58
                       Number of splices: Total |	283807
            Number of splices: Annotated (sjdb) |	274315
                       Number of splices: GT/AG |	279274
                       Number of splices: GC/AG |	4304
                       Number of splices: AT/AC |	99
               Number of splices: Non-canonical |	130
                      Mismatch rate per base, % |	0.69%
                         Deletion rate per base |	0.03%
                        Deletion average length |	2.00
                        Insertion rate per base |	0.02%
                       Insertion average length |	1.71
                             MULTI-MAPPING READS:
        Number of reads mapped to multiple loci |	183090
             % of reads mapped to multiple loci |	2.70%
        Number of reads mapped to too many loci |	29054
             % of reads mapped to too many loci |	0.43%
                                  UNMAPPED READS:
  Number of reads unmapped: too many mismatches |	10487
       % of reads unmapped: too many mismatches |	0.15%
            Number of reads unmapped: too short |	1976423
                 % of reads unmapped: too short |	29.19%
                Number of reads unmapped: other |	422115
                     % of reads unmapped: other |	6.23%
                                  CHIMERIC READS:
                       Number of chimeric reads |	0
                            % of chimeric reads |	0.00%
