                                 Started job on |	Feb 12 22:13:10
                             Started mapping on |	Feb 12 22:13:15
                                    Finished on |	Feb 12 22:18:08
       Mapping speed, Million of reads per hour |	55.71

                          Number of input reads |	4534296
                      Average input read length |	67
                                    UNIQUE READS:
                   Uniquely mapped reads number |	2127331
                        Uniquely mapped reads % |	46.92%
                          Average mapped length |	64.13
                       Number of splices: Total |	211786
            Number of splices: Annotated (sjdb) |	204467
                       Number of splices: GT/AG |	208471
                       Number of splices: GC/AG |	3013
                       Number of splices: AT/AC |	245
               Number of splices: Non-canonical |	57
                      Mismatch rate per base, % |	0.82%
                         Deletion rate per base |	0.02%
                        Deletion average length |	2.03
                        Insertion rate per base |	0.02%
                       Insertion average length |	1.82
                             MULTI-MAPPING READS:
        Number of reads mapped to multiple loci |	138766
             % of reads mapped to multiple loci |	3.06%
        Number of reads mapped to too many loci |	17404
             % of reads mapped to too many loci |	0.38%
                                  UNMAPPED READS:
  Number of reads unmapped: too many mismatches |	3411
       % of reads unmapped: too many mismatches |	0.08%
            Number of reads unmapped: too short |	1999049
                 % of reads unmapped: too short |	44.09%
                Number of reads unmapped: other |	248335
                     % of reads unmapped: other |	5.48%
                                  CHIMERIC READS:
                       Number of chimeric reads |	0
                            % of chimeric reads |	0.00%
