                                 Started job on |	Feb 12 22:10:47
                             Started mapping on |	Feb 12 22:10:51
                                    Finished on |	Feb 12 22:16:50
       Mapping speed, Million of reads per hour |	68.35

                          Number of input reads |	6816337
                      Average input read length |	69
                                    UNIQUE READS:
                   Uniquely mapped reads number |	3865403
                        Uniquely mapped reads % |	56.71%
                          Average mapped length |	68.15
                       Number of splices: Total |	262738
            Number of splices: Annotated (sjdb) |	253830
                       Number of splices: GT/AG |	258640
                       Number of splices: GC/AG |	3656
                       Number of splices: AT/AC |	167
               Number of splices: Non-canonical |	275
                      Mismatch rate per base, % |	0.71%
                         Deletion rate per base |	0.03%
                        Deletion average length |	2.07
                        Insertion rate per base |	0.02%
                       Insertion average length |	1.79
                             MULTI-MAPPING READS:
        Number of reads mapped to multiple loci |	176509
             % of reads mapped to multiple loci |	2.59%
        Number of reads mapped to too many loci |	15933
             % of reads mapped to too many loci |	0.23%
                                  UNMAPPED READS:
  Number of reads unmapped: too many mismatches |	5892
       % of reads unmapped: too many mismatches |	0.09%
            Number of reads unmapped: too short |	2259275
                 % of reads unmapped: too short |	33.15%
                Number of reads unmapped: other |	493325
                     % of reads unmapped: other |	7.24%
                                  CHIMERIC READS:
                       Number of chimeric reads |	0
                            % of chimeric reads |	0.00%
