                                 Started job on |	Feb 12 22:11:00
                             Started mapping on |	Feb 12 22:11:05
                                    Finished on |	Feb 12 22:11:10
       Mapping speed, Million of reads per hour |	13.15

                          Number of input reads |	18267
                      Average input read length |	51
                                    UNIQUE READS:
                   Uniquely mapped reads number |	3389
                        Uniquely mapped reads % |	18.55%
                          Average mapped length |	55.17
                       Number of splices: Total |	119
            Number of splices: Annotated (sjdb) |	111
                       Number of splices: GT/AG |	117
                       Number of splices: GC/AG |	2
                       Number of splices: AT/AC |	0
               Number of splices: Non-canonical |	0
                      Mismatch rate per base, % |	1.24%
                         Deletion rate per base |	0.02%
                        Deletion average length |	2.21
                        Insertion rate per base |	0.03%
                       Insertion average length |	2.35
                             MULTI-MAPPING READS:
        Number of reads mapped to multiple loci |	385
             % of reads mapped to multiple loci |	2.11%
        Number of reads mapped to too many loci |	44
             % of reads mapped to too many loci |	0.24%
                                  UNMAPPED READS:
  Number of reads unmapped: too many mismatches |	6
       % of reads unmapped: too many mismatches |	0.03%
            Number of reads unmapped: too short |	14332
                 % of reads unmapped: too short |	78.46%
                Number of reads unmapped: other |	111
                     % of reads unmapped: other |	0.61%
                                  CHIMERIC READS:
                       Number of chimeric reads |	0
                            % of chimeric reads |	0.00%
