                                 Started job on |	Feb 12 22:53:13
                             Started mapping on |	Feb 12 22:53:18
                                    Finished on |	Feb 12 22:53:23
       Mapping speed, Million of reads per hour |	20.06

                          Number of input reads |	27855
                      Average input read length |	64
                                    UNIQUE READS:
                   Uniquely mapped reads number |	10991
                        Uniquely mapped reads % |	39.46%
                          Average mapped length |	61.67
                       Number of splices: Total |	645
            Number of splices: Annotated (sjdb) |	618
                       Number of splices: GT/AG |	629
                       Number of splices: GC/AG |	15
                       Number of splices: AT/AC |	1
               Number of splices: Non-canonical |	0
                      Mismatch rate per base, % |	0.79%
                         Deletion rate per base |	0.04%
                        Deletion average length |	2.76
                        Insertion rate per base |	0.02%
                       Insertion average length |	1.69
                             MULTI-MAPPING READS:
        Number of reads mapped to multiple loci |	714
             % of reads mapped to multiple loci |	2.56%
        Number of reads mapped to too many loci |	112
             % of reads mapped to too many loci |	0.40%
                                  UNMAPPED READS:
  Number of reads unmapped: too many mismatches |	34
       % of reads unmapped: too many mismatches |	0.12%
            Number of reads unmapped: too short |	13870
                 % of reads unmapped: too short |	49.79%
                Number of reads unmapped: other |	2134
                     % of reads unmapped: other |	7.66%
                                  CHIMERIC READS:
                       Number of chimeric reads |	0
                            % of chimeric reads |	0.00%
