                                 Started job on |	Feb 12 22:13:19
                             Started mapping on |	Feb 12 22:13:24
                                    Finished on |	Feb 12 22:18:11
       Mapping speed, Million of reads per hour |	83.41

                          Number of input reads |	6649252
                      Average input read length |	64
                                    UNIQUE READS:
                   Uniquely mapped reads number |	5180002
                        Uniquely mapped reads % |	77.90%
                          Average mapped length |	65.13
                       Number of splices: Total |	263754
            Number of splices: Annotated (sjdb) |	255463
                       Number of splices: GT/AG |	260153
                       Number of splices: GC/AG |	3369
                       Number of splices: AT/AC |	122
               Number of splices: Non-canonical |	110
                      Mismatch rate per base, % |	0.65%
                         Deletion rate per base |	0.03%
                        Deletion average length |	2.01
                        Insertion rate per base |	0.03%
                       Insertion average length |	1.91
                             MULTI-MAPPING READS:
        Number of reads mapped to multiple loci |	190179
             % of reads mapped to multiple loci |	2.86%
        Number of reads mapped to too many loci |	19940
             % of reads mapped to too many loci |	0.30%
                                  UNMAPPED READS:
  Number of reads unmapped: too many mismatches |	4421
       % of reads unmapped: too many mismatches |	0.07%
            Number of reads unmapped: too short |	1124446
                 % of reads unmapped: too short |	16.91%
                Number of reads unmapped: other |	130264
                     % of reads unmapped: other |	1.96%
                                  CHIMERIC READS:
                       Number of chimeric reads |	0
                            % of chimeric reads |	0.00%
