                                 Started job on |	Feb 12 22:53:14
                             Started mapping on |	Feb 12 22:53:18
                                    Finished on |	Feb 12 22:53:24
       Mapping speed, Million of reads per hour |	16.60

                          Number of input reads |	27674
                      Average input read length |	62
                                    UNIQUE READS:
                   Uniquely mapped reads number |	11033
                        Uniquely mapped reads % |	39.87%
                          Average mapped length |	61.49
                       Number of splices: Total |	646
            Number of splices: Annotated (sjdb) |	618
                       Number of splices: GT/AG |	630
                       Number of splices: GC/AG |	15
                       Number of splices: AT/AC |	1
               Number of splices: Non-canonical |	0
                      Mismatch rate per base, % |	0.79%
                         Deletion rate per base |	0.04%
                        Deletion average length |	2.76
                        Insertion rate per base |	0.02%
                       Insertion average length |	1.71
                             MULTI-MAPPING READS:
        Number of reads mapped to multiple loci |	787
             % of reads mapped to multiple loci |	2.84%
        Number of reads mapped to too many loci |	117
             % of reads mapped to too many loci |	0.42%
                                  UNMAPPED READS:
  Number of reads unmapped: too many mismatches |	34
       % of reads unmapped: too many mismatches |	0.12%
            Number of reads unmapped: too short |	13568
                 % of reads unmapped: too short |	49.03%
                Number of reads unmapped: other |	2135
                     % of reads unmapped: other |	7.71%
                                  CHIMERIC READS:
                       Number of chimeric reads |	0
                            % of chimeric reads |	0.00%
