                                 Started job on |	Feb 12 22:19:36
                             Started mapping on |	Feb 12 22:19:41
                                    Finished on |	Feb 12 22:25:35
       Mapping speed, Million of reads per hour |	78.53

                          Number of input reads |	7721873
                      Average input read length |	69
                                    UNIQUE READS:
                   Uniquely mapped reads number |	6093463
                        Uniquely mapped reads % |	78.91%
                          Average mapped length |	69.69
                       Number of splices: Total |	265116
            Number of splices: Annotated (sjdb) |	255690
                       Number of splices: GT/AG |	261163
                       Number of splices: GC/AG |	3703
                       Number of splices: AT/AC |	124
               Number of splices: Non-canonical |	126
                      Mismatch rate per base, % |	0.61%
                         Deletion rate per base |	0.04%
                        Deletion average length |	2.20
                        Insertion rate per base |	0.03%
                       Insertion average length |	1.96
                             MULTI-MAPPING READS:
        Number of reads mapped to multiple loci |	179844
             % of reads mapped to multiple loci |	2.33%
        Number of reads mapped to too many loci |	18893
             % of reads mapped to too many loci |	0.24%
                                  UNMAPPED READS:
  Number of reads unmapped: too many mismatches |	13408
       % of reads unmapped: too many mismatches |	0.17%
            Number of reads unmapped: too short |	1296210
                 % of reads unmapped: too short |	16.79%
                Number of reads unmapped: other |	120055
                     % of reads unmapped: other |	1.55%
                                  CHIMERIC READS:
                       Number of chimeric reads |	0
                            % of chimeric reads |	0.00%
