                                 Started job on |	Feb 12 22:10:48
                             Started mapping on |	Feb 12 22:10:53
                                    Finished on |	Feb 12 22:11:00
       Mapping speed, Million of reads per hour |	25.40

                          Number of input reads |	49393
                      Average input read length |	57
                                    UNIQUE READS:
                   Uniquely mapped reads number |	27746
                        Uniquely mapped reads % |	56.17%
                          Average mapped length |	53.22
                       Number of splices: Total |	1896
            Number of splices: Annotated (sjdb) |	1760
                       Number of splices: GT/AG |	1848
                       Number of splices: GC/AG |	37
                       Number of splices: AT/AC |	10
               Number of splices: Non-canonical |	1
                      Mismatch rate per base, % |	1.86%
                         Deletion rate per base |	0.01%
                        Deletion average length |	1.94
                        Insertion rate per base |	0.01%
                       Insertion average length |	1.93
                             MULTI-MAPPING READS:
        Number of reads mapped to multiple loci |	2264
             % of reads mapped to multiple loci |	4.58%
        Number of reads mapped to too many loci |	232
             % of reads mapped to too many loci |	0.47%
                                  UNMAPPED READS:
  Number of reads unmapped: too many mismatches |	26
       % of reads unmapped: too many mismatches |	0.05%
            Number of reads unmapped: too short |	17050
                 % of reads unmapped: too short |	34.52%
                Number of reads unmapped: other |	2075
                     % of reads unmapped: other |	4.20%
                                  CHIMERIC READS:
                       Number of chimeric reads |	0
                            % of chimeric reads |	0.00%
