                                 Started job on |	Feb 12 22:09:25
                             Started mapping on |	Feb 12 22:09:31
                                    Finished on |	Feb 12 22:09:51
       Mapping speed, Million of reads per hour |	43.69

                          Number of input reads |	242734
                      Average input read length |	62
                                    UNIQUE READS:
                   Uniquely mapped reads number |	128407
                        Uniquely mapped reads % |	52.90%
                          Average mapped length |	57.56
                       Number of splices: Total |	12415
            Number of splices: Annotated (sjdb) |	11677
                       Number of splices: GT/AG |	12229
                       Number of splices: GC/AG |	103
                       Number of splices: AT/AC |	81
               Number of splices: Non-canonical |	2
                      Mismatch rate per base, % |	1.46%
                         Deletion rate per base |	0.01%
                        Deletion average length |	1.90
                        Insertion rate per base |	0.01%
                       Insertion average length |	2.09
                             MULTI-MAPPING READS:
        Number of reads mapped to multiple loci |	8219
             % of reads mapped to multiple loci |	3.39%
        Number of reads mapped to too many loci |	550
             % of reads mapped to too many loci |	0.23%
                                  UNMAPPED READS:
  Number of reads unmapped: too many mismatches |	74
       % of reads unmapped: too many mismatches |	0.03%
            Number of reads unmapped: too short |	96702
                 % of reads unmapped: too short |	39.84%
                Number of reads unmapped: other |	8782
                     % of reads unmapped: other |	3.62%
                                  CHIMERIC READS:
                       Number of chimeric reads |	0
                            % of chimeric reads |	0.00%
