                                 Started job on |	Feb 12 22:13:44
                             Started mapping on |	Feb 12 22:13:49
                                    Finished on |	Feb 12 22:14:05
       Mapping speed, Million of reads per hour |	31.89

                          Number of input reads |	141728
                      Average input read length |	59
                                    UNIQUE READS:
                   Uniquely mapped reads number |	81956
                        Uniquely mapped reads % |	57.83%
                          Average mapped length |	56.90
                       Number of splices: Total |	8587
            Number of splices: Annotated (sjdb) |	8172
                       Number of splices: GT/AG |	8452
                       Number of splices: GC/AG |	104
                       Number of splices: AT/AC |	29
               Number of splices: Non-canonical |	2
                      Mismatch rate per base, % |	1.06%
                         Deletion rate per base |	0.02%
                        Deletion average length |	1.93
                        Insertion rate per base |	0.01%
                       Insertion average length |	1.84
                             MULTI-MAPPING READS:
        Number of reads mapped to multiple loci |	5014
             % of reads mapped to multiple loci |	3.54%
        Number of reads mapped to too many loci |	678
             % of reads mapped to too many loci |	0.48%
                                  UNMAPPED READS:
  Number of reads unmapped: too many mismatches |	59
       % of reads unmapped: too many mismatches |	0.04%
            Number of reads unmapped: too short |	48905
                 % of reads unmapped: too short |	34.51%
                Number of reads unmapped: other |	5116
                     % of reads unmapped: other |	3.61%
                                  CHIMERIC READS:
                       Number of chimeric reads |	0
                            % of chimeric reads |	0.00%
