                                 Started job on |	Feb 12 22:12:36
                             Started mapping on |	Feb 12 22:12:41
                                    Finished on |	Feb 12 22:12:44
       Mapping speed, Million of reads per hour |	15.15

                          Number of input reads |	12623
                      Average input read length |	61
                                    UNIQUE READS:
                   Uniquely mapped reads number |	5255
                        Uniquely mapped reads % |	41.63%
                          Average mapped length |	62.92
                       Number of splices: Total |	240
            Number of splices: Annotated (sjdb) |	229
                       Number of splices: GT/AG |	238
                       Number of splices: GC/AG |	2
                       Number of splices: AT/AC |	0
               Number of splices: Non-canonical |	0
                      Mismatch rate per base, % |	1.16%
                         Deletion rate per base |	0.03%
                        Deletion average length |	2.38
                        Insertion rate per base |	0.03%
                       Insertion average length |	1.88
                             MULTI-MAPPING READS:
        Number of reads mapped to multiple loci |	573
             % of reads mapped to multiple loci |	4.54%
        Number of reads mapped to too many loci |	54
             % of reads mapped to too many loci |	0.43%
                                  UNMAPPED READS:
  Number of reads unmapped: too many mismatches |	14
       % of reads unmapped: too many mismatches |	0.11%
            Number of reads unmapped: too short |	6297
                 % of reads unmapped: too short |	49.89%
                Number of reads unmapped: other |	430
                     % of reads unmapped: other |	3.41%
                                  CHIMERIC READS:
                       Number of chimeric reads |	0
                            % of chimeric reads |	0.00%
