                                 Started job on |	Feb 12 22:16:50
                             Started mapping on |	Feb 12 22:16:56
                                    Finished on |	Feb 12 22:23:44
       Mapping speed, Million of reads per hour |	67.04

                          Number of input reads |	7597806
                      Average input read length |	66
                                    UNIQUE READS:
                   Uniquely mapped reads number |	4598650
                        Uniquely mapped reads % |	60.53%
                          Average mapped length |	65.38
                       Number of splices: Total |	280970
            Number of splices: Annotated (sjdb) |	269503
                       Number of splices: GT/AG |	276500
                       Number of splices: GC/AG |	4101
                       Number of splices: AT/AC |	177
               Number of splices: Non-canonical |	192
                      Mismatch rate per base, % |	0.65%
                         Deletion rate per base |	0.04%
                        Deletion average length |	2.18
                        Insertion rate per base |	0.03%
                       Insertion average length |	1.79
                             MULTI-MAPPING READS:
        Number of reads mapped to multiple loci |	210731
             % of reads mapped to multiple loci |	2.77%
        Number of reads mapped to too many loci |	26608
             % of reads mapped to too many loci |	0.35%
                                  UNMAPPED READS:
  Number of reads unmapped: too many mismatches |	9339
       % of reads unmapped: too many mismatches |	0.12%
            Number of reads unmapped: too short |	2205742
                 % of reads unmapped: too short |	29.03%
                Number of reads unmapped: other |	546736
                     % of reads unmapped: other |	7.20%
                                  CHIMERIC READS:
                       Number of chimeric reads |	0
                            % of chimeric reads |	0.00%
