                                 Started job on |	Feb 12 22:09:51
                             Started mapping on |	Feb 12 22:09:57
                                    Finished on |	Feb 12 22:10:13
       Mapping speed, Million of reads per hour |	30.81

                          Number of input reads |	136912
                      Average input read length |	62
                                    UNIQUE READS:
                   Uniquely mapped reads number |	68676
                        Uniquely mapped reads % |	50.16%
                          Average mapped length |	58.49
                       Number of splices: Total |	7803
            Number of splices: Annotated (sjdb) |	7241
                       Number of splices: GT/AG |	7649
                       Number of splices: GC/AG |	107
                       Number of splices: AT/AC |	47
               Number of splices: Non-canonical |	0
                      Mismatch rate per base, % |	1.44%
                         Deletion rate per base |	0.02%
                        Deletion average length |	2.04
                        Insertion rate per base |	0.01%
                       Insertion average length |	2.08
                             MULTI-MAPPING READS:
        Number of reads mapped to multiple loci |	5221
             % of reads mapped to multiple loci |	3.81%
        Number of reads mapped to too many loci |	484
             % of reads mapped to too many loci |	0.35%
                                  UNMAPPED READS:
  Number of reads unmapped: too many mismatches |	75
       % of reads unmapped: too many mismatches |	0.05%
            Number of reads unmapped: too short |	59308
                 % of reads unmapped: too short |	43.32%
                Number of reads unmapped: other |	3148
                     % of reads unmapped: other |	2.30%
                                  CHIMERIC READS:
                       Number of chimeric reads |	0
                            % of chimeric reads |	0.00%
