                                 Started job on |	Feb 12 22:18:30
                             Started mapping on |	Feb 12 22:18:35
                                    Finished on |	Feb 12 22:22:21
       Mapping speed, Million of reads per hour |	69.86

                          Number of input reads |	4385692
                      Average input read length |	62
                                    UNIQUE READS:
                   Uniquely mapped reads number |	2519506
                        Uniquely mapped reads % |	57.45%
                          Average mapped length |	60.98
                       Number of splices: Total |	173453
            Number of splices: Annotated (sjdb) |	167089
                       Number of splices: GT/AG |	170668
                       Number of splices: GC/AG |	2502
                       Number of splices: AT/AC |	219
               Number of splices: Non-canonical |	64
                      Mismatch rate per base, % |	0.72%
                         Deletion rate per base |	0.03%
                        Deletion average length |	2.42
                        Insertion rate per base |	0.02%
                       Insertion average length |	1.83
                             MULTI-MAPPING READS:
        Number of reads mapped to multiple loci |	139852
             % of reads mapped to multiple loci |	3.19%
        Number of reads mapped to too many loci |	18374
             % of reads mapped to too many loci |	0.42%
                                  UNMAPPED READS:
  Number of reads unmapped: too many mismatches |	4378
       % of reads unmapped: too many mismatches |	0.10%
            Number of reads unmapped: too short |	1480286
                 % of reads unmapped: too short |	33.75%
                Number of reads unmapped: other |	223296
                     % of reads unmapped: other |	5.09%
                                  CHIMERIC READS:
                       Number of chimeric reads |	0
                            % of chimeric reads |	0.00%
