                                 Started job on |	Feb 12 22:17:34
                             Started mapping on |	Feb 12 22:17:38
                                    Finished on |	Feb 12 22:22:50
       Mapping speed, Million of reads per hour |	86.82

                          Number of input reads |	7524823
                      Average input read length |	64
                                    UNIQUE READS:
                   Uniquely mapped reads number |	5195822
                        Uniquely mapped reads % |	69.05%
                          Average mapped length |	65.15
                       Number of splices: Total |	285221
            Number of splices: Annotated (sjdb) |	273097
                       Number of splices: GT/AG |	280935
                       Number of splices: GC/AG |	3985
                       Number of splices: AT/AC |	122
               Number of splices: Non-canonical |	179
                      Mismatch rate per base, % |	0.59%
                         Deletion rate per base |	0.04%
                        Deletion average length |	2.16
                        Insertion rate per base |	0.03%
                       Insertion average length |	1.77
                             MULTI-MAPPING READS:
        Number of reads mapped to multiple loci |	185660
             % of reads mapped to multiple loci |	2.47%
        Number of reads mapped to too many loci |	26060
             % of reads mapped to too many loci |	0.35%
                                  UNMAPPED READS:
  Number of reads unmapped: too many mismatches |	9191
       % of reads unmapped: too many mismatches |	0.12%
            Number of reads unmapped: too short |	1587929
                 % of reads unmapped: too short |	21.10%
                Number of reads unmapped: other |	520161
                     % of reads unmapped: other |	6.91%
                                  CHIMERIC READS:
                       Number of chimeric reads |	0
                            % of chimeric reads |	0.00%
