                                 Started job on |	Feb 12 22:17:09
                             Started mapping on |	Feb 12 22:17:14
                                    Finished on |	Feb 12 22:23:12
       Mapping speed, Million of reads per hour |	80.27

                          Number of input reads |	7982026
                      Average input read length |	65
                                    UNIQUE READS:
                   Uniquely mapped reads number |	5834022
                        Uniquely mapped reads % |	73.09%
                          Average mapped length |	66.22
                       Number of splices: Total |	301736
            Number of splices: Annotated (sjdb) |	291032
                       Number of splices: GT/AG |	297313
                       Number of splices: GC/AG |	3934
                       Number of splices: AT/AC |	122
               Number of splices: Non-canonical |	367
                      Mismatch rate per base, % |	0.57%
                         Deletion rate per base |	0.03%
                        Deletion average length |	2.17
                        Insertion rate per base |	0.02%
                       Insertion average length |	1.79
                             MULTI-MAPPING READS:
        Number of reads mapped to multiple loci |	188159
             % of reads mapped to multiple loci |	2.36%
        Number of reads mapped to too many loci |	21474
             % of reads mapped to too many loci |	0.27%
                                  UNMAPPED READS:
  Number of reads unmapped: too many mismatches |	9858
       % of reads unmapped: too many mismatches |	0.12%
            Number of reads unmapped: too short |	1535536
                 % of reads unmapped: too short |	19.24%
                Number of reads unmapped: other |	392977
                     % of reads unmapped: other |	4.92%
                                  CHIMERIC READS:
                       Number of chimeric reads |	0
                            % of chimeric reads |	0.00%
