                                 Started job on |	Feb 12 22:08:34
                             Started mapping on |	Feb 12 22:08:41
                                    Finished on |	Feb 12 22:11:02
       Mapping speed, Million of reads per hour |	69.85

                          Number of input reads |	2735822
                      Average input read length |	61
                                    UNIQUE READS:
                   Uniquely mapped reads number |	1706283
                        Uniquely mapped reads % |	62.37%
                          Average mapped length |	59.58
                       Number of splices: Total |	133657
            Number of splices: Annotated (sjdb) |	128730
                       Number of splices: GT/AG |	131719
                       Number of splices: GC/AG |	1748
                       Number of splices: AT/AC |	111
               Number of splices: Non-canonical |	79
                      Mismatch rate per base, % |	0.70%
                         Deletion rate per base |	0.03%
                        Deletion average length |	2.21
                        Insertion rate per base |	0.02%
                       Insertion average length |	1.85
                             MULTI-MAPPING READS:
        Number of reads mapped to multiple loci |	99875
             % of reads mapped to multiple loci |	3.65%
        Number of reads mapped to too many loci |	13188
             % of reads mapped to too many loci |	0.48%
                                  UNMAPPED READS:
  Number of reads unmapped: too many mismatches |	1778
       % of reads unmapped: too many mismatches |	0.06%
            Number of reads unmapped: too short |	796774
                 % of reads unmapped: too short |	29.12%
                Number of reads unmapped: other |	117924
                     % of reads unmapped: other |	4.31%
                                  CHIMERIC READS:
                       Number of chimeric reads |	0
                            % of chimeric reads |	0.00%
