                                 Started job on |	Feb 12 22:09:46
                             Started mapping on |	Feb 12 22:09:51
                                    Finished on |	Feb 12 22:10:00
       Mapping speed, Million of reads per hour |	33.59

                          Number of input reads |	83980
                      Average input read length |	61
                                    UNIQUE READS:
                   Uniquely mapped reads number |	39102
                        Uniquely mapped reads % |	46.56%
                          Average mapped length |	60.42
                       Number of splices: Total |	4968
            Number of splices: Annotated (sjdb) |	4750
                       Number of splices: GT/AG |	4888
                       Number of splices: GC/AG |	45
                       Number of splices: AT/AC |	34
               Number of splices: Non-canonical |	1
                      Mismatch rate per base, % |	1.17%
                         Deletion rate per base |	0.01%
                        Deletion average length |	1.87
                        Insertion rate per base |	0.01%
                       Insertion average length |	1.84
                             MULTI-MAPPING READS:
        Number of reads mapped to multiple loci |	3181
             % of reads mapped to multiple loci |	3.79%
        Number of reads mapped to too many loci |	405
             % of reads mapped to too many loci |	0.48%
                                  UNMAPPED READS:
  Number of reads unmapped: too many mismatches |	32
       % of reads unmapped: too many mismatches |	0.04%
            Number of reads unmapped: too short |	30781
                 % of reads unmapped: too short |	36.65%
                Number of reads unmapped: other |	10479
                     % of reads unmapped: other |	12.48%
                                  CHIMERIC READS:
                       Number of chimeric reads |	0
                            % of chimeric reads |	0.00%
