                                 Started job on |	Feb 12 22:08:34
                             Started mapping on |	Feb 12 22:08:41
                                    Finished on |	Feb 12 22:12:38
       Mapping speed, Million of reads per hour |	96.68

                          Number of input reads |	6364778
                      Average input read length |	69
                                    UNIQUE READS:
                   Uniquely mapped reads number |	5692038
                        Uniquely mapped reads % |	89.43%
                          Average mapped length |	68.96
                       Number of splices: Total |	117275
            Number of splices: Annotated (sjdb) |	112768
                       Number of splices: GT/AG |	115687
                       Number of splices: GC/AG |	1387
                       Number of splices: AT/AC |	35
               Number of splices: Non-canonical |	166
                      Mismatch rate per base, % |	0.59%
                         Deletion rate per base |	0.05%
                        Deletion average length |	2.21
                        Insertion rate per base |	0.03%
                       Insertion average length |	1.75
                             MULTI-MAPPING READS:
        Number of reads mapped to multiple loci |	131285
             % of reads mapped to multiple loci |	2.06%
        Number of reads mapped to too many loci |	6963
             % of reads mapped to too many loci |	0.11%
                                  UNMAPPED READS:
  Number of reads unmapped: too many mismatches |	4323
       % of reads unmapped: too many mismatches |	0.07%
            Number of reads unmapped: too short |	481149
                 % of reads unmapped: too short |	7.56%
                Number of reads unmapped: other |	49020
                     % of reads unmapped: other |	0.77%
                                  CHIMERIC READS:
                       Number of chimeric reads |	0
                            % of chimeric reads |	0.00%
