                                 Started job on |	Feb 12 22:08:34
                             Started mapping on |	Feb 12 22:08:41
                                    Finished on |	Feb 12 22:08:58
       Mapping speed, Million of reads per hour |	75.68

                          Number of input reads |	357361
                      Average input read length |	59
                                    UNIQUE READS:
                   Uniquely mapped reads number |	209520
                        Uniquely mapped reads % |	58.63%
                          Average mapped length |	55.04
                       Number of splices: Total |	16659
            Number of splices: Annotated (sjdb) |	15797
                       Number of splices: GT/AG |	16354
                       Number of splices: GC/AG |	260
                       Number of splices: AT/AC |	41
               Number of splices: Non-canonical |	4
                      Mismatch rate per base, % |	0.92%
                         Deletion rate per base |	0.02%
                        Deletion average length |	2.12
                        Insertion rate per base |	0.01%
                       Insertion average length |	1.98
                             MULTI-MAPPING READS:
        Number of reads mapped to multiple loci |	14632
             % of reads mapped to multiple loci |	4.09%
        Number of reads mapped to too many loci |	1338
             % of reads mapped to too many loci |	0.37%
                                  UNMAPPED READS:
  Number of reads unmapped: too many mismatches |	112
       % of reads unmapped: too many mismatches |	0.03%
            Number of reads unmapped: too short |	126807
                 % of reads unmapped: too short |	35.48%
                Number of reads unmapped: other |	4952
                     % of reads unmapped: other |	1.39%
                                  CHIMERIC READS:
                       Number of chimeric reads |	0
                            % of chimeric reads |	0.00%
