                                 Started job on |	Feb 12 22:43:59
                             Started mapping on |	Feb 12 22:44:04
                                    Finished on |	Feb 12 22:49:13
       Mapping speed, Million of reads per hour |	72.63

                          Number of input reads |	6234409
                      Average input read length |	69
                                    UNIQUE READS:
                   Uniquely mapped reads number |	4840386
                        Uniquely mapped reads % |	77.64%
                          Average mapped length |	69.33
                       Number of splices: Total |	180327
            Number of splices: Annotated (sjdb) |	172479
                       Number of splices: GT/AG |	177002
                       Number of splices: GC/AG |	2969
                       Number of splices: AT/AC |	98
               Number of splices: Non-canonical |	258
                      Mismatch rate per base, % |	0.62%
                         Deletion rate per base |	0.04%
                        Deletion average length |	2.06
                        Insertion rate per base |	0.03%
                       Insertion average length |	1.71
                             MULTI-MAPPING READS:
        Number of reads mapped to multiple loci |	174436
             % of reads mapped to multiple loci |	2.80%
        Number of reads mapped to too many loci |	12214
             % of reads mapped to too many loci |	0.20%
                                  UNMAPPED READS:
  Number of reads unmapped: too many mismatches |	8815
       % of reads unmapped: too many mismatches |	0.14%
            Number of reads unmapped: too short |	991425
                 % of reads unmapped: too short |	15.90%
                Number of reads unmapped: other |	207133
                     % of reads unmapped: other |	3.32%
                                  CHIMERIC READS:
                       Number of chimeric reads |	0
                            % of chimeric reads |	0.00%
