                                 Started job on |	Feb 12 22:23:12
                             Started mapping on |	Feb 12 22:23:17
                                    Finished on |	Feb 12 22:28:22
       Mapping speed, Million of reads per hour |	76.49

                          Number of input reads |	6480246
                      Average input read length |	67
                                    UNIQUE READS:
                   Uniquely mapped reads number |	4776391
                        Uniquely mapped reads % |	73.71%
                          Average mapped length |	66.98
                       Number of splices: Total |	267033
            Number of splices: Annotated (sjdb) |	257782
                       Number of splices: GT/AG |	263170
                       Number of splices: GC/AG |	3578
                       Number of splices: AT/AC |	107
               Number of splices: Non-canonical |	178
                      Mismatch rate per base, % |	0.61%
                         Deletion rate per base |	0.04%
                        Deletion average length |	2.16
                        Insertion rate per base |	0.02%
                       Insertion average length |	1.79
                             MULTI-MAPPING READS:
        Number of reads mapped to multiple loci |	163454
             % of reads mapped to multiple loci |	2.52%
        Number of reads mapped to too many loci |	16523
             % of reads mapped to too many loci |	0.25%
                                  UNMAPPED READS:
  Number of reads unmapped: too many mismatches |	7242
       % of reads unmapped: too many mismatches |	0.11%
            Number of reads unmapped: too short |	1320790
                 % of reads unmapped: too short |	20.38%
                Number of reads unmapped: other |	195846
                     % of reads unmapped: other |	3.02%
                                  CHIMERIC READS:
                       Number of chimeric reads |	0
                            % of chimeric reads |	0.00%
