                                 Started job on |	Feb 12 22:36:25
                             Started mapping on |	Feb 12 22:36:28
                                    Finished on |	Feb 12 22:39:34
       Mapping speed, Million of reads per hour |	91.30

                          Number of input reads |	4717046
                      Average input read length |	71
                                    UNIQUE READS:
                   Uniquely mapped reads number |	4177720
                        Uniquely mapped reads % |	88.57%
                          Average mapped length |	71.28
                       Number of splices: Total |	65983
            Number of splices: Annotated (sjdb) |	61718
                       Number of splices: GT/AG |	64599
                       Number of splices: GC/AG |	1321
                       Number of splices: AT/AC |	5
               Number of splices: Non-canonical |	58
                      Mismatch rate per base, % |	0.55%
                         Deletion rate per base |	0.06%
                        Deletion average length |	2.42
                        Insertion rate per base |	0.03%
                       Insertion average length |	1.68
                             MULTI-MAPPING READS:
        Number of reads mapped to multiple loci |	87900
             % of reads mapped to multiple loci |	1.86%
        Number of reads mapped to too many loci |	2937
             % of reads mapped to too many loci |	0.06%
                                  UNMAPPED READS:
  Number of reads unmapped: too many mismatches |	6488
       % of reads unmapped: too many mismatches |	0.14%
            Number of reads unmapped: too short |	411405
                 % of reads unmapped: too short |	8.72%
                Number of reads unmapped: other |	30596
                     % of reads unmapped: other |	0.65%
                                  CHIMERIC READS:
                       Number of chimeric reads |	0
                            % of chimeric reads |	0.00%
