                                 Started job on |	Feb 12 22:31:44
                             Started mapping on |	Feb 12 22:31:49
                                    Finished on |	Feb 12 22:36:49
       Mapping speed, Million of reads per hour |	83.78

                          Number of input reads |	6982049
                      Average input read length |	68
                                    UNIQUE READS:
                   Uniquely mapped reads number |	5629740
                        Uniquely mapped reads % |	80.63%
                          Average mapped length |	68.73
                       Number of splices: Total |	240101
            Number of splices: Annotated (sjdb) |	229145
                       Number of splices: GT/AG |	236819
                       Number of splices: GC/AG |	3029
                       Number of splices: AT/AC |	89
               Number of splices: Non-canonical |	164
                      Mismatch rate per base, % |	0.61%
                         Deletion rate per base |	0.04%
                        Deletion average length |	2.12
                        Insertion rate per base |	0.03%
                       Insertion average length |	1.72
                             MULTI-MAPPING READS:
        Number of reads mapped to multiple loci |	173961
             % of reads mapped to multiple loci |	2.49%
        Number of reads mapped to too many loci |	15257
             % of reads mapped to too many loci |	0.22%
                                  UNMAPPED READS:
  Number of reads unmapped: too many mismatches |	9676
       % of reads unmapped: too many mismatches |	0.14%
            Number of reads unmapped: too short |	952267
                 % of reads unmapped: too short |	13.64%
                Number of reads unmapped: other |	201148
                     % of reads unmapped: other |	2.88%
                                  CHIMERIC READS:
                       Number of chimeric reads |	0
                            % of chimeric reads |	0.00%
