                                 Started job on |	Feb 12 22:33:06
                             Started mapping on |	Feb 12 22:33:10
                                    Finished on |	Feb 12 22:37:11
       Mapping speed, Million of reads per hour |	84.80

                          Number of input reads |	5676949
                      Average input read length |	68
                                    UNIQUE READS:
                   Uniquely mapped reads number |	4619842
                        Uniquely mapped reads % |	81.38%
                          Average mapped length |	68.38
                       Number of splices: Total |	92275
            Number of splices: Annotated (sjdb) |	87694
                       Number of splices: GT/AG |	90961
                       Number of splices: GC/AG |	1200
                       Number of splices: AT/AC |	37
               Number of splices: Non-canonical |	77
                      Mismatch rate per base, % |	0.57%
                         Deletion rate per base |	0.05%
                        Deletion average length |	2.33
                        Insertion rate per base |	0.03%
                       Insertion average length |	1.69
                             MULTI-MAPPING READS:
        Number of reads mapped to multiple loci |	135570
             % of reads mapped to multiple loci |	2.39%
        Number of reads mapped to too many loci |	6483
             % of reads mapped to too many loci |	0.11%
                                  UNMAPPED READS:
  Number of reads unmapped: too many mismatches |	5329
       % of reads unmapped: too many mismatches |	0.09%
            Number of reads unmapped: too short |	815711
                 % of reads unmapped: too short |	14.37%
                Number of reads unmapped: other |	94014
                     % of reads unmapped: other |	1.66%
                                  CHIMERIC READS:
                       Number of chimeric reads |	0
                            % of chimeric reads |	0.00%
