                                 Started job on |	Feb 12 22:35:37
                             Started mapping on |	Feb 12 22:35:41
                                    Finished on |	Feb 12 22:39:27
       Mapping speed, Million of reads per hour |	81.17

                          Number of input reads |	5095695
                      Average input read length |	70
                                    UNIQUE READS:
                   Uniquely mapped reads number |	4540366
                        Uniquely mapped reads % |	89.10%
                          Average mapped length |	70.30
                       Number of splices: Total |	117302
            Number of splices: Annotated (sjdb) |	108935
                       Number of splices: GT/AG |	115745
                       Number of splices: GC/AG |	1440
                       Number of splices: AT/AC |	28
               Number of splices: Non-canonical |	89
                      Mismatch rate per base, % |	0.62%
                         Deletion rate per base |	0.05%
                        Deletion average length |	2.14
                        Insertion rate per base |	0.04%
                       Insertion average length |	1.69
                             MULTI-MAPPING READS:
        Number of reads mapped to multiple loci |	120193
             % of reads mapped to multiple loci |	2.36%
        Number of reads mapped to too many loci |	4027
             % of reads mapped to too many loci |	0.08%
                                  UNMAPPED READS:
  Number of reads unmapped: too many mismatches |	3779
       % of reads unmapped: too many mismatches |	0.07%
            Number of reads unmapped: too short |	380071
                 % of reads unmapped: too short |	7.46%
                Number of reads unmapped: other |	47259
                     % of reads unmapped: other |	0.93%
                                  CHIMERIC READS:
                       Number of chimeric reads |	0
                            % of chimeric reads |	0.00%
