                                 Started job on |	Feb 12 22:46:28
                             Started mapping on |	Feb 12 22:46:33
                                    Finished on |	Feb 12 22:50:48
       Mapping speed, Million of reads per hour |	82.10

                          Number of input reads |	5815221
                      Average input read length |	69
                                    UNIQUE READS:
                   Uniquely mapped reads number |	4949352
                        Uniquely mapped reads % |	85.11%
                          Average mapped length |	69.11
                       Number of splices: Total |	167594
            Number of splices: Annotated (sjdb) |	159119
                       Number of splices: GT/AG |	165132
                       Number of splices: GC/AG |	2256
                       Number of splices: AT/AC |	55
               Number of splices: Non-canonical |	151
                      Mismatch rate per base, % |	0.62%
                         Deletion rate per base |	0.04%
                        Deletion average length |	2.13
                        Insertion rate per base |	0.03%
                       Insertion average length |	1.60
                             MULTI-MAPPING READS:
        Number of reads mapped to multiple loci |	137582
             % of reads mapped to multiple loci |	2.37%
        Number of reads mapped to too many loci |	8638
             % of reads mapped to too many loci |	0.15%
                                  UNMAPPED READS:
  Number of reads unmapped: too many mismatches |	7451
       % of reads unmapped: too many mismatches |	0.13%
            Number of reads unmapped: too short |	654676
                 % of reads unmapped: too short |	11.26%
                Number of reads unmapped: other |	57522
                     % of reads unmapped: other |	0.99%
                                  CHIMERIC READS:
                       Number of chimeric reads |	0
                            % of chimeric reads |	0.00%
