                                 Started job on |	Feb 12 22:40:43
                             Started mapping on |	Feb 12 22:40:48
                                    Finished on |	Feb 12 22:41:53
       Mapping speed, Million of reads per hour |	84.27

                          Number of input reads |	1521596
                      Average input read length |	66
                                    UNIQUE READS:
                   Uniquely mapped reads number |	1354586
                        Uniquely mapped reads % |	89.02%
                          Average mapped length |	66.51
                       Number of splices: Total |	36158
            Number of splices: Annotated (sjdb) |	34803
                       Number of splices: GT/AG |	35657
                       Number of splices: GC/AG |	452
                       Number of splices: AT/AC |	16
               Number of splices: Non-canonical |	33
                      Mismatch rate per base, % |	0.56%
                         Deletion rate per base |	0.04%
                        Deletion average length |	2.46
                        Insertion rate per base |	0.02%
                       Insertion average length |	1.68
                             MULTI-MAPPING READS:
        Number of reads mapped to multiple loci |	33962
             % of reads mapped to multiple loci |	2.23%
        Number of reads mapped to too many loci |	2024
             % of reads mapped to too many loci |	0.13%
                                  UNMAPPED READS:
  Number of reads unmapped: too many mismatches |	1241
       % of reads unmapped: too many mismatches |	0.08%
            Number of reads unmapped: too short |	122493
                 % of reads unmapped: too short |	8.05%
                Number of reads unmapped: other |	7290
                     % of reads unmapped: other |	0.48%
                                  CHIMERIC READS:
                       Number of chimeric reads |	0
                            % of chimeric reads |	0.00%
