                                 Started job on |	Feb 12 22:41:52
                             Started mapping on |	Feb 12 22:41:55
                                    Finished on |	Feb 12 22:46:03
       Mapping speed, Million of reads per hour |	80.05

                          Number of input reads |	5514292
                      Average input read length |	70
                                    UNIQUE READS:
                   Uniquely mapped reads number |	4505774
                        Uniquely mapped reads % |	81.71%
                          Average mapped length |	70.29
                       Number of splices: Total |	182827
            Number of splices: Annotated (sjdb) |	171949
                       Number of splices: GT/AG |	180026
                       Number of splices: GC/AG |	2526
                       Number of splices: AT/AC |	99
               Number of splices: Non-canonical |	176
                      Mismatch rate per base, % |	0.60%
                         Deletion rate per base |	0.04%
                        Deletion average length |	1.97
                        Insertion rate per base |	0.04%
                       Insertion average length |	1.88
                             MULTI-MAPPING READS:
        Number of reads mapped to multiple loci |	160307
             % of reads mapped to multiple loci |	2.91%
        Number of reads mapped to too many loci |	10814
             % of reads mapped to too many loci |	0.20%
                                  UNMAPPED READS:
  Number of reads unmapped: too many mismatches |	7833
       % of reads unmapped: too many mismatches |	0.14%
            Number of reads unmapped: too short |	691833
                 % of reads unmapped: too short |	12.55%
                Number of reads unmapped: other |	137731
                     % of reads unmapped: other |	2.50%
                                  CHIMERIC READS:
                       Number of chimeric reads |	0
                            % of chimeric reads |	0.00%
