                                 Started job on |	Feb 12 22:39:34
                             Started mapping on |	Feb 12 22:39:37
                                    Finished on |	Feb 12 22:43:59
       Mapping speed, Million of reads per hour |	94.72

                          Number of input reads |	6893757
                      Average input read length |	69
                                    UNIQUE READS:
                   Uniquely mapped reads number |	5924037
                        Uniquely mapped reads % |	85.93%
                          Average mapped length |	69.33
                       Number of splices: Total |	151162
            Number of splices: Annotated (sjdb) |	144289
                       Number of splices: GT/AG |	148817
                       Number of splices: GC/AG |	1976
                       Number of splices: AT/AC |	92
               Number of splices: Non-canonical |	277
                      Mismatch rate per base, % |	0.51%
                         Deletion rate per base |	0.04%
                        Deletion average length |	2.13
                        Insertion rate per base |	0.03%
                       Insertion average length |	1.81
                             MULTI-MAPPING READS:
        Number of reads mapped to multiple loci |	146073
             % of reads mapped to multiple loci |	2.12%
        Number of reads mapped to too many loci |	9296
             % of reads mapped to too many loci |	0.13%
                                  UNMAPPED READS:
  Number of reads unmapped: too many mismatches |	8226
       % of reads unmapped: too many mismatches |	0.12%
            Number of reads unmapped: too short |	750859
                 % of reads unmapped: too short |	10.89%
                Number of reads unmapped: other |	55266
                     % of reads unmapped: other |	0.80%
                                  CHIMERIC READS:
                       Number of chimeric reads |	0
                            % of chimeric reads |	0.00%
