                                 Started job on |	Feb 12 22:20:02
                             Started mapping on |	Feb 12 22:20:07
                                    Finished on |	Feb 12 22:26:25
       Mapping speed, Million of reads per hour |	74.63

                          Number of input reads |	7836386
                      Average input read length |	64
                                    UNIQUE READS:
                   Uniquely mapped reads number |	5668884
                        Uniquely mapped reads % |	72.34%
                          Average mapped length |	64.51
                       Number of splices: Total |	298399
            Number of splices: Annotated (sjdb) |	288019
                       Number of splices: GT/AG |	294092
                       Number of splices: GC/AG |	4050
                       Number of splices: AT/AC |	123
               Number of splices: Non-canonical |	134
                      Mismatch rate per base, % |	0.65%
                         Deletion rate per base |	0.03%
                        Deletion average length |	1.98
                        Insertion rate per base |	0.03%
                       Insertion average length |	1.96
                             MULTI-MAPPING READS:
        Number of reads mapped to multiple loci |	243287
             % of reads mapped to multiple loci |	3.10%
        Number of reads mapped to too many loci |	29710
             % of reads mapped to too many loci |	0.38%
                                  UNMAPPED READS:
  Number of reads unmapped: too many mismatches |	6030
       % of reads unmapped: too many mismatches |	0.08%
            Number of reads unmapped: too short |	1684092
                 % of reads unmapped: too short |	21.49%
                Number of reads unmapped: other |	204383
                     % of reads unmapped: other |	2.61%
                                  CHIMERIC READS:
                       Number of chimeric reads |	0
                            % of chimeric reads |	0.00%
