                                 Started job on |	Feb 12 22:23:08
                             Started mapping on |	Feb 12 22:23:12
                                    Finished on |	Feb 12 22:24:45
       Mapping speed, Million of reads per hour |	73.46

                          Number of input reads |	1897828
                      Average input read length |	58
                                    UNIQUE READS:
                   Uniquely mapped reads number |	1142814
                        Uniquely mapped reads % |	60.22%
                          Average mapped length |	57.77
                       Number of splices: Total |	92276
            Number of splices: Annotated (sjdb) |	89154
                       Number of splices: GT/AG |	91006
                       Number of splices: GC/AG |	1166
                       Number of splices: AT/AC |	59
               Number of splices: Non-canonical |	45
                      Mismatch rate per base, % |	0.70%
                         Deletion rate per base |	0.03%
                        Deletion average length |	2.07
                        Insertion rate per base |	0.02%
                       Insertion average length |	1.82
                             MULTI-MAPPING READS:
        Number of reads mapped to multiple loci |	65065
             % of reads mapped to multiple loci |	3.43%
        Number of reads mapped to too many loci |	11159
             % of reads mapped to too many loci |	0.59%
                                  UNMAPPED READS:
  Number of reads unmapped: too many mismatches |	1164
       % of reads unmapped: too many mismatches |	0.06%
            Number of reads unmapped: too short |	566325
                 % of reads unmapped: too short |	29.84%
                Number of reads unmapped: other |	111301
                     % of reads unmapped: other |	5.86%
                                  CHIMERIC READS:
                       Number of chimeric reads |	0
                            % of chimeric reads |	0.00%
