                                 Started job on |	Feb 12 22:26:26
                             Started mapping on |	Feb 12 22:26:32
                                    Finished on |	Feb 12 22:30:20
       Mapping speed, Million of reads per hour |	61.50

                          Number of input reads |	3894939
                      Average input read length |	63
                                    UNIQUE READS:
                   Uniquely mapped reads number |	2348091
                        Uniquely mapped reads % |	60.29%
                          Average mapped length |	63.13
                       Number of splices: Total |	190516
            Number of splices: Annotated (sjdb) |	183177
                       Number of splices: GT/AG |	187400
                       Number of splices: GC/AG |	2912
                       Number of splices: AT/AC |	114
               Number of splices: Non-canonical |	90
                      Mismatch rate per base, % |	0.57%
                         Deletion rate per base |	0.03%
                        Deletion average length |	2.26
                        Insertion rate per base |	0.02%
                       Insertion average length |	1.86
                             MULTI-MAPPING READS:
        Number of reads mapped to multiple loci |	117178
             % of reads mapped to multiple loci |	3.01%
        Number of reads mapped to too many loci |	22155
             % of reads mapped to too many loci |	0.57%
                                  UNMAPPED READS:
  Number of reads unmapped: too many mismatches |	6444
       % of reads unmapped: too many mismatches |	0.17%
            Number of reads unmapped: too short |	1271294
                 % of reads unmapped: too short |	32.64%
                Number of reads unmapped: other |	129777
                     % of reads unmapped: other |	3.33%
                                  CHIMERIC READS:
                       Number of chimeric reads |	0
                            % of chimeric reads |	0.00%
