                                 Started job on |	Feb 12 22:32:14
                             Started mapping on |	Feb 12 22:32:18
                                    Finished on |	Feb 12 22:35:08
       Mapping speed, Million of reads per hour |	97.55

                          Number of input reads |	4606668
                      Average input read length |	67
                                    UNIQUE READS:
                   Uniquely mapped reads number |	4144853
                        Uniquely mapped reads % |	89.98%
                          Average mapped length |	67.10
                       Number of splices: Total |	102223
            Number of splices: Annotated (sjdb) |	98132
                       Number of splices: GT/AG |	100784
                       Number of splices: GC/AG |	1296
                       Number of splices: AT/AC |	40
               Number of splices: Non-canonical |	103
                      Mismatch rate per base, % |	0.49%
                         Deletion rate per base |	0.04%
                        Deletion average length |	2.21
                        Insertion rate per base |	0.02%
                       Insertion average length |	1.76
                             MULTI-MAPPING READS:
        Number of reads mapped to multiple loci |	101506
             % of reads mapped to multiple loci |	2.20%
        Number of reads mapped to too many loci |	5292
             % of reads mapped to too many loci |	0.11%
                                  UNMAPPED READS:
  Number of reads unmapped: too many mismatches |	3480
       % of reads unmapped: too many mismatches |	0.08%
            Number of reads unmapped: too short |	334614
                 % of reads unmapped: too short |	7.26%
                Number of reads unmapped: other |	16923
                     % of reads unmapped: other |	0.37%
                                  CHIMERIC READS:
                       Number of chimeric reads |	0
                            % of chimeric reads |	0.00%
