                                 Started job on |	Feb 12 22:36:44
                             Started mapping on |	Feb 12 22:36:48
                                    Finished on |	Feb 12 22:39:47
       Mapping speed, Million of reads per hour |	93.14

                          Number of input reads |	4631274
                      Average input read length |	69
                                    UNIQUE READS:
                   Uniquely mapped reads number |	4242048
                        Uniquely mapped reads % |	91.60%
                          Average mapped length |	69.72
                       Number of splices: Total |	76370
            Number of splices: Annotated (sjdb) |	72551
                       Number of splices: GT/AG |	75121
                       Number of splices: GC/AG |	1145
                       Number of splices: AT/AC |	17
               Number of splices: Non-canonical |	87
                      Mismatch rate per base, % |	0.62%
                         Deletion rate per base |	0.05%
                        Deletion average length |	2.06
                        Insertion rate per base |	0.03%
                       Insertion average length |	1.67
                             MULTI-MAPPING READS:
        Number of reads mapped to multiple loci |	90141
             % of reads mapped to multiple loci |	1.95%
        Number of reads mapped to too many loci |	5902
             % of reads mapped to too many loci |	0.13%
                                  UNMAPPED READS:
  Number of reads unmapped: too many mismatches |	4020
       % of reads unmapped: too many mismatches |	0.09%
            Number of reads unmapped: too short |	268623
                 % of reads unmapped: too short |	5.80%
                Number of reads unmapped: other |	20540
                     % of reads unmapped: other |	0.44%
                                  CHIMERIC READS:
                       Number of chimeric reads |	0
                            % of chimeric reads |	0.00%
