                                 Started job on |	Feb 12 22:46:03
                             Started mapping on |	Feb 12 22:46:07
                                    Finished on |	Feb 12 22:49:46
       Mapping speed, Million of reads per hour |	75.46

                          Number of input reads |	4590566
                      Average input read length |	68
                                    UNIQUE READS:
                   Uniquely mapped reads number |	3206252
                        Uniquely mapped reads % |	69.84%
                          Average mapped length |	67.07
                       Number of splices: Total |	110002
            Number of splices: Annotated (sjdb) |	106138
                       Number of splices: GT/AG |	108364
                       Number of splices: GC/AG |	1434
                       Number of splices: AT/AC |	43
               Number of splices: Non-canonical |	161
                      Mismatch rate per base, % |	0.61%
                         Deletion rate per base |	0.04%
                        Deletion average length |	2.03
                        Insertion rate per base |	0.03%
                       Insertion average length |	1.78
                             MULTI-MAPPING READS:
        Number of reads mapped to multiple loci |	137844
             % of reads mapped to multiple loci |	3.00%
        Number of reads mapped to too many loci |	9470
             % of reads mapped to too many loci |	0.21%
                                  UNMAPPED READS:
  Number of reads unmapped: too many mismatches |	6831
       % of reads unmapped: too many mismatches |	0.15%
            Number of reads unmapped: too short |	1137857
                 % of reads unmapped: too short |	24.79%
                Number of reads unmapped: other |	92312
                     % of reads unmapped: other |	2.01%
                                  CHIMERIC READS:
                       Number of chimeric reads |	0
                            % of chimeric reads |	0.00%
