                                 Started job on |	Feb 12 22:43:54
                             Started mapping on |	Feb 12 22:43:57
                                    Finished on |	Feb 12 22:48:24
       Mapping speed, Million of reads per hour |	75.91

                          Number of input reads |	5629638
                      Average input read length |	70
                                    UNIQUE READS:
                   Uniquely mapped reads number |	4405317
                        Uniquely mapped reads % |	78.25%
                          Average mapped length |	69.70
                       Number of splices: Total |	204407
            Number of splices: Annotated (sjdb) |	197273
                       Number of splices: GT/AG |	201084
                       Number of splices: GC/AG |	3091
                       Number of splices: AT/AC |	72
               Number of splices: Non-canonical |	160
                      Mismatch rate per base, % |	0.63%
                         Deletion rate per base |	0.04%
                        Deletion average length |	2.30
                        Insertion rate per base |	0.02%
                       Insertion average length |	1.60
                             MULTI-MAPPING READS:
        Number of reads mapped to multiple loci |	135900
             % of reads mapped to multiple loci |	2.41%
        Number of reads mapped to too many loci |	9092
             % of reads mapped to too many loci |	0.16%
                                  UNMAPPED READS:
  Number of reads unmapped: too many mismatches |	15567
       % of reads unmapped: too many mismatches |	0.28%
            Number of reads unmapped: too short |	922307
                 % of reads unmapped: too short |	16.38%
                Number of reads unmapped: other |	141455
                     % of reads unmapped: other |	2.51%
                                  CHIMERIC READS:
                       Number of chimeric reads |	0
                            % of chimeric reads |	0.00%
