                                 Started job on |	Feb 12 22:38:24
                             Started mapping on |	Feb 12 22:38:30
                                    Finished on |	Feb 12 22:42:06
       Mapping speed, Million of reads per hour |	83.40

                          Number of input reads |	5004208
                      Average input read length |	70
                                    UNIQUE READS:
                   Uniquely mapped reads number |	4534511
                        Uniquely mapped reads % |	90.61%
                          Average mapped length |	70.14
                       Number of splices: Total |	117426
            Number of splices: Annotated (sjdb) |	111698
                       Number of splices: GT/AG |	115720
                       Number of splices: GC/AG |	1565
                       Number of splices: AT/AC |	40
               Number of splices: Non-canonical |	101
                      Mismatch rate per base, % |	0.57%
                         Deletion rate per base |	0.05%
                        Deletion average length |	2.83
                        Insertion rate per base |	0.04%
                       Insertion average length |	1.95
                             MULTI-MAPPING READS:
        Number of reads mapped to multiple loci |	100638
             % of reads mapped to multiple loci |	2.01%
        Number of reads mapped to too many loci |	5529
             % of reads mapped to too many loci |	0.11%
                                  UNMAPPED READS:
  Number of reads unmapped: too many mismatches |	3968
       % of reads unmapped: too many mismatches |	0.08%
            Number of reads unmapped: too short |	339063
                 % of reads unmapped: too short |	6.78%
                Number of reads unmapped: other |	20499
                     % of reads unmapped: other |	0.41%
                                  CHIMERIC READS:
                       Number of chimeric reads |	0
                            % of chimeric reads |	0.00%
