                                 Started job on |	Feb 12 22:38:55
                             Started mapping on |	Feb 12 22:38:58
                                    Finished on |	Feb 12 22:42:56
       Mapping speed, Million of reads per hour |	86.79

                          Number of input reads |	5737631
                      Average input read length |	69
                                    UNIQUE READS:
                   Uniquely mapped reads number |	4774020
                        Uniquely mapped reads % |	83.21%
                          Average mapped length |	69.74
                       Number of splices: Total |	162269
            Number of splices: Annotated (sjdb) |	151467
                       Number of splices: GT/AG |	159830
                       Number of splices: GC/AG |	2242
                       Number of splices: AT/AC |	63
               Number of splices: Non-canonical |	134
                      Mismatch rate per base, % |	0.58%
                         Deletion rate per base |	0.04%
                        Deletion average length |	2.20
                        Insertion rate per base |	0.03%
                       Insertion average length |	1.59
                             MULTI-MAPPING READS:
        Number of reads mapped to multiple loci |	135182
             % of reads mapped to multiple loci |	2.36%
        Number of reads mapped to too many loci |	6078
             % of reads mapped to too many loci |	0.11%
                                  UNMAPPED READS:
  Number of reads unmapped: too many mismatches |	8781
       % of reads unmapped: too many mismatches |	0.15%
            Number of reads unmapped: too short |	699706
                 % of reads unmapped: too short |	12.20%
                Number of reads unmapped: other |	113864
                     % of reads unmapped: other |	1.98%
                                  CHIMERIC READS:
                       Number of chimeric reads |	0
                            % of chimeric reads |	0.00%
