                                 Started job on |	Feb 12 22:38:59
                             Started mapping on |	Feb 12 22:39:04
                                    Finished on |	Feb 12 22:39:22
       Mapping speed, Million of reads per hour |	26.09

                          Number of input reads |	130438
                      Average input read length |	65
                                    UNIQUE READS:
                   Uniquely mapped reads number |	90655
                        Uniquely mapped reads % |	69.50%
                          Average mapped length |	65.67
                       Number of splices: Total |	2722
            Number of splices: Annotated (sjdb) |	2617
                       Number of splices: GT/AG |	2683
                       Number of splices: GC/AG |	36
                       Number of splices: AT/AC |	1
               Number of splices: Non-canonical |	2
                      Mismatch rate per base, % |	0.61%
                         Deletion rate per base |	0.04%
                        Deletion average length |	2.23
                        Insertion rate per base |	0.03%
                       Insertion average length |	1.80
                             MULTI-MAPPING READS:
        Number of reads mapped to multiple loci |	3229
             % of reads mapped to multiple loci |	2.48%
        Number of reads mapped to too many loci |	248
             % of reads mapped to too many loci |	0.19%
                                  UNMAPPED READS:
  Number of reads unmapped: too many mismatches |	91
       % of reads unmapped: too many mismatches |	0.07%
            Number of reads unmapped: too short |	33385
                 % of reads unmapped: too short |	25.59%
                Number of reads unmapped: other |	2830
                     % of reads unmapped: other |	2.17%
                                  CHIMERIC READS:
                       Number of chimeric reads |	0
                            % of chimeric reads |	0.00%
