                                 Started job on |	Feb 12 22:41:16
                             Started mapping on |	Feb 12 22:41:20
                                    Finished on |	Feb 12 22:45:13
       Mapping speed, Million of reads per hour |	80.80

                          Number of input reads |	5229657
                      Average input read length |	68
                                    UNIQUE READS:
                   Uniquely mapped reads number |	3658638
                        Uniquely mapped reads % |	69.96%
                          Average mapped length |	68.23
                       Number of splices: Total |	158649
            Number of splices: Annotated (sjdb) |	153163
                       Number of splices: GT/AG |	156312
                       Number of splices: GC/AG |	2124
                       Number of splices: AT/AC |	102
               Number of splices: Non-canonical |	111
                      Mismatch rate per base, % |	0.58%
                         Deletion rate per base |	0.04%
                        Deletion average length |	2.25
                        Insertion rate per base |	0.03%
                       Insertion average length |	1.74
                             MULTI-MAPPING READS:
        Number of reads mapped to multiple loci |	126522
             % of reads mapped to multiple loci |	2.42%
        Number of reads mapped to too many loci |	8913
             % of reads mapped to too many loci |	0.17%
                                  UNMAPPED READS:
  Number of reads unmapped: too many mismatches |	6707
       % of reads unmapped: too many mismatches |	0.13%
            Number of reads unmapped: too short |	1165945
                 % of reads unmapped: too short |	22.29%
                Number of reads unmapped: other |	262932
                     % of reads unmapped: other |	5.03%
                                  CHIMERIC READS:
                       Number of chimeric reads |	0
                            % of chimeric reads |	0.00%
