                                 Started job on |	Feb 12 22:39:40
                             Started mapping on |	Feb 12 22:39:44
                                    Finished on |	Feb 12 22:43:00
       Mapping speed, Million of reads per hour |	97.20

                          Number of input reads |	5292008
                      Average input read length |	70
                                    UNIQUE READS:
                   Uniquely mapped reads number |	4666723
                        Uniquely mapped reads % |	88.18%
                          Average mapped length |	70.39
                       Number of splices: Total |	144413
            Number of splices: Annotated (sjdb) |	133022
                       Number of splices: GT/AG |	142403
                       Number of splices: GC/AG |	1850
                       Number of splices: AT/AC |	75
               Number of splices: Non-canonical |	85
                      Mismatch rate per base, % |	0.57%
                         Deletion rate per base |	0.04%
                        Deletion average length |	2.16
                        Insertion rate per base |	0.04%
                       Insertion average length |	1.84
                             MULTI-MAPPING READS:
        Number of reads mapped to multiple loci |	137564
             % of reads mapped to multiple loci |	2.60%
        Number of reads mapped to too many loci |	5536
             % of reads mapped to too many loci |	0.10%
                                  UNMAPPED READS:
  Number of reads unmapped: too many mismatches |	7821
       % of reads unmapped: too many mismatches |	0.15%
            Number of reads unmapped: too short |	420992
                 % of reads unmapped: too short |	7.96%
                Number of reads unmapped: other |	53372
                     % of reads unmapped: other |	1.01%
                                  CHIMERIC READS:
                       Number of chimeric reads |	0
                            % of chimeric reads |	0.00%
