                                 Started job on |	Feb 12 22:21:31
                             Started mapping on |	Feb 12 22:21:36
                                    Finished on |	Feb 12 22:23:24
       Mapping speed, Million of reads per hour |	66.10

                          Number of input reads |	1983077
                      Average input read length |	57
                                    UNIQUE READS:
                   Uniquely mapped reads number |	1293362
                        Uniquely mapped reads % |	65.22%
                          Average mapped length |	57.62
                       Number of splices: Total |	81294
            Number of splices: Annotated (sjdb) |	78333
                       Number of splices: GT/AG |	80072
                       Number of splices: GC/AG |	1126
                       Number of splices: AT/AC |	47
               Number of splices: Non-canonical |	49
                      Mismatch rate per base, % |	0.66%
                         Deletion rate per base |	0.03%
                        Deletion average length |	2.00
                        Insertion rate per base |	0.02%
                       Insertion average length |	1.86
                             MULTI-MAPPING READS:
        Number of reads mapped to multiple loci |	63983
             % of reads mapped to multiple loci |	3.23%
        Number of reads mapped to too many loci |	10243
             % of reads mapped to too many loci |	0.52%
                                  UNMAPPED READS:
  Number of reads unmapped: too many mismatches |	1101
       % of reads unmapped: too many mismatches |	0.06%
            Number of reads unmapped: too short |	494417
                 % of reads unmapped: too short |	24.93%
                Number of reads unmapped: other |	119971
                     % of reads unmapped: other |	6.05%
                                  CHIMERIC READS:
                       Number of chimeric reads |	0
                            % of chimeric reads |	0.00%
