                                 Started job on |	Feb 12 22:32:52
                             Started mapping on |	Feb 12 22:32:55
                                    Finished on |	Feb 12 22:37:23
       Mapping speed, Million of reads per hour |	83.27

                          Number of input reads |	6198901
                      Average input read length |	68
                                    UNIQUE READS:
                   Uniquely mapped reads number |	4477966
                        Uniquely mapped reads % |	72.24%
                          Average mapped length |	67.57
                       Number of splices: Total |	141255
            Number of splices: Annotated (sjdb) |	135531
                       Number of splices: GT/AG |	139134
                       Number of splices: GC/AG |	1962
                       Number of splices: AT/AC |	40
               Number of splices: Non-canonical |	119
                      Mismatch rate per base, % |	0.65%
                         Deletion rate per base |	0.05%
                        Deletion average length |	2.17
                        Insertion rate per base |	0.03%
                       Insertion average length |	1.72
                             MULTI-MAPPING READS:
        Number of reads mapped to multiple loci |	194129
             % of reads mapped to multiple loci |	3.13%
        Number of reads mapped to too many loci |	9940
             % of reads mapped to too many loci |	0.16%
                                  UNMAPPED READS:
  Number of reads unmapped: too many mismatches |	4557
       % of reads unmapped: too many mismatches |	0.07%
            Number of reads unmapped: too short |	1390272
                 % of reads unmapped: too short |	22.43%
                Number of reads unmapped: other |	122037
                     % of reads unmapped: other |	1.97%
                                  CHIMERIC READS:
                       Number of chimeric reads |	0
                            % of chimeric reads |	0.00%
