                                 Started job on |	Feb 12 22:32:41
                             Started mapping on |	Feb 12 22:32:46
                                    Finished on |	Feb 12 22:36:44
       Mapping speed, Million of reads per hour |	95.07

                          Number of input reads |	6285036
                      Average input read length |	69
                                    UNIQUE READS:
                   Uniquely mapped reads number |	5705134
                        Uniquely mapped reads % |	90.77%
                          Average mapped length |	68.99
                       Number of splices: Total |	105781
            Number of splices: Annotated (sjdb) |	99218
                       Number of splices: GT/AG |	104339
                       Number of splices: GC/AG |	1243
                       Number of splices: AT/AC |	44
               Number of splices: Non-canonical |	155
                      Mismatch rate per base, % |	0.59%
                         Deletion rate per base |	0.05%
                        Deletion average length |	2.14
                        Insertion rate per base |	0.03%
                       Insertion average length |	1.85
                             MULTI-MAPPING READS:
        Number of reads mapped to multiple loci |	136404
             % of reads mapped to multiple loci |	2.17%
        Number of reads mapped to too many loci |	7662
             % of reads mapped to too many loci |	0.12%
                                  UNMAPPED READS:
  Number of reads unmapped: too many mismatches |	5844
       % of reads unmapped: too many mismatches |	0.09%
            Number of reads unmapped: too short |	401784
                 % of reads unmapped: too short |	6.39%
                Number of reads unmapped: other |	28208
                     % of reads unmapped: other |	0.45%
                                  CHIMERIC READS:
                       Number of chimeric reads |	0
                            % of chimeric reads |	0.00%
