                                 Started job on |	Feb 12 22:35:14
                             Started mapping on |	Feb 12 22:35:19
                                    Finished on |	Feb 12 22:38:23
       Mapping speed, Million of reads per hour |	87.92

                          Number of input reads |	4493643
                      Average input read length |	70
                                    UNIQUE READS:
                   Uniquely mapped reads number |	4063803
                        Uniquely mapped reads % |	90.43%
                          Average mapped length |	70.47
                       Number of splices: Total |	89519
            Number of splices: Annotated (sjdb) |	83977
                       Number of splices: GT/AG |	88192
                       Number of splices: GC/AG |	1132
                       Number of splices: AT/AC |	53
               Number of splices: Non-canonical |	142
                      Mismatch rate per base, % |	0.50%
                         Deletion rate per base |	0.05%
                        Deletion average length |	2.11
                        Insertion rate per base |	0.03%
                       Insertion average length |	1.82
                             MULTI-MAPPING READS:
        Number of reads mapped to multiple loci |	91288
             % of reads mapped to multiple loci |	2.03%
        Number of reads mapped to too many loci |	5069
             % of reads mapped to too many loci |	0.11%
                                  UNMAPPED READS:
  Number of reads unmapped: too many mismatches |	4899
       % of reads unmapped: too many mismatches |	0.11%
            Number of reads unmapped: too short |	309997
                 % of reads unmapped: too short |	6.90%
                Number of reads unmapped: other |	18587
                     % of reads unmapped: other |	0.41%
                                  CHIMERIC READS:
                       Number of chimeric reads |	0
                            % of chimeric reads |	0.00%
