                                 Started job on |	Feb 12 22:23:12
                             Started mapping on |	Feb 12 22:23:17
                                    Finished on |	Feb 12 22:28:45
       Mapping speed, Million of reads per hour |	71.16

                          Number of input reads |	6483527
                      Average input read length |	64
                                    UNIQUE READS:
                   Uniquely mapped reads number |	4462911
                        Uniquely mapped reads % |	68.83%
                          Average mapped length |	64.56
                       Number of splices: Total |	280661
            Number of splices: Annotated (sjdb) |	271476
                       Number of splices: GT/AG |	276566
                       Number of splices: GC/AG |	3847
                       Number of splices: AT/AC |	134
               Number of splices: Non-canonical |	114
                      Mismatch rate per base, % |	0.66%
                         Deletion rate per base |	0.03%
                        Deletion average length |	1.87
                        Insertion rate per base |	0.03%
                       Insertion average length |	1.99
                             MULTI-MAPPING READS:
        Number of reads mapped to multiple loci |	198054
             % of reads mapped to multiple loci |	3.05%
        Number of reads mapped to too many loci |	26093
             % of reads mapped to too many loci |	0.40%
                                  UNMAPPED READS:
  Number of reads unmapped: too many mismatches |	6412
       % of reads unmapped: too many mismatches |	0.10%
            Number of reads unmapped: too short |	1528240
                 % of reads unmapped: too short |	23.57%
                Number of reads unmapped: other |	261817
                     % of reads unmapped: other |	4.04%
                                  CHIMERIC READS:
                       Number of chimeric reads |	0
                            % of chimeric reads |	0.00%
