                                 Started job on |	Feb 12 22:49:13
                             Started mapping on |	Feb 12 22:49:19
                                    Finished on |	Feb 12 22:49:25
       Mapping speed, Million of reads per hour |	26.68

                          Number of input reads |	44467
                      Average input read length |	66
                                    UNIQUE READS:
                   Uniquely mapped reads number |	29876
                        Uniquely mapped reads % |	67.19%
                          Average mapped length |	66.94
                       Number of splices: Total |	1068
            Number of splices: Annotated (sjdb) |	1026
                       Number of splices: GT/AG |	1048
                       Number of splices: GC/AG |	19
                       Number of splices: AT/AC |	1
               Number of splices: Non-canonical |	0
                      Mismatch rate per base, % |	0.65%
                         Deletion rate per base |	0.04%
                        Deletion average length |	2.27
                        Insertion rate per base |	0.03%
                       Insertion average length |	1.73
                             MULTI-MAPPING READS:
        Number of reads mapped to multiple loci |	1226
             % of reads mapped to multiple loci |	2.76%
        Number of reads mapped to too many loci |	103
             % of reads mapped to too many loci |	0.23%
                                  UNMAPPED READS:
  Number of reads unmapped: too many mismatches |	41
       % of reads unmapped: too many mismatches |	0.09%
            Number of reads unmapped: too short |	12662
                 % of reads unmapped: too short |	28.48%
                Number of reads unmapped: other |	559
                     % of reads unmapped: other |	1.26%
                                  CHIMERIC READS:
                       Number of chimeric reads |	0
                            % of chimeric reads |	0.00%
