                                 Started job on |	Feb 12 22:48:13
                             Started mapping on |	Feb 12 22:48:43
                                    Finished on |	Feb 12 22:53:13
       Mapping speed, Million of reads per hour |	78.55

                          Number of input reads |	5891550
                      Average input read length |	68
                                    UNIQUE READS:
                   Uniquely mapped reads number |	4416926
                        Uniquely mapped reads % |	74.97%
                          Average mapped length |	68.45
                       Number of splices: Total |	189021
            Number of splices: Annotated (sjdb) |	181202
                       Number of splices: GT/AG |	186138
                       Number of splices: GC/AG |	2665
                       Number of splices: AT/AC |	70
               Number of splices: Non-canonical |	148
                      Mismatch rate per base, % |	0.64%
                         Deletion rate per base |	0.05%
                        Deletion average length |	2.50
                        Insertion rate per base |	0.03%
                       Insertion average length |	1.58
                             MULTI-MAPPING READS:
        Number of reads mapped to multiple loci |	164618
             % of reads mapped to multiple loci |	2.79%
        Number of reads mapped to too many loci |	11529
             % of reads mapped to too many loci |	0.20%
                                  UNMAPPED READS:
  Number of reads unmapped: too many mismatches |	11638
       % of reads unmapped: too many mismatches |	0.20%
            Number of reads unmapped: too short |	1160792
                 % of reads unmapped: too short |	19.70%
                Number of reads unmapped: other |	126047
                     % of reads unmapped: other |	2.14%
                                  CHIMERIC READS:
                       Number of chimeric reads |	0
                            % of chimeric reads |	0.00%
