                                 Started job on |	Feb 12 22:51:01
                             Started mapping on |	Feb 12 22:51:05
                                    Finished on |	Feb 12 22:54:45
       Mapping speed, Million of reads per hour |	107.29

                          Number of input reads |	6556810
                      Average input read length |	70
                                    UNIQUE READS:
                   Uniquely mapped reads number |	5733542
                        Uniquely mapped reads % |	87.44%
                          Average mapped length |	70.28
                       Number of splices: Total |	162496
            Number of splices: Annotated (sjdb) |	154635
                       Number of splices: GT/AG |	159810
                       Number of splices: GC/AG |	2468
                       Number of splices: AT/AC |	72
               Number of splices: Non-canonical |	146
                      Mismatch rate per base, % |	0.57%
                         Deletion rate per base |	0.04%
                        Deletion average length |	2.01
                        Insertion rate per base |	0.04%
                       Insertion average length |	1.85
                             MULTI-MAPPING READS:
        Number of reads mapped to multiple loci |	175923
             % of reads mapped to multiple loci |	2.68%
        Number of reads mapped to too many loci |	6592
             % of reads mapped to too many loci |	0.10%
                                  UNMAPPED READS:
  Number of reads unmapped: too many mismatches |	5000
       % of reads unmapped: too many mismatches |	0.08%
            Number of reads unmapped: too short |	598999
                 % of reads unmapped: too short |	9.14%
                Number of reads unmapped: other |	36754
                     % of reads unmapped: other |	0.56%
                                  CHIMERIC READS:
                       Number of chimeric reads |	0
                            % of chimeric reads |	0.00%
