                                 Started job on |	Feb 12 22:50:33
                             Started mapping on |	Feb 12 22:50:36
                                    Finished on |	Feb 12 22:53:48
       Mapping speed, Million of reads per hour |	92.26

                          Number of input reads |	4920329
                      Average input read length |	70
                                    UNIQUE READS:
                   Uniquely mapped reads number |	4097186
                        Uniquely mapped reads % |	83.27%
                          Average mapped length |	69.77
                       Number of splices: Total |	140110
            Number of splices: Annotated (sjdb) |	132371
                       Number of splices: GT/AG |	137800
                       Number of splices: GC/AG |	2102
                       Number of splices: AT/AC |	78
               Number of splices: Non-canonical |	130
                      Mismatch rate per base, % |	0.60%
                         Deletion rate per base |	0.04%
                        Deletion average length |	2.06
                        Insertion rate per base |	0.04%
                       Insertion average length |	2.01
                             MULTI-MAPPING READS:
        Number of reads mapped to multiple loci |	144646
             % of reads mapped to multiple loci |	2.94%
        Number of reads mapped to too many loci |	7832
             % of reads mapped to too many loci |	0.16%
                                  UNMAPPED READS:
  Number of reads unmapped: too many mismatches |	5255
       % of reads unmapped: too many mismatches |	0.11%
            Number of reads unmapped: too short |	611057
                 % of reads unmapped: too short |	12.42%
                Number of reads unmapped: other |	54353
                     % of reads unmapped: other |	1.10%
                                  CHIMERIC READS:
                       Number of chimeric reads |	0
                            % of chimeric reads |	0.00%
