                                 Started job on |	Feb 12 22:50:08
                             Started mapping on |	Feb 12 22:50:13
                                    Finished on |	Feb 12 22:53:41
       Mapping speed, Million of reads per hour |	94.47

                          Number of input reads |	5458414
                      Average input read length |	69
                                    UNIQUE READS:
                   Uniquely mapped reads number |	4584865
                        Uniquely mapped reads % |	84.00%
                          Average mapped length |	69.15
                       Number of splices: Total |	152464
            Number of splices: Annotated (sjdb) |	145957
                       Number of splices: GT/AG |	150119
                       Number of splices: GC/AG |	2155
                       Number of splices: AT/AC |	63
               Number of splices: Non-canonical |	127
                      Mismatch rate per base, % |	0.58%
                         Deletion rate per base |	0.04%
                        Deletion average length |	2.08
                        Insertion rate per base |	0.04%
                       Insertion average length |	1.95
                             MULTI-MAPPING READS:
        Number of reads mapped to multiple loci |	149851
             % of reads mapped to multiple loci |	2.75%
        Number of reads mapped to too many loci |	7523
             % of reads mapped to too many loci |	0.14%
                                  UNMAPPED READS:
  Number of reads unmapped: too many mismatches |	4456
       % of reads unmapped: too many mismatches |	0.08%
            Number of reads unmapped: too short |	662556
                 % of reads unmapped: too short |	12.14%
                Number of reads unmapped: other |	49163
                     % of reads unmapped: other |	0.90%
                                  CHIMERIC READS:
                       Number of chimeric reads |	0
                            % of chimeric reads |	0.00%
