                                 Started job on |	Feb 12 22:51:41
                             Started mapping on |	Feb 12 22:51:45
                                    Finished on |	Feb 12 22:55:10
       Mapping speed, Million of reads per hour |	108.61

                          Number of input reads |	6184983
                      Average input read length |	70
                                    UNIQUE READS:
                   Uniquely mapped reads number |	5278916
                        Uniquely mapped reads % |	85.35%
                          Average mapped length |	69.95
                       Number of splices: Total |	157319
            Number of splices: Annotated (sjdb) |	149152
                       Number of splices: GT/AG |	154857
                       Number of splices: GC/AG |	2264
                       Number of splices: AT/AC |	78
               Number of splices: Non-canonical |	120
                      Mismatch rate per base, % |	0.58%
                         Deletion rate per base |	0.04%
                        Deletion average length |	1.92
                        Insertion rate per base |	0.04%
                       Insertion average length |	2.01
                             MULTI-MAPPING READS:
        Number of reads mapped to multiple loci |	173829
             % of reads mapped to multiple loci |	2.81%
        Number of reads mapped to too many loci |	7286
             % of reads mapped to too many loci |	0.12%
                                  UNMAPPED READS:
  Number of reads unmapped: too many mismatches |	5650
       % of reads unmapped: too many mismatches |	0.09%
            Number of reads unmapped: too short |	675317
                 % of reads unmapped: too short |	10.92%
                Number of reads unmapped: other |	43985
                     % of reads unmapped: other |	0.71%
                                  CHIMERIC READS:
                       Number of chimeric reads |	0
                            % of chimeric reads |	0.00%
