                                 Started job on |	Feb 12 22:49:57
                             Started mapping on |	Feb 12 22:50:02
                                    Finished on |	Feb 12 22:54:26
       Mapping speed, Million of reads per hour |	93.45

                          Number of input reads |	6852861
                      Average input read length |	70
                                    UNIQUE READS:
                   Uniquely mapped reads number |	5997913
                        Uniquely mapped reads % |	87.52%
                          Average mapped length |	70.03
                       Number of splices: Total |	198314
            Number of splices: Annotated (sjdb) |	189938
                       Number of splices: GT/AG |	195162
                       Number of splices: GC/AG |	2883
                       Number of splices: AT/AC |	74
               Number of splices: Non-canonical |	195
                      Mismatch rate per base, % |	0.56%
                         Deletion rate per base |	0.05%
                        Deletion average length |	2.31
                        Insertion rate per base |	0.03%
                       Insertion average length |	1.54
                             MULTI-MAPPING READS:
        Number of reads mapped to multiple loci |	157047
             % of reads mapped to multiple loci |	2.29%
        Number of reads mapped to too many loci |	8715
             % of reads mapped to too many loci |	0.13%
                                  UNMAPPED READS:
  Number of reads unmapped: too many mismatches |	8999
       % of reads unmapped: too many mismatches |	0.13%
            Number of reads unmapped: too short |	625761
                 % of reads unmapped: too short |	9.13%
                Number of reads unmapped: other |	54426
                     % of reads unmapped: other |	0.79%
                                  CHIMERIC READS:
                       Number of chimeric reads |	0
                            % of chimeric reads |	0.00%
