                                 Started job on |	Feb 12 22:49:48
                             Started mapping on |	Feb 12 22:49:53
                                    Finished on |	Feb 12 22:49:55
       Mapping speed, Million of reads per hour |	30.19

                          Number of input reads |	16774
                      Average input read length |	66
                                    UNIQUE READS:
                   Uniquely mapped reads number |	9906
                        Uniquely mapped reads % |	59.06%
                          Average mapped length |	67.24
                       Number of splices: Total |	372
            Number of splices: Annotated (sjdb) |	355
                       Number of splices: GT/AG |	366
                       Number of splices: GC/AG |	6
                       Number of splices: AT/AC |	0
               Number of splices: Non-canonical |	0
                      Mismatch rate per base, % |	0.80%
                         Deletion rate per base |	0.04%
                        Deletion average length |	2.13
                        Insertion rate per base |	0.03%
                       Insertion average length |	1.87
                             MULTI-MAPPING READS:
        Number of reads mapped to multiple loci |	602
             % of reads mapped to multiple loci |	3.59%
        Number of reads mapped to too many loci |	41
             % of reads mapped to too many loci |	0.24%
                                  UNMAPPED READS:
  Number of reads unmapped: too many mismatches |	20
       % of reads unmapped: too many mismatches |	0.12%
            Number of reads unmapped: too short |	5913
                 % of reads unmapped: too short |	35.25%
                Number of reads unmapped: other |	292
                     % of reads unmapped: other |	1.74%
                                  CHIMERIC READS:
                       Number of chimeric reads |	0
                            % of chimeric reads |	0.00%
